Sep 16 00:49:30 syslogd started: BusyBox v1.20.2
Sep 16 00:49:30 kernel: klogd started: BusyBox v1.20.2 (Ubuntu 1:1.20.0-8ubuntu1)
Sep 16 00:49:30 kernel: [    0.000000] Initializing cgroup subsys cpuset
Sep 16 00:49:30 kernel: [    0.000000] Initializing cgroup subsys cpu
Sep 16 00:49:30 kernel: [    0.000000] Linux version 3.8.0-19-generic (buildd@panlong) (gcc version 4.7.3 (Ubuntu/Linaro 4.7.3-1ubuntu1) ) #29-Ubuntu SMP Wed Apr 17 18:19:42 UTC 2013 (Ubuntu 3.8.0-19.29-generic 3.8.8)
Sep 16 00:49:30 kernel: [    0.000000] KERNEL supported cpus:
Sep 16 00:49:30 kernel: [    0.000000]   Intel GenuineIntel
Sep 16 00:49:30 kernel: [    0.000000]   AMD AuthenticAMD
Sep 16 00:49:30 kernel: [    0.000000]   NSC Geode by NSC
Sep 16 00:49:30 kernel: [    0.000000]   Cyrix CyrixInstead
Sep 16 00:49:30 kernel: [    0.000000]   Centaur CentaurHauls
Sep 16 00:49:30 kernel: [    0.000000]   Transmeta GenuineTMx86
Sep 16 00:49:30 kernel: [    0.000000]   Transmeta TransmetaCPU
Sep 16 00:49:30 kernel: [    0.000000]   UMC UMC UMC UMC
Sep 16 00:49:30 kernel: [    0.000000] e820: BIOS-provided physical RAM map:
Sep 16 00:49:30 kernel: [    0.000000] BIOS-e820: [mem 0x0000000000000000-0x000000000009c7ff] usable
Sep 16 00:49:30 kernel: [    0.000000] BIOS-e820: [mem 0x000000000009c800-0x000000000009ffff] reserved
Sep 16 00:49:30 kernel: [    0.000000] BIOS-e820: [mem 0x00000000000e0000-0x00000000000fffff] reserved
Sep 16 00:49:30 kernel: [    0.000000] BIOS-e820: [mem 0x0000000000100000-0x00000000dd65afff] usable
Sep 16 00:49:30 kernel: [    0.000000] BIOS-e820: [mem 0x00000000dd65b000-0x00000000dd70cfff] reserved
Sep 16 00:49:30 kernel: [    0.000000] BIOS-e820: [mem 0x00000000dd70d000-0x00000000dd824fff] ACPI NVS
Sep 16 00:49:30 kernel: [    0.000000] BIOS-e820: [mem 0x00000000dd825000-0x00000000dede4fff] reserved
Sep 16 00:49:30 kernel: [    0.000000] BIOS-e820: [mem 0x00000000dede5000-0x00000000dede5fff] usable
Sep 16 00:49:30 kernel: [    0.000000] BIOS-e820: [mem 0x00000000dede6000-0x00000000dee28fff] ACPI NVS
Sep 16 00:49:30 kernel: [    0.000000] BIOS-e820: [mem 0x00000000dee29000-0x00000000df7fffff] usable
Sep 16 00:49:30 kernel: [    0.000000] BIOS-e820: [mem 0x00000000f0000000-0x00000000f7ffffff] reserved
Sep 16 00:49:30 kernel: [    0.000000] BIOS-e820: [mem 0x00000000fec00000-0x00000000fec00fff] reserved
Sep 16 00:49:30 kernel: [    0.000000] BIOS-e820: [mem 0x00000000fed00000-0x00000000fed03fff] reserved
Sep 16 00:49:30 kernel: [    0.000000] BIOS-e820: [mem 0x00000000fed1c000-0x00000000fed1ffff] reserved
Sep 16 00:49:30 kernel: [    0.000000] BIOS-e820: [mem 0x00000000fee00000-0x00000000fee00fff] reserved
Sep 16 00:49:30 kernel: [    0.000000] BIOS-e820: [mem 0x00000000ff000000-0x00000000ffffffff] reserved
Sep 16 00:49:30 kernel: [    0.000000] BIOS-e820: [mem 0x0000000100000000-0x000000049fffffff] usable
Sep 16 00:49:30 kernel: [    0.000000] NX (Execute Disable) protection: active
Sep 16 00:49:30 kernel: [    0.000000] SMBIOS 2.7 present.
Sep 16 00:49:30 kernel: [    0.000000] DMI: FUJITSU PRIMERGY RX100 S7p/D3034-B1, BIOS V4.6.5.3 R1.20.0 for D3034-B1x 10/29/2012
Sep 16 00:49:30 kernel: [    0.000000] e820: update [mem 0x00000000-0x0000ffff] usable ==> reserved
Sep 16 00:49:30 kernel: [    0.000000] e820: remove [mem 0x000a0000-0x000fffff] usable
Sep 16 00:49:30 kernel: [    0.000000] e820: last_pfn = 0x4a0000 max_arch_pfn = 0x1000000
Sep 16 00:49:30 kernel: [    0.000000] MTRR default type: uncachable
Sep 16 00:49:30 kernel: [    0.000000] MTRR fixed ranges enabled:
Sep 16 00:49:30 kernel: [    0.000000]   00000-9FFFF write-back
Sep 16 00:49:30 kernel: [    0.000000]   A0000-BFFFF uncachable
Sep 16 00:49:30 kernel: [    0.000000]   C0000-CBFFF write-protect
Sep 16 00:49:30 kernel: [    0.000000]   CC000-E7FFF uncachable
Sep 16 00:49:30 kernel: [    0.000000]   E8000-FFFFF write-protect
Sep 16 00:49:30 kernel: [    0.000000] MTRR variable ranges enabled:
Sep 16 00:49:30 kernel: [    0.000000]   0 base 000000000 mask C00000000 write-back
Sep 16 00:49:30 kernel: [    0.000000]   1 base 400000000 mask F80000000 write-back
Sep 16 00:49:30 kernel: [    0.000000]   2 base 480000000 mask FE0000000 write-back
Sep 16 00:49:30 kernel: [    0.000000]   3 base 0E0000000 mask FE0000000 uncachable
Sep 16 00:49:30 kernel: [    0.000000]   4 disabled
Sep 16 00:49:30 kernel: [    0.000000]   5 disabled
Sep 16 00:49:30 kernel: [    0.000000]   6 disabled
Sep 16 00:49:30 kernel: [    0.000000]   7 disabled
Sep 16 00:49:30 kernel: [    0.000000]   8 disabled
Sep 16 00:49:30 kernel: [    0.000000]   9 disabled
Sep 16 00:49:30 kernel: [    0.000000] x86 PAT enabled: cpu 0, old 0x7040600070406, new 0x7010600070106
Sep 16 00:49:30 kernel: [    0.000000] original variable MTRRs
Sep 16 00:49:30 kernel: [    0.000000] reg 0, base: 0GB, range: 16GB, type WB
Sep 16 00:49:30 kernel: [    0.000000] reg 1, base: 16GB, range: 2GB, type WB
Sep 16 00:49:30 kernel: [    0.000000] reg 2, base: 18GB, range: 512MB, type WB
Sep 16 00:49:30 kernel: [    0.000000] reg 3, base: 3584MB, range: 512MB, type UC
Sep 16 00:49:30 kernel: [    0.000000] total RAM covered: 18432M
Sep 16 00:49:30 kernel: [    0.000000] Found optimal setting for mtrr clean up
Sep 16 00:49:30 kernel: [    0.000000]  gran_size: 64K 	chunk_size: 64K 	num_reg: 7  	lose cover RAM: 0G
Sep 16 00:49:30 kernel: [    0.000000] New variable MTRRs
Sep 16 00:49:30 kernel: [    0.000000] reg 0, base: 0GB, range: 2GB, type WB
Sep 16 00:49:30 kernel: [    0.000000] reg 1, base: 2GB, range: 1GB, type WB
Sep 16 00:49:30 kernel: [    0.000000] reg 2, base: 3GB, range: 512MB, type WB
Sep 16 00:49:30 kernel: [    0.000000] reg 3, base: 4GB, range: 4GB, type WB
Sep 16 00:49:30 kernel: [    0.000000] reg 4, base: 8GB, range: 8GB, type WB
Sep 16 00:49:30 kernel: [    0.000000] reg 5, base: 16GB, range: 2GB, type WB
Sep 16 00:49:30 kernel: [    0.000000] reg 6, base: 18GB, range: 512MB, type WB
Sep 16 00:49:30 kernel: [    0.000000] e820: update [mem 0xe0000000-0xffffffff] usable ==> reserved
Sep 16 00:49:30 kernel: [    0.000000] found SMP MP-table at [mem 0x000fdcf0-0x000fdcff] mapped at [c00fdcf0]
Sep 16 00:49:30 kernel: [    0.000000] initial memory mapped: [mem 0x00000000-0x01ffffff]
Sep 16 00:49:30 kernel: [    0.000000] Base memory trampoline at [c0098000] 98000 size 16384
Sep 16 00:49:30 kernel: [    0.000000] init_memory_mapping: [mem 0x00000000-0x37bfdfff]
Sep 16 00:49:30 kernel: [    0.000000]  [mem 0x00000000-0x001fffff] page 4k
Sep 16 00:49:30 kernel: [    0.000000]  [mem 0x00200000-0x379fffff] page 2M
Sep 16 00:49:30 kernel: [    0.000000]  [mem 0x37a00000-0x37bfdfff] page 4k
Sep 16 00:49:30 kernel: [    0.000000] kernel direct mapping tables up to 0x37bfdfff @ [mem 0x01ffa000-0x01ffffff]
Sep 16 00:49:30 kernel: [    0.000000] RAMDISK: [mem 0x7f9a7000-0x7fffefff]
Sep 16 00:49:30 kernel: [    0.000000] Allocated new RAMDISK: [mem 0x375a6000-0x37bfd543]
Sep 16 00:49:30 kernel: [    0.000000] Move RAMDISK from [mem 0x7f9a7000-0x7fffe543] to [mem 0x375a6000-0x37bfd543]
Sep 16 00:49:30 kernel: [    0.000000] ACPI: RSDP 000f0490 00024 (v02 ALASKA)
Sep 16 00:49:30 kernel: [    0.000000] ACPI: XSDT dd814088 00094 (v01 ALASKA    A M I 01072009 AMI  00010013)
Sep 16 00:49:30 kernel: [    0.000000] ACPI: FACP dd81fb80 0010C (v05 ALASKA    A M I 01072009 AMI  00010013)
Sep 16 00:49:30 kernel: [    0.000000] ACPI: DSDT dd8141b8 0B9C3 (v02 ALASKA    A M I 00000009 INTL 20091112)
Sep 16 00:49:30 kernel: [    0.000000] ACPI: FACS dd823080 00040
Sep 16 00:49:30 kernel: [    0.000000] ACPI: APIC dd81fc90 00072 (v03 ALASKA    A M I 01072009 AMI  00010013)
Sep 16 00:49:30 kernel: [    0.000000] ACPI: FPDT dd81fd08 00044 (v01 ALASKA    A M I 01072009 AMI  00010013)
Sep 16 00:49:30 kernel: [    0.000000] ACPI: MCFG dd81fd50 0003C (v01 ALASKA    A M I 01072009 MSFT 00000097)
Sep 16 00:49:30 kernel: [    0.000000] ACPI: HPET dd81fd90 00038 (v01 ALASKA    A M I 01072009 AMI. 00000005)
Sep 16 00:49:30 kernel: [    0.000000] ACPI: SSDT dd81fdc8 0036D (v01 SataRe SataTabl 00001000 INTL 20091112)
Sep 16 00:49:30 kernel: [    0.000000] ACPI: SPMI dd820138 00040 (v05 A M I   OEMSPMI 00000000 AMI. 00000000)
Sep 16 00:49:30 kernel: [    0.000000] ACPI: SSDT dd820178 009A4 (v01  PmRef  Cpu0Ist 00003000 INTL 20051117)
Sep 16 00:49:30 kernel: [    0.000000] ACPI: SSDT dd820b20 00A88 (v01  PmRef    CpuPm 00003000 INTL 20051117)
Sep 16 00:49:30 kernel: [    0.000000] ACPI: DMAR dd8215a8 00078 (v01 INTEL      SNB  00000001 INTL 00000001)
Sep 16 00:49:30 kernel: [    0.000000] ACPI: EINJ dd821620 00130 (v01    AMI AMI EINJ 00000000      00000000)
Sep 16 00:49:30 kernel: [    0.000000] ACPI: ERST dd821750 00210 (v01  AMIER AMI ERST 00000000      00000000)
Sep 16 00:49:30 kernel: [    0.000000] ACPI: HEST dd821960 000A8 (v01    AMI AMI HEST 00000000      00000000)
Sep 16 00:49:30 kernel: [    0.000000] ACPI: BERT dd821a08 00030 (v01    AMI AMI BERT 00000000      00000000)
Sep 16 00:49:30 kernel: [    0.000000] ACPI: Local APIC address 0xfee00000
Sep 16 00:49:30 kernel: [    0.000000] 18052MB HIGHMEM available.
Sep 16 00:49:30 kernel: [    0.000000] 891MB LOWMEM available.
Sep 16 00:49:30 kernel: [    0.000000]   mapped low ram: 0 - 37bfe000
Sep 16 00:49:30 kernel: [    0.000000]   low ram: 0 - 37bfe000
Sep 16 00:49:30 kernel: [    0.000000] Zone ranges:
Sep 16 00:49:30 kernel: [    0.000000]   DMA      [mem 0x00010000-0x00ffffff]
Sep 16 00:49:30 kernel: [    0.000000]   Normal   [mem 0x01000000-0x37bfdfff]
Sep 16 00:49:30 kernel: [    0.000000]   HighMem  [mem 0x37bfe000-0x9fffffff]
Sep 16 00:49:30 kernel: [    0.000000] Movable zone start for each node
Sep 16 00:49:30 kernel: [    0.000000] Early memory node ranges
Sep 16 00:49:30 kernel: [    0.000000]   node   0: [mem 0x00010000-0x0009bfff]
Sep 16 00:49:30 kernel: [    0.000000]   node   0: [mem 0x00100000-0xdd65afff]
Sep 16 00:49:30 kernel: [    0.000000]   node   0: [mem 0xdede5000-0xdede5fff]
Sep 16 00:49:30 kernel: [    0.000000]   node   0: [mem 0xdee29000-0xdf7fffff]
Sep 16 00:49:30 kernel: [    0.000000]   node   0: [mem 0x00000000-0x9fffffff]
Sep 16 00:49:30 kernel: [    0.000000] On node 0 totalpages: 4710335
Sep 16 00:49:30 kernel: [    0.000000] free_area_init_node: node 0, pgdat c18f6100, node_mem_map ee1a5200
Sep 16 00:49:30 kernel: [    0.000000]   DMA zone: 32 pages used for memmap
Sep 16 00:49:30 kernel: [    0.000000]   DMA zone: 0 pages reserved
Sep 16 00:49:30 kernel: [    0.000000]   DMA zone: 3948 pages, LIFO batch:0
Sep 16 00:49:30 kernel: [    0.000000]   Normal zone: 1752 pages used for memmap
Sep 16 00:49:30 kernel: [    0.000000]   Normal zone: 222502 pages, LIFO batch:31
Sep 16 00:49:30 kernel: [    0.000000]   HighMem zone: 36105 pages used for memmap
Sep 16 00:49:30 kernel: [    0.000000]   HighMem zone: 4445996 pages, LIFO batch:31
Sep 16 00:49:30 kernel: [    0.000000] Using APIC driver default
Sep 16 00:49:30 kernel: [    0.000000] ACPI: PM-Timer IO Port: 0x408
Sep 16 00:49:30 kernel: [    0.000000] ACPI: Local APIC address 0xfee00000
Sep 16 00:49:30 kernel: [    0.000000] ACPI: LAPIC (acpi_id[0x01] lapic_id[0x00] enabled)
Sep 16 00:49:30 kernel: [    0.000000] ACPI: LAPIC (acpi_id[0x02] lapic_id[0x02] enabled)
Sep 16 00:49:30 kernel: [    0.000000] ACPI: LAPIC (acpi_id[0x03] lapic_id[0x04] enabled)
Sep 16 00:49:30 kernel: [    0.000000] ACPI: LAPIC (acpi_id[0x04] lapic_id[0x06] enabled)
Sep 16 00:49:30 kernel: [    0.000000] ACPI: LAPIC_NMI (acpi_id[0xff] high edge lint[0x1])
Sep 16 00:49:30 kernel: [    0.000000] ACPI: IOAPIC (id[0x02] address[0xfec00000] gsi_base[0])
Sep 16 00:49:30 kernel: [    0.000000] IOAPIC[0]: apic_id 2, version 32, address 0xfec00000, GSI 0-23
Sep 16 00:49:30 kernel: [    0.000000] ACPI: INT_SRC_OVR (bus 0 bus_irq 0 global_irq 2 dfl dfl)
Sep 16 00:49:30 kernel: [    0.000000] ACPI: INT_SRC_OVR (bus 0 bus_irq 9 global_irq 9 high level)
Sep 16 00:49:30 kernel: [    0.000000] ACPI: IRQ0 used by override.
Sep 16 00:49:30 kernel: [    0.000000] ACPI: IRQ2 used by override.
Sep 16 00:49:30 kernel: [    0.000000] ACPI: IRQ9 used by override.
Sep 16 00:49:30 kernel: [    0.000000] Using ACPI (MADT) for SMP configuration information
Sep 16 00:49:30 kernel: [    0.000000] ACPI: HPET id: 0x8086a701 base: 0xfed00000
Sep 16 00:49:30 kernel: [    0.000000] smpboot: Allowing 4 CPUs, 0 hotplug CPUs
Sep 16 00:49:30 kernel: [    0.000000] nr_irqs_gsi: 40
Sep 16 00:49:30 kernel: [    0.000000] PM: Registered nosave memory: 000000000009c000 - 000000000009d000
Sep 16 00:49:30 kernel: [    0.000000] PM: Registered nosave memory: 000000000009d000 - 00000000000a0000
Sep 16 00:49:30 kernel: [    0.000000] PM: Registered nosave memory: 00000000000a0000 - 00000000000e0000
Sep 16 00:49:30 kernel: [    0.000000] PM: Registered nosave memory: 00000000000e0000 - 0000000000100000
Sep 16 00:49:30 kernel: [    0.000000] e820: [mem 0xdf800000-0xefffffff] available for PCI devices
Sep 16 00:49:30 kernel: [    0.000000] Booting paravirtualized kernel on bare hardware
Sep 16 00:49:30 kernel: [    0.000000] setup_percpu: NR_CPUS:8 nr_cpumask_bits:8 nr_cpu_ids:4 nr_node_ids:1
Sep 16 00:49:30 kernel: [    0.000000] PERCPU: Embedded 14 pages/cpu @ee15a000 s35008 r0 d22336 u57344
Sep 16 00:49:30 kernel: [    0.000000] pcpu-alloc: s35008 r0 d22336 u57344 alloc=14*4096
Sep 16 00:49:30 kernel: [    0.000000] pcpu-alloc: [0] 0 [0] 1 [0] 2 [0] 3 
Sep 16 00:49:30 kernel: [    0.000000] Built 1 zonelists in Zone order, mobility grouping on.  Total pages: 4672446
Sep 16 00:49:30 kernel: [    0.000000] Kernel command line: DEBCONF_DEBUG=5 auto=true locale=en_US.UTF-8 console-setup/charmap=UTF-8 console-setup/layoutcode=us console-setup/ask_detect=false pkgsel/language-pack-patterns=pkgsel/install-language-support=false interface=eth0 hostname=localhost domain=localdomain url=http://gist.github.com/wnoguchi/7e6fa3b7efb3115eb1df/raw/preseed.cfg vga=normal initrd=/install/initrd.gz quiet -- BOOT_IMAGE=/install/vmlinuz 
Sep 16 00:49:30 kernel: [    0.000000] PID hash table entries: 4096 (order: 2, 16384 bytes)
Sep 16 00:49:30 kernel: [    0.000000] Dentry cache hash table entries: 131072 (order: 7, 524288 bytes)
Sep 16 00:49:30 kernel: [    0.000000] Inode-cache hash table entries: 65536 (order: 6, 262144 bytes)
Sep 16 00:49:30 kernel: [    0.000000] __ex_table already sorted, skipping sort
Sep 16 00:49:30 kernel: [    0.000000] Initializing CPU#0
Sep 16 00:49:30 kernel: [    0.000000] xsave: enabled xstate_bv 0x7, cntxt size 0x340
Sep 16 00:49:30 kernel: [    0.000000] allocated 38797184 bytes of page_cgroup
Sep 16 00:49:30 kernel: [    0.000000] please try 'cgroup_disable=memory' option if you don't want memory cgroups
Sep 16 00:49:30 kernel: [    0.000000] Initializing HighMem for node 0 (00037bfe:004a0000)
Sep 16 00:49:30 kernel: [    0.000000] Memory: 18633308k/19398656k available (6251k kernel code, 208032k reserved, 2973k data, 784k init, 17928404k highmem)
Sep 16 00:49:30 kernel: [    0.000000] virtual kernel memory layout:
Sep 16 00:49:30 kernel: [    0.000000]     fixmap  : 0xfff14000 - 0xfffff000   ( 940 kB)
Sep 16 00:49:30 kernel: [    0.000000]     pkmap   : 0xffc00000 - 0xffe00000   (2048 kB)
Sep 16 00:49:30 kernel: [    0.000000]     vmalloc : 0xf83fe000 - 0xffbfe000   ( 120 MB)
Sep 16 00:49:30 kernel: [    0.000000]     lowmem  : 0xc0000000 - 0xf7bfe000   ( 891 MB)
Sep 16 00:49:30 kernel: [    0.000000]       .init : 0xc1903000 - 0xc19c7000   ( 784 kB)
Sep 16 00:49:30 kernel: [    0.000000]       .data : 0xc161ad30 - 0xc19023c0   (2973 kB)
Sep 16 00:49:30 kernel: [    0.000000]       .text : 0xc1000000 - 0xc161ad30   (6251 kB)
Sep 16 00:49:30 kernel: [    0.000000] Checking if this processor honours the WP bit even in supervisor mode...Ok.
Sep 16 00:49:30 kernel: [    0.000000] SLUB: Genslabs=15, HWalign=64, Order=0-3, MinObjects=0, CPUs=4, Nodes=1
Sep 16 00:49:30 kernel: [    0.000000] Hierarchical RCU implementation.
Sep 16 00:49:30 kernel: [    0.000000] 	RCU dyntick-idle grace-period acceleration is enabled.
Sep 16 00:49:30 kernel: [    0.000000] 	RCU restricting CPUs from NR_CPUS=8 to nr_cpu_ids=4.
Sep 16 00:49:30 kernel: [    0.000000] NR_IRQS:2304 nr_irqs:712 16
Sep 16 00:49:30 kernel: [    0.000000] CPU 0 irqstacks, hard=eb408000 soft=eb40a000
Sep 16 00:49:30 kernel: [    0.000000] Extended CMOS year: 2000
Sep 16 00:49:30 kernel: [    0.000000] Console: colour VGA+ 80x25
Sep 16 00:49:30 kernel: [    0.000000] console [tty0] enabled
Sep 16 00:49:30 kernel: [    0.000000] hpet clockevent registered
Sep 16 00:49:30 kernel: [    0.000000] tsc: Fast TSC calibration using PIT
Sep 16 00:49:30 kernel: [    0.004000] tsc: Detected 3092.995 MHz processor
Sep 16 00:49:30 kernel: [    0.000001] Calibrating delay loop (skipped), value calculated using timer frequency.. 6185.99 BogoMIPS (lpj=12371980)
Sep 16 00:49:30 kernel: [    0.000003] pid_max: default: 32768 minimum: 301
Sep 16 00:49:30 kernel: [    0.000022] Security Framework initialized
Sep 16 00:49:30 kernel: [    0.000029] AppArmor: AppArmor initialized
Sep 16 00:49:30 kernel: [    0.000030] Yama: becoming mindful.
Sep 16 00:49:30 kernel: [    0.000060] Mount-cache hash table entries: 512
Sep 16 00:49:30 kernel: [    0.000180] Initializing cgroup subsys cpuacct
Sep 16 00:49:30 kernel: [    0.000181] Initializing cgroup subsys memory
Sep 16 00:49:30 kernel: [    0.000185] Initializing cgroup subsys devices
Sep 16 00:49:30 kernel: [    0.000186] Initializing cgroup subsys freezer
Sep 16 00:49:30 kernel: [    0.000188] Initializing cgroup subsys blkio
Sep 16 00:49:30 kernel: [    0.000189] Initializing cgroup subsys perf_event
Sep 16 00:49:30 kernel: [    0.000191] Initializing cgroup subsys hugetlb
Sep 16 00:49:30 kernel: [    0.000210] CPU: Physical Processor ID: 0
Sep 16 00:49:30 kernel: [    0.000211] CPU: Processor Core ID: 0
Sep 16 00:49:30 kernel: [    0.000215] ENERGY_PERF_BIAS: Set to 'normal', was 'performance'
Sep 16 00:49:30 kernel: [    0.000215] ENERGY_PERF_BIAS: View and update with x86_energy_perf_policy(8)
Sep 16 00:49:30 kernel: [    0.000785] mce: CPU supports 9 MCE banks
Sep 16 00:49:30 kernel: [    0.000796] CPU0: Thermal monitoring enabled (TM1)
Sep 16 00:49:30 kernel: [    0.000801] process: using mwait in idle threads
Sep 16 00:49:30 kernel: [    0.000806] Last level iTLB entries: 4KB 512, 2MB 0, 4MB 0
Sep 16 00:49:30 kernel: [    0.000806] Last level dTLB entries: 4KB 512, 2MB 32, 4MB 32
Sep 16 00:49:30 kernel: [    0.000806] tlb_flushall_shift: 1
Sep 16 00:49:30 kernel: [    0.001084] Freeing SMP alternatives: 24k freed
Sep 16 00:49:30 kernel: [    0.002709] ACPI: Core revision 20121018
Sep 16 00:49:30 kernel: [    0.007108] ftrace: allocating 26115 entries in 52 pages
Sep 16 00:49:30 kernel: [    0.016404] Enabling APIC mode:  Flat.  Using 1 I/O APICs
Sep 16 00:49:30 kernel: [    0.016822] ..TIMER: vector=0x30 apic1=0 pin1=2 apic2=-1 pin2=-1
Sep 16 00:49:30 kernel: [    0.056496] smpboot: CPU0: Intel(R) Xeon(R) CPU E3-1220 V2 @ 3.10GHz (fam: 06, model: 3a, stepping: 09)
Sep 16 00:49:30 kernel: [    0.056502] TSC deadline timer enabled
Sep 16 00:49:30 kernel: [    0.056506] Performance Events: PEBS fmt1+, 16-deep LBR, IvyBridge events, Intel PMU driver.
Sep 16 00:49:30 kernel: [    0.056511] ... version:                3
Sep 16 00:49:30 kernel: [    0.056512] ... bit width:              48
Sep 16 00:49:30 kernel: [    0.056513] ... generic registers:      8
Sep 16 00:49:30 kernel: [    0.056514] ... value mask:             0000ffffffffffff
Sep 16 00:49:30 kernel: [    0.056515] ... max period:             000000007fffffff
Sep 16 00:49:30 kernel: [    0.056515] ... fixed-purpose events:   3
Sep 16 00:49:30 kernel: [    0.056516] ... event mask:             00000007000000ff
Sep 16 00:49:30 kernel: [    0.057201] CPU 1 irqstacks, hard=eb508000 soft=eb50a000
Sep 16 00:49:30 kernel: [    0.067507] Initializing CPU#1
Sep 16 00:49:30 kernel: [    0.070874] NMI watchdog: enabled on all CPUs, permanently consumes one hw-PMU counter.
Sep 16 00:49:30 kernel: [    0.057202] smpboot: Booting Node   0, Processors  #1
Sep 16 00:49:30 kernel: [    0.070934] CPU 2 irqstacks, hard=eb584000 soft=eb586000
Sep 16 00:49:30 kernel: [    0.081237] Initializing CPU#2
Sep 16 00:49:30 kernel: [    0.070935]  #2
Sep 16 00:49:30 kernel: [    0.084731] CPU 3 irqstacks, hard=eb5d2000 soft=eb5d4000
Sep 16 00:49:30 kernel: [    0.084733]  #3 OK
Sep 16 00:49:30 kernel: [    0.095030] Initializing CPU#3
Sep 16 00:49:30 kernel: [    0.098469] Brought up 4 CPUs
Sep 16 00:49:30 kernel: [    0.098472] smpboot: Total of 4 processors activated (24743.96 BogoMIPS)
Sep 16 00:49:30 kernel: [    0.102016] devtmpfs: initialized
Sep 16 00:49:30 kernel: [    0.102213] EVM: security.selinux
Sep 16 00:49:30 kernel: [    0.102214] EVM: security.SMACK64
Sep 16 00:49:30 kernel: [    0.102214] EVM: security.capability
Sep 16 00:49:30 kernel: [    0.102343] PM: Registering ACPI NVS region [mem 0xdd70d000-0xdd824fff] (1146880 bytes)
Sep 16 00:49:30 kernel: [    0.102353] PM: Registering ACPI NVS region [mem 0xdede6000-0xdee28fff] (274432 bytes)
Sep 16 00:49:30 kernel: [    0.102912] regulator-dummy: no parameters
Sep 16 00:49:30 kernel: [    0.102946] NET: Registered protocol family 16
Sep 16 00:49:30 kernel: [    0.103103] EISA bus registered
Sep 16 00:49:30 kernel: [    0.103237] ACPI FADT declares the system doesn't support PCIe ASPM, so disable it
Sep 16 00:49:30 kernel: [    0.103238] ACPI: bus type pci registered
Sep 16 00:49:30 kernel: [    0.103275] PCI: MMCONFIG for domain 0000 [bus 00-7f] at [mem 0xf0000000-0xf7ffffff] (base 0xf0000000)
Sep 16 00:49:30 kernel: [    0.103277] PCI: MMCONFIG at [mem 0xf0000000-0xf7ffffff] reserved in E820
Sep 16 00:49:30 kernel: [    0.103278] PCI: Using MMCONFIG for extended config space
Sep 16 00:49:30 kernel: [    0.103279] PCI: Using configuration type 1 for base access
Sep 16 00:49:30 kernel: [    0.103932] bio: create slab <bio-0> at 0
Sep 16 00:49:30 kernel: [    0.103988] ACPI: Added _OSI(Module Device)
Sep 16 00:49:30 kernel: [    0.103989] ACPI: Added _OSI(Processor Device)
Sep 16 00:49:30 kernel: [    0.103990] ACPI: Added _OSI(3.0 _SCP Extensions)
Sep 16 00:49:30 kernel: [    0.103992] ACPI: Added _OSI(Processor Aggregator Device)
Sep 16 00:49:30 kernel: [    0.105322] ACPI: EC: Look up EC in DSDT
Sep 16 00:49:30 kernel: [    0.106720] ACPI: Executed 1 blocks of module-level executable AML code
Sep 16 00:49:30 kernel: [    0.115510] \_SB_:_OSC invalid UUID
Sep 16 00:49:30 kernel: [    0.115512] _OSC request data:1 17 
Sep 16 00:49:30 kernel: [    0.115697] ACPI: SSDT dd69e018 0083B (v01  PmRef  Cpu0Cst 00003001 INTL 20051117)
Sep 16 00:49:30 kernel: [    0.116034] ACPI: Dynamic OEM Table Load:
Sep 16 00:49:30 kernel: [    0.116036] ACPI: SSDT   (null) 0083B (v01  PmRef  Cpu0Cst 00003001 INTL 20051117)
Sep 16 00:49:30 kernel: [    0.116217] ACPI: SSDT dd69fa98 00303 (v01  PmRef    ApIst 00003000 INTL 20051117)
Sep 16 00:49:30 kernel: [    0.116574] ACPI: Dynamic OEM Table Load:
Sep 16 00:49:30 kernel: [    0.116576] ACPI: SSDT   (null) 00303 (v01  PmRef    ApIst 00003000 INTL 20051117)
Sep 16 00:49:30 kernel: [    0.116668] ACPI: SSDT dd6bcc18 00119 (v01  PmRef    ApCst 00003000 INTL 20051117)
Sep 16 00:49:30 kernel: [    0.117005] ACPI: Dynamic OEM Table Load:
Sep 16 00:49:30 kernel: [    0.117007] ACPI: SSDT   (null) 00119 (v01  PmRef    ApCst 00003000 INTL 20051117)
Sep 16 00:49:30 kernel: [    0.117392] ACPI: Interpreter enabled
Sep 16 00:49:30 kernel: [    0.117398] ACPI: (supports S0 S4 S5)
Sep 16 00:49:30 kernel: [    0.117409] ACPI: Using IOAPIC for interrupt routing
Sep 16 00:49:30 kernel: [    0.120432] ACPI: Power Resource [FN00] (off)
Sep 16 00:49:30 kernel: [    0.120478] ACPI: Power Resource [FN01] (off)
Sep 16 00:49:30 kernel: [    0.120523] ACPI: Power Resource [FN02] (off)
Sep 16 00:49:30 kernel: [    0.120567] ACPI: Power Resource [FN03] (off)
Sep 16 00:49:30 kernel: [    0.120611] ACPI: Power Resource [FN04] (off)
Sep 16 00:49:30 kernel: [    0.120919] ACPI: No dock devices found.
Sep 16 00:49:30 kernel: [    0.120932] HEST: Table parsing has been initialized.
Sep 16 00:49:30 kernel: [    0.120935] PCI: Using host bridge windows from ACPI; if necessary, use "pci=nocrs" and report a bug
Sep 16 00:49:30 kernel: [    0.121085] ACPI: PCI Root Bridge [PCI0] (domain 0000 [bus 00-7e])
Sep 16 00:49:30 kernel: [    0.121086] ACPI: PCI Interrupt Routing Table [\_SB_.PCI0._PRT]
Sep 16 00:49:30 kernel: [    0.121522] PCI host bridge to bus 0000:00
Sep 16 00:49:30 kernel: [    0.121525] pci_bus 0000:00: root bus resource [bus 00-7e]
Sep 16 00:49:30 kernel: [    0.121526] pci_bus 0000:00: root bus resource [io  0x0000-0x0cf7]
Sep 16 00:49:30 kernel: [    0.121528] pci_bus 0000:00: root bus resource [io  0x0d00-0xffff]
Sep 16 00:49:30 kernel: [    0.121529] pci_bus 0000:00: root bus resource [mem 0x000a0000-0x000bffff]
Sep 16 00:49:30 kernel: [    0.121531] pci_bus 0000:00: root bus resource [mem 0x000cc000-0x000cffff]
Sep 16 00:49:30 kernel: [    0.121532] pci_bus 0000:00: root bus resource [mem 0x000d0000-0x000d3fff]
Sep 16 00:49:30 kernel: [    0.121533] pci_bus 0000:00: root bus resource [mem 0x000d4000-0x000d7fff]
Sep 16 00:49:30 kernel: [    0.121535] pci_bus 0000:00: root bus resource [mem 0x000d8000-0x000dbfff]
Sep 16 00:49:30 kernel: [    0.121536] pci_bus 0000:00: root bus resource [mem 0x000dc000-0x000dffff]
Sep 16 00:49:30 kernel: [    0.121537] pci_bus 0000:00: root bus resource [mem 0x000e0000-0x000e3fff]
Sep 16 00:49:30 kernel: [    0.121539] pci_bus 0000:00: root bus resource [mem 0x000e4000-0x000e7fff]
Sep 16 00:49:30 kernel: [    0.121540] pci_bus 0000:00: root bus resource [mem 0xe0000000-0xfeafffff]
Sep 16 00:49:30 kernel: [    0.121547] pci 0000:00:00.0: [8086:0158] type 00 class 0x060000
Sep 16 00:49:30 kernel: [    0.121606] pci 0000:00:19.0: [8086:1502] type 00 class 0x020000
Sep 16 00:49:30 kernel: [    0.121626] pci 0000:00:19.0: reg 10: [mem 0xefa00000-0xefa1ffff]
Sep 16 00:49:30 kernel: [    0.121635] pci 0000:00:19.0: reg 14: [mem 0xefa25000-0xefa25fff]
Sep 16 00:49:30 kernel: [    0.121643] pci 0000:00:19.0: reg 18: [io  0xf040-0xf05f]
Sep 16 00:49:30 kernel: [    0.121705] pci 0000:00:19.0: PME# supported from D0 D3hot D3cold
Sep 16 00:49:30 kernel: [    0.121730] pci 0000:00:1a.0: [8086:1c2d] type 00 class 0x0c0320
Sep 16 00:49:30 kernel: [    0.121750] pci 0000:00:1a.0: reg 10: [mem 0xefa24000-0xefa243ff]
Sep 16 00:49:30 kernel: [    0.121838] pci 0000:00:1a.0: PME# supported from D0 D3hot D3cold
Sep 16 00:49:30 kernel: [    0.121861] pci 0000:00:1c.0: [8086:1c10] type 01 class 0x060400
Sep 16 00:49:30 kernel: [    0.121938] pci 0000:00:1c.0: PME# supported from D0 D3hot D3cold
Sep 16 00:49:30 kernel: [    0.121966] pci 0000:00:1c.6: [8086:1c1c] type 01 class 0x060400
Sep 16 00:49:30 kernel: [    0.122041] pci 0000:00:1c.6: PME# supported from D0 D3hot D3cold
Sep 16 00:49:30 kernel: [    0.122064] pci 0000:00:1c.7: [8086:1c1e] type 01 class 0x060400
Sep 16 00:49:30 kernel: [    0.122139] pci 0000:00:1c.7: PME# supported from D0 D3hot D3cold
Sep 16 00:49:30 kernel: [    0.122167] pci 0000:00:1d.0: [8086:1c26] type 00 class 0x0c0320
Sep 16 00:49:30 kernel: [    0.122187] pci 0000:00:1d.0: reg 10: [mem 0xefa23000-0xefa233ff]
Sep 16 00:49:30 kernel: [    0.122275] pci 0000:00:1d.0: PME# supported from D0 D3hot D3cold
Sep 16 00:49:30 kernel: [    0.122294] pci 0000:00:1e.0: [8086:244e] type 01 class 0x060401
Sep 16 00:49:30 kernel: [    0.122355] pci 0000:00:1f.0: [8086:1c52] type 00 class 0x060100
Sep 16 00:49:30 kernel: [    0.122479] pci 0000:00:1f.2: [8086:1c02] type 00 class 0x010601
Sep 16 00:49:30 kernel: [    0.122496] pci 0000:00:1f.2: reg 10: [io  0xf090-0xf097]
Sep 16 00:49:30 kernel: [    0.122504] pci 0000:00:1f.2: reg 14: [io  0xf080-0xf083]
Sep 16 00:49:30 kernel: [    0.122512] pci 0000:00:1f.2: reg 18: [io  0xf070-0xf077]
Sep 16 00:49:30 kernel: [    0.122520] pci 0000:00:1f.2: reg 1c: [io  0xf060-0xf063]
Sep 16 00:49:30 kernel: [    0.122527] pci 0000:00:1f.2: reg 20: [io  0xf020-0xf03f]
Sep 16 00:49:30 kernel: [    0.122535] pci 0000:00:1f.2: reg 24: [mem 0xefa22000-0xefa227ff]
Sep 16 00:49:30 kernel: [    0.122578] pci 0000:00:1f.2: PME# supported from D3hot
Sep 16 00:49:30 kernel: [    0.122594] pci 0000:00:1f.3: [8086:1c22] type 00 class 0x0c0500
Sep 16 00:49:30 kernel: [    0.122609] pci 0000:00:1f.3: reg 10: [mem 0xefa21000-0xefa210ff 64bit]
Sep 16 00:49:30 kernel: [    0.122629] pci 0000:00:1f.3: reg 20: [io  0xf000-0xf01f]
Sep 16 00:49:30 kernel: [    0.122697] pci 0000:00:1c.0: PCI bridge to [bus 01]
Sep 16 00:49:30 kernel: [    0.122782] pci 0000:02:00.0: [8086:10d3] type 00 class 0x020000
Sep 16 00:49:30 kernel: [    0.122816] pci 0000:02:00.0: reg 10: [mem 0xef900000-0xef91ffff]
Sep 16 00:49:30 kernel: [    0.122861] pci 0000:02:00.0: reg 18: [io  0xe000-0xe01f]
Sep 16 00:49:30 kernel: [    0.122885] pci 0000:02:00.0: reg 1c: [mem 0xef920000-0xef923fff]
Sep 16 00:49:30 kernel: [    0.123081] pci 0000:02:00.0: PME# supported from D0 D3hot D3cold
Sep 16 00:49:30 kernel: [    0.130499] pci 0000:00:1c.6: PCI bridge to [bus 02]
Sep 16 00:49:30 kernel: [    0.130506] pci 0000:00:1c.6:   bridge window [io  0xe000-0xefff]
Sep 16 00:49:30 kernel: [    0.130512] pci 0000:00:1c.6:   bridge window [mem 0xef900000-0xef9fffff]
Sep 16 00:49:30 kernel: [    0.130598] pci 0000:03:00.0: [102b:0522] type 00 class 0x030000
Sep 16 00:49:30 kernel: [    0.130626] pci 0000:03:00.0: reg 10: [mem 0xee000000-0xeeffffff]
Sep 16 00:49:30 kernel: [    0.130646] pci 0000:03:00.0: reg 14: [mem 0xef800000-0xef803fff]
Sep 16 00:49:30 kernel: [    0.130666] pci 0000:03:00.0: reg 18: [mem 0xef000000-0xef7fffff]
Sep 16 00:49:30 kernel: [    0.138494] pci 0000:00:1c.7: PCI bridge to [bus 03]
Sep 16 00:49:30 kernel: [    0.138504] pci 0000:00:1c.7:   bridge window [mem 0xee000000-0xef8fffff]
Sep 16 00:49:30 kernel: [    0.138584] pci 0000:00:1e.0: PCI bridge to [bus 04] (subtractive decode)
Sep 16 00:49:30 kernel: [    0.138593] pci 0000:00:1e.0:   bridge window [io  0x0000-0x0cf7] (subtractive decode)
Sep 16 00:49:30 kernel: [    0.138595] pci 0000:00:1e.0:   bridge window [io  0x0d00-0xffff] (subtractive decode)
Sep 16 00:49:30 kernel: [    0.138596] pci 0000:00:1e.0:   bridge window [mem 0x000a0000-0x000bffff] (subtractive decode)
Sep 16 00:49:30 kernel: [    0.138598] pci 0000:00:1e.0:   bridge window [mem 0x000cc000-0x000cffff] (subtractive decode)
Sep 16 00:49:30 kernel: [    0.138599] pci 0000:00:1e.0:   bridge window [mem 0x000d0000-0x000d3fff] (subtractive decode)
Sep 16 00:49:30 kernel: [    0.138600] pci 0000:00:1e.0:   bridge window [mem 0x000d4000-0x000d7fff] (subtractive decode)
Sep 16 00:49:30 kernel: [    0.138601] pci 0000:00:1e.0:   bridge window [mem 0x000d8000-0x000dbfff] (subtractive decode)
Sep 16 00:49:30 kernel: [    0.138603] pci 0000:00:1e.0:   bridge window [mem 0x000dc000-0x000dffff] (subtractive decode)
Sep 16 00:49:30 kernel: [    0.138604] pci 0000:00:1e.0:   bridge window [mem 0x000e0000-0x000e3fff] (subtractive decode)
Sep 16 00:49:30 kernel: [    0.138605] pci 0000:00:1e.0:   bridge window [mem 0x000e4000-0x000e7fff] (subtractive decode)
Sep 16 00:49:30 kernel: [    0.138607] pci 0000:00:1e.0:   bridge window [mem 0xe0000000-0xfeafffff] (subtractive decode)
Sep 16 00:49:30 kernel: [    0.138625] pci_bus 0000:00: on NUMA node 0
Sep 16 00:49:30 kernel: [    0.138641] ACPI: PCI Interrupt Routing Table [\_SB_.PCI0.RP01._PRT]
Sep 16 00:49:30 kernel: [    0.138666] ACPI: PCI Interrupt Routing Table [\_SB_.PCI0.RP07._PRT]
Sep 16 00:49:30 kernel: [    0.138686] ACPI: PCI Interrupt Routing Table [\_SB_.PCI0.RP08._PRT]
Sep 16 00:49:30 kernel: [    0.138767]  pci0000:00: Requesting ACPI _OSC control (0x1d)
Sep 16 00:49:30 kernel: [    0.138893]  pci0000:00: ACPI _OSC control (0x18) granted
Sep 16 00:49:30 kernel: [    0.139283] ACPI: PCI Interrupt Link [LNKA] (IRQs 3 4 5 6 10 *11 12 14 15)
Sep 16 00:49:30 kernel: [    0.139314] ACPI: PCI Interrupt Link [LNKB] (IRQs 3 4 5 6 10 11 12 14 15) *0, disabled.
Sep 16 00:49:30 kernel: [    0.139344] ACPI: PCI Interrupt Link [LNKC] (IRQs *3 4 5 6 10 11 12 14 15)
Sep 16 00:49:30 kernel: [    0.139373] ACPI: PCI Interrupt Link [LNKD] (IRQs 3 4 5 6 *10 11 12 14 15)
Sep 16 00:49:30 kernel: [    0.139402] ACPI: PCI Interrupt Link [LNKE] (IRQs 3 4 *5 6 10 11 12 14 15)
Sep 16 00:49:30 kernel: [    0.139430] ACPI: PCI Interrupt Link [LNKF] (IRQs 3 4 5 6 10 11 12 14 15) *0, disabled.
Sep 16 00:49:30 kernel: [    0.139460] ACPI: PCI Interrupt Link [LNKG] (IRQs 3 4 5 6 10 11 12 14 15) *0, disabled.
Sep 16 00:49:30 kernel: [    0.139490] ACPI: PCI Interrupt Link [LNKH] (IRQs 3 4 5 6 10 *11 12 14 15)
Sep 16 00:49:30 kernel: [    0.139559] vgaarb: device added: PCI:0000:03:00.0,decodes=io+mem,owns=io+mem,locks=none
Sep 16 00:49:30 kernel: [    0.139560] vgaarb: loaded
Sep 16 00:49:30 kernel: [    0.139561] vgaarb: bridge control possible 0000:03:00.0
Sep 16 00:49:30 kernel: [    0.139675] SCSI subsystem initialized
Sep 16 00:49:30 kernel: [    0.139676] ACPI: bus type scsi registered
Sep 16 00:49:30 kernel: [    0.139695] libata version 3.00 loaded.
Sep 16 00:49:30 kernel: [    0.139709] ACPI: bus type usb registered
Sep 16 00:49:30 kernel: [    0.139719] usbcore: registered new interface driver usbfs
Sep 16 00:49:30 kernel: [    0.139724] usbcore: registered new interface driver hub
Sep 16 00:49:30 kernel: [    0.139735] usbcore: registered new device driver usb
Sep 16 00:49:30 kernel: [    0.139786] PCI: Using ACPI for IRQ routing
Sep 16 00:49:30 kernel: [    0.142797] PCI: pci_cache_line_size set to 64 bytes
Sep 16 00:49:30 kernel: [    0.142844] e820: reserve RAM buffer [mem 0x0009c800-0x0009ffff]
Sep 16 00:49:30 kernel: [    0.142846] e820: reserve RAM buffer [mem 0xdd65b000-0xdfffffff]
Sep 16 00:49:30 kernel: [    0.142848] e820: reserve RAM buffer [mem 0xdede6000-0xdfffffff]
Sep 16 00:49:30 kernel: [    0.142849] e820: reserve RAM buffer [mem 0xdf800000-0xdfffffff]
Sep 16 00:49:30 kernel: [    0.142903] NetLabel: Initializing
Sep 16 00:49:30 kernel: [    0.142904] NetLabel:  domain hash size = 128
Sep 16 00:49:30 kernel: [    0.142905] NetLabel:  protocols = UNLABELED CIPSOv4
Sep 16 00:49:30 kernel: [    0.142911] NetLabel:  unlabeled traffic allowed by default
Sep 16 00:49:30 kernel: [    0.143047] hpet0: at MMIO 0xfed00000, IRQs 2, 8, 0, 0, 0, 0, 0, 0
Sep 16 00:49:30 kernel: [    0.143051] hpet0: 8 comparators, 64-bit 14.318180 MHz counter
Sep 16 00:49:30 kernel: [    0.145059] Switching to clocksource hpet
Sep 16 00:49:30 kernel: [    0.149362] AppArmor: AppArmor Filesystem Enabled
Sep 16 00:49:30 kernel: [    0.149371] pnp: PnP ACPI init
Sep 16 00:49:30 kernel: [    0.149376] ACPI: bus type pnp registered
Sep 16 00:49:30 kernel: [    0.149415] system 00:00: [mem 0xfed40000-0xfed44fff] has been reserved
Sep 16 00:49:30 kernel: [    0.149418] system 00:00: Plug and Play ACPI device, IDs PNP0c01 (active)
Sep 16 00:49:30 kernel: [    0.149425] pnp 00:01: [dma 4]
Sep 16 00:49:30 kernel: [    0.149434] pnp 00:01: Plug and Play ACPI device, IDs PNP0200 (active)
Sep 16 00:49:30 kernel: [    0.149446] pnp 00:02: Plug and Play ACPI device, IDs INT0800 (active)
Sep 16 00:49:30 kernel: [    0.149501] pnp 00:03: Plug and Play ACPI device, IDs PNP0103 (active)
Sep 16 00:49:30 kernel: [    0.149524] system 00:04: [io  0x0680-0x069f] has been reserved
Sep 16 00:49:30 kernel: [    0.149526] system 00:04: [io  0x1000-0x100f] has been reserved
Sep 16 00:49:30 kernel: [    0.149528] system 00:04: [io  0xffff] has been reserved
Sep 16 00:49:30 kernel: [    0.149529] system 00:04: [io  0xffff] has been reserved
Sep 16 00:49:30 kernel: [    0.149531] system 00:04: [io  0x0400-0x0453] has been reserved
Sep 16 00:49:30 kernel: [    0.149532] system 00:04: [io  0x0458-0x047f] has been reserved
Sep 16 00:49:30 kernel: [    0.149534] system 00:04: [io  0x0500-0x057f] has been reserved
Sep 16 00:49:30 kernel: [    0.149535] system 00:04: [io  0x164e-0x164f] has been reserved
Sep 16 00:49:30 kernel: [    0.149537] system 00:04: Plug and Play ACPI device, IDs PNP0c02 (active)
Sep 16 00:49:30 kernel: [    0.149555] pnp 00:05: Plug and Play ACPI device, IDs PNP0b00 (active)
Sep 16 00:49:30 kernel: [    0.149582] system 00:06: [io  0x0454-0x0457] has been reserved
Sep 16 00:49:30 kernel: [    0.149585] system 00:06: Plug and Play ACPI device, IDs INT3f0d PNP0c02 (active)
Sep 16 00:49:30 kernel: [    0.149682] pnp 00:07: [dma 0 disabled]
Sep 16 00:49:30 kernel: [    0.149712] pnp 00:07: Plug and Play ACPI device, IDs PNP0501 (active)
Sep 16 00:49:30 kernel: [    0.149741] system 00:08: [io  0x04d0-0x04d1] has been reserved
Sep 16 00:49:30 kernel: [    0.149743] system 00:08: Plug and Play ACPI device, IDs PNP0c02 (active)
Sep 16 00:49:30 kernel: [    0.149759] pnp 00:09: Plug and Play ACPI device, IDs PNP0c04 (active)
Sep 16 00:49:30 kernel: [    0.149825] pnp 00:0a: Plug and Play ACPI device, IDs IPI0001 (active)
Sep 16 00:49:30 kernel: [    0.149972] system 00:0b: [mem 0xfed1c000-0xfed1ffff] has been reserved
Sep 16 00:49:30 kernel: [    0.149974] system 00:0b: [mem 0xfed10000-0xfed17fff] has been reserved
Sep 16 00:49:30 kernel: [    0.149976] system 00:0b: [mem 0xfed18000-0xfed18fff] has been reserved
Sep 16 00:49:30 kernel: [    0.149977] system 00:0b: [mem 0xfed19000-0xfed19fff] has been reserved
Sep 16 00:49:30 kernel: [    0.149979] system 00:0b: [mem 0xf0000000-0xf3ffffff] has been reserved
Sep 16 00:49:30 kernel: [    0.149981] system 00:0b: [mem 0xfed20000-0xfed3ffff] has been reserved
Sep 16 00:49:30 kernel: [    0.149982] system 00:0b: [mem 0xfed90000-0xfed93fff] has been reserved
Sep 16 00:49:30 kernel: [    0.149984] system 00:0b: [mem 0xfed45000-0xfed8ffff] has been reserved
Sep 16 00:49:30 kernel: [    0.149985] system 00:0b: [mem 0xff000000-0xffffffff] has been reserved
Sep 16 00:49:30 kernel: [    0.149987] system 00:0b: [mem 0xfee00000-0xfeefffff] could not be reserved
Sep 16 00:49:30 kernel: [    0.149988] system 00:0b: [mem 0xe0000000-0xe0000fff] has been reserved
Sep 16 00:49:30 kernel: [    0.149990] system 00:0b: Plug and Play ACPI device, IDs PNP0c02 (active)
Sep 16 00:49:30 kernel: [    0.150089] pnp: PnP ACPI: found 12 devices
Sep 16 00:49:30 kernel: [    0.150090] ACPI: ACPI bus type pnp unregistered
Sep 16 00:49:30 kernel: [    0.150092] PnPBIOS: Disabled by ACPI PNP
Sep 16 00:49:30 kernel: [    0.185822] pci 0000:00:1c.6: bridge window [mem 0x00100000-0x000fffff 64bit pref] to [bus 02] add_size 200000
Sep 16 00:49:30 kernel: [    0.185831] pci 0000:00:1c.7: bridge window [io  0x1000-0x0fff] to [bus 03] add_size 1000
Sep 16 00:49:30 kernel: [    0.185833] pci 0000:00:1c.7: bridge window [mem 0x00100000-0x000fffff 64bit pref] to [bus 03] add_size 200000
Sep 16 00:49:30 kernel: [    0.185842] pci 0000:00:1c.6: res[15]=[mem 0x00100000-0x000fffff 64bit pref] get_res_add_size add_size 200000
Sep 16 00:49:30 kernel: [    0.185843] pci 0000:00:1c.7: res[15]=[mem 0x00100000-0x000fffff 64bit pref] get_res_add_size add_size 200000
Sep 16 00:49:30 kernel: [    0.185845] pci 0000:00:1c.7: res[13]=[io  0x1000-0x0fff] get_res_add_size add_size 1000
Sep 16 00:49:30 kernel: [    0.185850] pci 0000:00:1c.6: BAR 15: assigned [mem 0xe0100000-0xe02fffff 64bit pref]
Sep 16 00:49:30 kernel: [    0.185853] pci 0000:00:1c.7: BAR 15: assigned [mem 0xe0300000-0xe04fffff 64bit pref]
Sep 16 00:49:30 kernel: [    0.185855] pci 0000:00:1c.7: BAR 13: assigned [io  0x2000-0x2fff]
Sep 16 00:49:30 kernel: [    0.185857] pci 0000:00:1c.0: PCI bridge to [bus 01]
Sep 16 00:49:30 kernel: [    0.185868] pci 0000:00:1c.6: PCI bridge to [bus 02]
Sep 16 00:49:30 kernel: [    0.185871] pci 0000:00:1c.6:   bridge window [io  0xe000-0xefff]
Sep 16 00:49:30 kernel: [    0.185876] pci 0000:00:1c.6:   bridge window [mem 0xef900000-0xef9fffff]
Sep 16 00:49:30 kernel: [    0.185880] pci 0000:00:1c.6:   bridge window [mem 0xe0100000-0xe02fffff 64bit pref]
Sep 16 00:49:30 kernel: [    0.185886] pci 0000:00:1c.7: PCI bridge to [bus 03]
Sep 16 00:49:30 kernel: [    0.185889] pci 0000:00:1c.7:   bridge window [io  0x2000-0x2fff]
Sep 16 00:49:30 kernel: [    0.185894] pci 0000:00:1c.7:   bridge window [mem 0xee000000-0xef8fffff]
Sep 16 00:49:30 kernel: [    0.185898] pci 0000:00:1c.7:   bridge window [mem 0xe0300000-0xe04fffff 64bit pref]
Sep 16 00:49:30 kernel: [    0.185904] pci 0000:00:1e.0: PCI bridge to [bus 04]
Sep 16 00:49:30 kernel: [    0.185939] pci 0000:00:1e.0: setting latency timer to 64
Sep 16 00:49:30 kernel: [    0.185943] pci_bus 0000:00: resource 4 [io  0x0000-0x0cf7]
Sep 16 00:49:30 kernel: [    0.185944] pci_bus 0000:00: resource 5 [io  0x0d00-0xffff]
Sep 16 00:49:30 kernel: [    0.185946] pci_bus 0000:00: resource 6 [mem 0x000a0000-0x000bffff]
Sep 16 00:49:30 kernel: [    0.185947] pci_bus 0000:00: resource 7 [mem 0x000cc000-0x000cffff]
Sep 16 00:49:30 kernel: [    0.185948] pci_bus 0000:00: resource 8 [mem 0x000d0000-0x000d3fff]
Sep 16 00:49:30 kernel: [    0.185950] pci_bus 0000:00: resource 9 [mem 0x000d4000-0x000d7fff]
Sep 16 00:49:30 kernel: [    0.185951] pci_bus 0000:00: resource 10 [mem 0x000d8000-0x000dbfff]
Sep 16 00:49:30 kernel: [    0.185952] pci_bus 0000:00: resource 11 [mem 0x000dc000-0x000dffff]
Sep 16 00:49:30 kernel: [    0.185954] pci_bus 0000:00: resource 12 [mem 0x000e0000-0x000e3fff]
Sep 16 00:49:30 kernel: [    0.185955] pci_bus 0000:00: resource 13 [mem 0x000e4000-0x000e7fff]
Sep 16 00:49:30 kernel: [    0.185957] pci_bus 0000:00: resource 14 [mem 0xe0000000-0xfeafffff]
Sep 16 00:49:30 kernel: [    0.185958] pci_bus 0000:02: resource 0 [io  0xe000-0xefff]
Sep 16 00:49:30 kernel: [    0.185959] pci_bus 0000:02: resource 1 [mem 0xef900000-0xef9fffff]
Sep 16 00:49:30 kernel: [    0.185961] pci_bus 0000:02: resource 2 [mem 0xe0100000-0xe02fffff 64bit pref]
Sep 16 00:49:30 kernel: [    0.185962] pci_bus 0000:03: resource 0 [io  0x2000-0x2fff]
Sep 16 00:49:30 kernel: [    0.185964] pci_bus 0000:03: resource 1 [mem 0xee000000-0xef8fffff]
Sep 16 00:49:30 kernel: [    0.185965] pci_bus 0000:03: resource 2 [mem 0xe0300000-0xe04fffff 64bit pref]
Sep 16 00:49:30 kernel: [    0.185966] pci_bus 0000:04: resource 4 [io  0x0000-0x0cf7]
Sep 16 00:49:30 kernel: [    0.185968] pci_bus 0000:04: resource 5 [io  0x0d00-0xffff]
Sep 16 00:49:30 kernel: [    0.185969] pci_bus 0000:04: resource 6 [mem 0x000a0000-0x000bffff]
Sep 16 00:49:30 kernel: [    0.185971] pci_bus 0000:04: resource 7 [mem 0x000cc000-0x000cffff]
Sep 16 00:49:30 kernel: [    0.185972] pci_bus 0000:04: resource 8 [mem 0x000d0000-0x000d3fff]
Sep 16 00:49:30 kernel: [    0.185973] pci_bus 0000:04: resource 9 [mem 0x000d4000-0x000d7fff]
Sep 16 00:49:30 kernel: [    0.185975] pci_bus 0000:04: resource 10 [mem 0x000d8000-0x000dbfff]
Sep 16 00:49:30 kernel: [    0.185976] pci_bus 0000:04: resource 11 [mem 0x000dc000-0x000dffff]
Sep 16 00:49:30 kernel: [    0.185977] pci_bus 0000:04: resource 12 [mem 0x000e0000-0x000e3fff]
Sep 16 00:49:30 kernel: [    0.185979] pci_bus 0000:04: resource 13 [mem 0x000e4000-0x000e7fff]
Sep 16 00:49:30 kernel: [    0.185980] pci_bus 0000:04: resource 14 [mem 0xe0000000-0xfeafffff]
Sep 16 00:49:30 kernel: [    0.186000] NET: Registered protocol family 2
Sep 16 00:49:30 kernel: [    0.186078] TCP established hash table entries: 8192 (order: 4, 65536 bytes)
Sep 16 00:49:30 kernel: [    0.186088] TCP bind hash table entries: 8192 (order: 4, 65536 bytes)
Sep 16 00:49:30 kernel: [    0.186097] TCP: Hash tables configured (established 8192 bind 8192)
Sep 16 00:49:30 kernel: [    0.186105] TCP: reno registered
Sep 16 00:49:30 kernel: [    0.186107] UDP hash table entries: 512 (order: 2, 16384 bytes)
Sep 16 00:49:30 kernel: [    0.186110] UDP-Lite hash table entries: 512 (order: 2, 16384 bytes)
Sep 16 00:49:30 kernel: [    0.186137] NET: Registered protocol family 1
Sep 16 00:49:30 kernel: [    0.225110] pci 0000:03:00.0: Boot video device
Sep 16 00:49:30 kernel: [    0.225114] PCI: CLS 64 bytes, default 64
Sep 16 00:49:30 kernel: [    0.225139] Trying to unpack rootfs image as initramfs...
Sep 16 00:49:30 kernel: [    0.321703] Freeing initrd memory: 6496k freed
Sep 16 00:49:30 kernel: [    0.322228] dmar: Host address width 36
Sep 16 00:49:30 kernel: [    0.322230] dmar: DRHD base: 0x000000fed90000 flags: 0x1
Sep 16 00:49:30 kernel: [    0.322241] dmar: IOMMU 0: reg_base_addr fed90000 ver 1:0 cap c9008020660262 ecap f010da
Sep 16 00:49:30 kernel: [    0.322242] dmar: RMRR base: 0x000000dd6a4000 end: 0x000000dd6b0fff
Sep 16 00:49:30 kernel: [    0.322585] Initialise module verification
Sep 16 00:49:30 kernel: [    0.322611] audit: initializing netlink socket (disabled)
Sep 16 00:49:30 kernel: [    0.322622] type=2000 audit(1379292568.320:1): initialized
Sep 16 00:49:30 kernel: [    0.339893] bounce pool size: 64 pages
Sep 16 00:49:30 kernel: [    0.339899] HugeTLB registered 2 MB page size, pre-allocated 0 pages
Sep 16 00:49:30 kernel: [    0.341452] VFS: Disk quotas dquot_6.5.2
Sep 16 00:49:30 kernel: [    0.341480] Dquot-cache hash table entries: 1024 (order 0, 4096 bytes)
Sep 16 00:49:30 kernel: [    0.341782] fuse init (API version 7.20)
Sep 16 00:49:30 kernel: [    0.341830] msgmni has been set to 1389
Sep 16 00:49:30 kernel: [    0.342139] Key type asymmetric registered
Sep 16 00:49:30 kernel: [    0.342141] Asymmetric key parser 'x509' registered
Sep 16 00:49:30 kernel: [    0.342165] Block layer SCSI generic (bsg) driver version 0.4 loaded (major 252)
Sep 16 00:49:30 kernel: [    0.342184] io scheduler noop registered
Sep 16 00:49:30 kernel: [    0.342186] io scheduler deadline registered (default)
Sep 16 00:49:30 kernel: [    0.342190] io scheduler cfq registered
Sep 16 00:49:30 kernel: [    0.342365] pci_hotplug: PCI Hot Plug PCI Core version: 0.5
Sep 16 00:49:30 kernel: [    0.342373] pciehp: PCI Express Hot Plug Controller Driver version: 0.4
Sep 16 00:49:30 kernel: [    0.342421] intel_idle: MWAIT substates: 0x1120
Sep 16 00:49:30 kernel: [    0.342422] intel_idle: v0.4 model 0x3A
Sep 16 00:49:30 kernel: [    0.342423] intel_idle: lapic_timer_reliable_states 0xffffffff
Sep 16 00:49:30 kernel: [    0.342476] ACPI: AC Adapter [PSD] (on-line)
Sep 16 00:49:30 kernel: [    0.342526] input: Power Button as /devices/LNXSYSTM:00/LNXSYBUS:00/PNP0C0C:00/input/input0
Sep 16 00:49:30 kernel: [    0.342529] ACPI: Power Button [PWRB]
Sep 16 00:49:30 kernel: [    0.342552] input: Power Button as /devices/LNXSYSTM:00/LNXPWRBN:00/input/input1
Sep 16 00:49:30 kernel: [    0.342554] ACPI: Power Button [PWRF]
Sep 16 00:49:30 kernel: [    0.342592] ACPI: Fan [FAN0] (off)
Sep 16 00:49:30 kernel: [    0.342608] ACPI: Fan [FAN1] (off)
Sep 16 00:49:30 kernel: [    0.342623] ACPI: Fan [FAN2] (off)
Sep 16 00:49:30 kernel: [    0.342637] ACPI: Fan [FAN3] (off)
Sep 16 00:49:30 kernel: [    0.342652] ACPI: Fan [FAN4] (off)
Sep 16 00:49:30 kernel: [    0.342686] ACPI: Requesting acpi_cpufreq
Sep 16 00:49:30 kernel: [    0.345291] thermal LNXTHERM:00: registered as thermal_zone0
Sep 16 00:49:30 kernel: [    0.345292] ACPI: Thermal Zone [TZ00] (28 C)
Sep 16 00:49:30 kernel: [    0.345427] thermal LNXTHERM:01: registered as thermal_zone1
Sep 16 00:49:30 kernel: [    0.345428] ACPI: Thermal Zone [TZ01] (30 C)
Sep 16 00:49:30 kernel: [    0.345460] ERST: Error Record Serialization Table (ERST) support is initialized.
Sep 16 00:49:30 kernel: [    0.345494] GHES: APEI firmware first mode is enabled by WHEA _OSC.
Sep 16 00:49:30 kernel: [    0.345507] isapnp: Scanning for PnP cards...
Sep 16 00:49:30 kernel: [    0.345548] Serial: 8250/16550 driver, 32 ports, IRQ sharing enabled
Sep 16 00:49:30 kernel: [    0.366278] 00:07: ttyS0 at I/O 0x3f8 (irq = 4) is a 16550A
Sep 16 00:49:30 kernel: [    0.367134] Linux agpgart interface v0.103
Sep 16 00:49:30 kernel: [    0.367908] brd: module loaded
Sep 16 00:49:30 kernel: [    0.368297] loop: module loaded
Sep 16 00:49:30 kernel: [    0.368489] libphy: Fixed MDIO Bus: probed
Sep 16 00:49:30 kernel: [    0.368525] tun: Universal TUN/TAP device driver, 1.6
Sep 16 00:49:30 kernel: [    0.368526] tun: (C) 1999-2004 Max Krasnyansky <maxk@qualcomm.com>
Sep 16 00:49:30 kernel: [    0.368548] PPP generic driver version 2.4.2
Sep 16 00:49:30 kernel: [    0.368571] ehci_hcd: USB 2.0 'Enhanced' Host Controller (EHCI) Driver
Sep 16 00:49:30 kernel: [    0.368572] ehci-pci: EHCI PCI platform driver
Sep 16 00:49:30 kernel: [    0.368592] ehci-pci 0000:00:1a.0: setting latency timer to 64
Sep 16 00:49:30 kernel: [    0.368596] ehci-pci 0000:00:1a.0: EHCI Host Controller
Sep 16 00:49:30 kernel: [    0.368599] ehci-pci 0000:00:1a.0: new USB bus registered, assigned bus number 1
Sep 16 00:49:30 kernel: [    0.368611] ehci-pci 0000:00:1a.0: debug port 2
Sep 16 00:49:30 kernel: [    0.372514] ehci-pci 0000:00:1a.0: cache line size of 64 is not supported
Sep 16 00:49:30 kernel: [    0.372527] ehci-pci 0000:00:1a.0: irq 16, io mem 0xefa24000
Sep 16 00:49:30 kernel: [    0.381033] ehci-pci 0000:00:1a.0: USB 2.0 started, EHCI 1.00
Sep 16 00:49:30 kernel: [    0.381046] usb usb1: New USB device found, idVendor=1d6b, idProduct=0002
Sep 16 00:49:30 kernel: [    0.381048] usb usb1: New USB device strings: Mfr=3, Product=2, SerialNumber=1
Sep 16 00:49:30 kernel: [    0.381049] usb usb1: Product: EHCI Host Controller
Sep 16 00:49:30 kernel: [    0.381050] usb usb1: Manufacturer: Linux 3.8.0-19-generic ehci_hcd
Sep 16 00:49:30 kernel: [    0.381051] usb usb1: SerialNumber: 0000:00:1a.0
Sep 16 00:49:30 kernel: [    0.381120] hub 1-0:1.0: USB hub found
Sep 16 00:49:30 kernel: [    0.381123] hub 1-0:1.0: 2 ports detected
Sep 16 00:49:30 kernel: [    0.381201] ehci-pci 0000:00:1d.0: setting latency timer to 64
Sep 16 00:49:30 kernel: [    0.381204] ehci-pci 0000:00:1d.0: EHCI Host Controller
Sep 16 00:49:30 kernel: [    0.381207] ehci-pci 0000:00:1d.0: new USB bus registered, assigned bus number 2
Sep 16 00:49:30 kernel: [    0.381218] ehci-pci 0000:00:1d.0: debug port 2
Sep 16 00:49:30 kernel: [    0.385114] ehci-pci 0000:00:1d.0: cache line size of 64 is not supported
Sep 16 00:49:30 kernel: [    0.385124] ehci-pci 0000:00:1d.0: irq 23, io mem 0xefa23000
Sep 16 00:49:30 kernel: [    0.397029] ehci-pci 0000:00:1d.0: USB 2.0 started, EHCI 1.00
Sep 16 00:49:30 kernel: [    0.397037] usb usb2: New USB device found, idVendor=1d6b, idProduct=0002
Sep 16 00:49:30 kernel: [    0.397039] usb usb2: New USB device strings: Mfr=3, Product=2, SerialNumber=1
Sep 16 00:49:30 kernel: [    0.397040] usb usb2: Product: EHCI Host Controller
Sep 16 00:49:30 kernel: [    0.397041] usb usb2: Manufacturer: Linux 3.8.0-19-generic ehci_hcd
Sep 16 00:49:30 kernel: [    0.397042] usb usb2: SerialNumber: 0000:00:1d.0
Sep 16 00:49:30 kernel: [    0.397097] hub 2-0:1.0: USB hub found
Sep 16 00:49:30 kernel: [    0.397099] hub 2-0:1.0: 2 ports detected
Sep 16 00:49:30 kernel: [    0.397161] ehci-platform: EHCI generic platform driver
Sep 16 00:49:30 kernel: [    0.397166] ohci_hcd: USB 1.1 'Open' Host Controller (OHCI) Driver
Sep 16 00:49:30 kernel: [    0.397175] uhci_hcd: USB Universal Host Controller Interface driver
Sep 16 00:49:30 kernel: [    0.397216] i8042: PNP: No PS/2 controller found. Probing ports directly.
Sep 16 00:49:30 kernel: [    0.699949] isapnp: No Plug & Play device found
Sep 16 00:49:30 kernel: [    1.320823] tsc: Refined TSC clocksource calibration: 3092.974 MHz
Sep 16 00:49:30 kernel: [    1.320827] Switching to clocksource tsc
Sep 16 00:49:30 kernel: [    1.433462] i8042: No controller found
Sep 16 00:49:30 kernel: [    1.433509] mousedev: PS/2 mouse device common for all mice
Sep 16 00:49:30 kernel: [    1.433582] rtc_cmos 00:05: RTC can wake from S4
Sep 16 00:49:30 kernel: [    1.433678] rtc_cmos 00:05: rtc core: registered rtc_cmos as rtc0
Sep 16 00:49:30 kernel: [    1.433706] rtc0: alarms up to one month, y3k, 242 bytes nvram, hpet irqs
Sep 16 00:49:30 kernel: [    1.433758] device-mapper: uevent: version 1.0.3
Sep 16 00:49:30 kernel: [    1.433789] device-mapper: ioctl: 4.23.1-ioctl (2012-12-18) initialised: dm-devel@redhat.com
Sep 16 00:49:30 kernel: [    1.433799] EISA: Probing bus 0 at eisa.0
Sep 16 00:49:30 kernel: [    1.433800] EISA: Cannot allocate resource for mainboard
Sep 16 00:49:30 kernel: [    1.433801] Cannot allocate resource for EISA slot 1
Sep 16 00:49:30 kernel: [    1.433802] Cannot allocate resource for EISA slot 2
Sep 16 00:49:30 kernel: [    1.433803] Cannot allocate resource for EISA slot 3
Sep 16 00:49:30 kernel: [    1.433804] Cannot allocate resource for EISA slot 4
Sep 16 00:49:30 kernel: [    1.433805] Cannot allocate resource for EISA slot 5
Sep 16 00:49:30 kernel: [    1.433806] Cannot allocate resource for EISA slot 6
Sep 16 00:49:30 kernel: [    1.433806] Cannot allocate resource for EISA slot 7
Sep 16 00:49:30 kernel: [    1.433807] Cannot allocate resource for EISA slot 8
Sep 16 00:49:30 kernel: [    1.433808] EISA: Detected 0 cards.
Sep 16 00:49:30 kernel: [    1.433812] cpufreq-nforce2: No nForce2 chipset.
Sep 16 00:49:30 kernel: [    1.433848] cpuidle: using governor ladder
Sep 16 00:49:30 kernel: [    1.433898] cpuidle: using governor menu
Sep 16 00:49:30 kernel: [    1.433900] ledtrig-cpu: registered to indicate activity on CPUs
Sep 16 00:49:30 kernel: [    1.433901] EFI Variables Facility v0.08 2004-May-17
Sep 16 00:49:30 kernel: [    1.433984] ashmem: initialized
Sep 16 00:49:30 kernel: [    1.434060] TCP: cubic registered
Sep 16 00:49:30 kernel: [    1.434117] NET: Registered protocol family 10
Sep 16 00:49:30 kernel: [    1.434228] NET: Registered protocol family 17
Sep 16 00:49:30 kernel: [    1.434235] Key type dns_resolver registered
Sep 16 00:49:30 kernel: [    1.434421] Using IPI No-Shortcut mode
Sep 16 00:49:30 kernel: [    1.434547] Loading module verification certificates
Sep 16 00:49:30 kernel: [    1.437178] MODSIGN: Loaded cert 'Magrathea: Glacier signing key: fceb9fd088cf158e29d83343e1c98bf8ab23d94a'
Sep 16 00:49:30 kernel: [    1.437184] registered taskstats version 1
Sep 16 00:49:30 kernel: [    1.439383] Key type trusted registered
Sep 16 00:49:30 kernel: [    1.440644] Key type encrypted registered
Sep 16 00:49:30 kernel: [    1.442272] rtc_cmos 00:05: setting system clock to 2013-09-16 00:49:29 UTC (1379292569)
Sep 16 00:49:30 kernel: [    1.442746] BIOS EDD facility v0.16 2004-Jun-25, 0 devices found
Sep 16 00:49:30 kernel: [    1.442747] EDD information not available.
Sep 16 00:49:30 kernel: [    1.442849] Freeing unused kernel memory: 784k freed
Sep 16 00:49:30 kernel: [    1.442933] Write protecting the kernel text: 6252k
Sep 16 00:49:30 kernel: [    1.442963] Write protecting the kernel read-only data: 2432k
Sep 16 00:49:30 kernel: [    1.442963] NX-protecting the kernel data: 3988k
Sep 16 00:49:30 kernel: 0>[    1.446896] udevd[91]: starting version 175
Sep 16 00:49:30 kernel: [    1.454620] Disabling lock debugging due to kernel taint
Sep 16 00:49:30 kernel: [    1.454961] ahci 0000:00:1f.2: version 3.0
Sep 16 00:49:30 kernel: [    1.455003] ahci 0000:00:1f.2: irq 40 for MSI/MSI-X
Sep 16 00:49:30 kernel: [    1.468838] ahci 0000:00:1f.2: AHCI 0001.0300 32 slots 6 ports 3 Gbps 0x3f impl SATA mode
Sep 16 00:49:30 kernel: [    1.468842] ahci 0000:00:1f.2: flags: 64bit ncq pm led clo pio slum part ems apst 
Sep 16 00:49:30 kernel: [    1.468847] ahci 0000:00:1f.2: setting latency timer to 64
Sep 16 00:49:30 kernel: [    1.509107] scsi0 : ahci
Sep 16 00:49:30 kernel: [    1.509272] scsi1 : ahci
Sep 16 00:49:30 kernel: [    1.509375] scsi2 : ahci
Sep 16 00:49:30 kernel: [    1.509476] scsi3 : ahci
Sep 16 00:49:30 kernel: [    1.509550] scsi4 : ahci
Sep 16 00:49:30 kernel: [    1.509672] scsi5 : ahci
Sep 16 00:49:30 kernel: [    1.509738] ata1: SATA max UDMA/133 abar m2048@0xefa22000 port 0xefa22100 irq 40
Sep 16 00:49:30 kernel: [    1.509740] ata2: SATA max UDMA/133 abar m2048@0xefa22000 port 0xefa22180 irq 40
Sep 16 00:49:30 kernel: [    1.509743] ata3: SATA max UDMA/133 abar m2048@0xefa22000 port 0xefa22200 irq 40
Sep 16 00:49:30 kernel: [    1.509745] ata4: SATA max UDMA/133 abar m2048@0xefa22000 port 0xefa22280 irq 40
Sep 16 00:49:30 kernel: [    1.509748] ata5: SATA max UDMA/133 abar m2048@0xefa22000 port 0xefa22300 irq 40
Sep 16 00:49:30 kernel: [    1.509750] ata6: SATA max UDMA/133 abar m2048@0xefa22000 port 0xefa22380 irq 40
Sep 16 00:49:30 kernel: [    1.644777] usb 1-1: new high-speed USB device number 2 using ehci-pci
Sep 16 00:49:30 kernel: [    1.777164] usb 1-1: New USB device found, idVendor=8087, idProduct=0024
Sep 16 00:49:30 kernel: [    1.777169] usb 1-1: New USB device strings: Mfr=0, Product=0, SerialNumber=0
Sep 16 00:49:30 kernel: [    1.777428] hub 1-1:1.0: USB hub found
Sep 16 00:49:30 kernel: [    1.777518] hub 1-1:1.0: 6 ports detected
Sep 16 00:49:30 kernel: [    1.828740] ata3: SATA link down (SStatus 0 SControl 300)
Sep 16 00:49:30 kernel: [    1.828767] ata4: SATA link down (SStatus 0 SControl 300)
Sep 16 00:49:30 kernel: [    1.828797] ata5: SATA link up 1.5 Gbps (SStatus 113 SControl 300)
Sep 16 00:49:30 kernel: [    1.828814] ata6: SATA link down (SStatus 0 SControl 300)
Sep 16 00:49:30 kernel: [    1.836738] ata2: SATA link up 3.0 Gbps (SStatus 123 SControl 300)
Sep 16 00:49:30 kernel: [    1.836762] ata1: SATA link up 3.0 Gbps (SStatus 123 SControl 300)
Sep 16 00:49:30 kernel: [    1.836813] ata5.00: ACPI cmd ef/10:06:00:00:00:00 (SET FEATURES) succeeded
Sep 16 00:49:30 kernel: [    1.836815] ata5.00: ACPI cmd f5/00:00:00:00:00:00 (SECURITY FREEZE LOCK) filtered out
Sep 16 00:49:30 kernel: [    1.836817] ata5.00: ACPI cmd b1/c1:00:00:00:00:00 (DEVICE CONFIGURATION OVERLAY) filtered out
Sep 16 00:49:30 kernel: [    1.838143] ata1.00: ACPI cmd ef/10:06:00:00:00:00 (SET FEATURES) succeeded
Sep 16 00:49:30 kernel: [    1.838149] ata1.00: ACPI cmd f5/00:00:00:00:00:00 (SECURITY FREEZE LOCK) filtered out
Sep 16 00:49:30 kernel: [    1.838153] ata1.00: ACPI cmd b1/c1:00:00:00:00:00 (DEVICE CONFIGURATION OVERLAY) filtered out
Sep 16 00:49:30 kernel: [    1.838210] ata2.00: ACPI cmd ef/10:06:00:00:00:00 (SET FEATURES) succeeded
Sep 16 00:49:30 kernel: [    1.838212] ata2.00: ACPI cmd f5/00:00:00:00:00:00 (SECURITY FREEZE LOCK) filtered out
Sep 16 00:49:30 kernel: [    1.838214] ata2.00: ACPI cmd b1/c1:00:00:00:00:00 (DEVICE CONFIGURATION OVERLAY) filtered out
Sep 16 00:49:30 kernel: [    1.838691] ata1.00: ATA-9: WDC WD20EZRX-00DC0B0, 80.00A80, max UDMA/133
Sep 16 00:49:30 kernel: [    1.838697] ata1.00: 3907029168 sectors, multi 16: LBA48 NCQ (depth 31/32), AA
Sep 16 00:49:30 kernel: [    1.838770] ata2.00: ATA-9: WDC WD20EZRX-00DC0B0, 80.00A80, max UDMA/133
Sep 16 00:49:30 kernel: [    1.838772] ata2.00: 3907029168 sectors, multi 16: LBA48 NCQ (depth 31/32), AA
Sep 16 00:49:30 kernel: [    1.839021] ata5.00: ATAPI: TSSTcorp DVD-ROMSN-108AB, FB01, max UDMA/100
Sep 16 00:49:30 kernel: [    1.839365] ata1.00: ACPI cmd ef/10:06:00:00:00:00 (SET FEATURES) succeeded
Sep 16 00:49:30 kernel: [    1.839368] ata1.00: ACPI cmd f5/00:00:00:00:00:00 (SECURITY FREEZE LOCK) filtered out
Sep 16 00:49:30 kernel: [    1.839369] ata1.00: ACPI cmd b1/c1:00:00:00:00:00 (DEVICE CONFIGURATION OVERLAY) filtered out
Sep 16 00:49:30 kernel: [    1.839426] ata2.00: ACPI cmd ef/10:06:00:00:00:00 (SET FEATURES) succeeded
Sep 16 00:49:30 kernel: [    1.839432] ata2.00: ACPI cmd f5/00:00:00:00:00:00 (SECURITY FREEZE LOCK) filtered out
Sep 16 00:49:30 kernel: [    1.839436] ata2.00: ACPI cmd b1/c1:00:00:00:00:00 (DEVICE CONFIGURATION OVERLAY) filtered out
Sep 16 00:49:30 kernel: [    1.839792] ata1.00: configured for UDMA/133
Sep 16 00:49:30 kernel: [    1.839865] ata2.00: configured for UDMA/133
Sep 16 00:49:30 kernel: [    1.839985] scsi 0:0:0:0: Direct-Access     ATA      WDC WD20EZRX-00D 80.0 PQ: 0 ANSI: 5
Sep 16 00:49:30 kernel: [    1.840087] sd 0:0:0:0: Attached scsi generic sg0 type 0
Sep 16 00:49:30 kernel: [    1.840089] sd 0:0:0:0: [sda] 3907029168 512-byte logical blocks: (2.00 TB/1.81 TiB)
Sep 16 00:49:30 kernel: [    1.840090] sd 0:0:0:0: [sda] 4096-byte physical blocks
Sep 16 00:49:30 kernel: [    1.840129] sd 0:0:0:0: [sda] Write Protect is off
Sep 16 00:49:30 kernel: [    1.840132] sd 0:0:0:0: [sda] Mode Sense: 00 3a 00 00
Sep 16 00:49:30 kernel: [    1.840151] sd 0:0:0:0: [sda] Write cache: enabled, read cache: enabled, doesn't support DPO or FUA
Sep 16 00:49:30 kernel: [    1.840207] scsi 1:0:0:0: Direct-Access     ATA      WDC WD20EZRX-00D 80.0 PQ: 0 ANSI: 5
Sep 16 00:49:30 kernel: [    1.840297] sd 1:0:0:0: [sdb] 3907029168 512-byte logical blocks: (2.00 TB/1.81 TiB)
Sep 16 00:49:30 kernel: [    1.840299] sd 1:0:0:0: [sdb] 4096-byte physical blocks
Sep 16 00:49:30 kernel: [    1.840313] sd 1:0:0:0: Attached scsi generic sg1 type 0
Sep 16 00:49:30 kernel: [    1.840322] sd 1:0:0:0: [sdb] Write Protect is off
Sep 16 00:49:30 kernel: [    1.840324] sd 1:0:0:0: [sdb] Mode Sense: 00 3a 00 00
Sep 16 00:49:30 kernel: [    1.840347] sd 1:0:0:0: [sdb] Write cache: enabled, read cache: enabled, doesn't support DPO or FUA
Sep 16 00:49:30 kernel: [    1.849823] ata5.00: ACPI cmd ef/10:06:00:00:00:00 (SET FEATURES) succeeded
Sep 16 00:49:30 kernel: [    1.849829] ata5.00: ACPI cmd f5/00:00:00:00:00:00 (SECURITY FREEZE LOCK) filtered out
Sep 16 00:49:30 kernel: [    1.849833] ata5.00: ACPI cmd b1/c1:00:00:00:00:00 (DEVICE CONFIGURATION OVERLAY) filtered out
Sep 16 00:49:30 kernel: [    1.855844] ata5.00: configured for UDMA/100
Sep 16 00:49:30 kernel: [    1.860894] scsi 4:0:0:0: CD-ROM            TSSTcorp DVD-ROM SN-108AB FB01 PQ: 0 ANSI: 5
Sep 16 00:49:30 kernel: [    1.874899] sr0: scsi3-mmc drive: 24x/24x cd/rw xa/form2 cdda tray
Sep 16 00:49:30 kernel: [    1.874903] cdrom: Uniform CD-ROM driver Revision: 3.20
Sep 16 00:49:30 kernel: [    1.875046] sr 4:0:0:0: Attached scsi CD-ROM sr0
Sep 16 00:49:30 kernel: [    1.875111] sr 4:0:0:0: Attached scsi generic sg2 type 5
Sep 16 00:49:30 kernel: [    1.888722] usb 2-1: new high-speed USB device number 2 using ehci-pci
Sep 16 00:49:30 kernel: [    2.021109] usb 2-1: New USB device found, idVendor=8087, idProduct=0024
Sep 16 00:49:30 kernel: [    2.021114] usb 2-1: New USB device strings: Mfr=0, Product=0, SerialNumber=0
Sep 16 00:49:30 kernel: [    2.021375] hub 2-1:1.0: USB hub found
Sep 16 00:49:30 kernel: [    2.021467] hub 2-1:1.0: 6 ports detected
Sep 16 00:49:30 kernel: [    2.092841] usb 1-1.1: new high-speed USB device number 3 using ehci-pci
Sep 16 00:49:30 kernel: [    2.194091] usb 1-1.1: New USB device found, idVendor=0789, idProduct=0179
Sep 16 00:49:30 kernel: [    2.194096] usb 1-1.1: New USB device strings: Mfr=3, Product=4, SerialNumber=5
Sep 16 00:49:30 kernel: [    2.194099] usb 1-1.1: Product: LDV USB Device
Sep 16 00:49:30 kernel: [    2.194102] usb 1-1.1: Manufacturer: Logitec
Sep 16 00:49:30 kernel: [    2.194104] usb 1-1.1: SerialNumber: 111026010414
Sep 16 00:49:30 kernel: [    2.197096] Initializing USB Mass Storage driver...
Sep 16 00:49:30 kernel: [    2.197184] scsi6 : usb-storage 1-1.1:1.0
Sep 16 00:49:30 kernel: [    2.197221] usbcore: registered new interface driver usb-storage
Sep 16 00:49:30 kernel: [    2.197222] USB Mass Storage support registered.
Sep 16 00:49:30 kernel: [    2.264800] usb 1-1.2: new low-speed USB device number 4 using ehci-pci
Sep 16 00:49:30 kernel: [    2.362404] usb 1-1.2: New USB device found, idVendor=0461, idProduct=4dcb
Sep 16 00:49:30 kernel: [    2.362409] usb 1-1.2: New USB device strings: Mfr=0, Product=2, SerialNumber=0
Sep 16 00:49:30 kernel: [    2.362412] usb 1-1.2: Product: USB Multimedia Keyboard
Sep 16 00:49:30 kernel: [    2.370462] usbcore: registered new interface driver usbhid
Sep 16 00:49:30 kernel: [    2.370464] usbhid: USB HID core driver
Sep 16 00:49:30 kernel: [    2.371531] input: USB Multimedia Keyboard as /devices/pci0000:00/0000:00:1a.0/usb1/1-1/1-1.2/1-1.2:1.0/input/input2
Sep 16 00:49:30 kernel: [    2.371617] hid-generic 0003:0461:4DCB.0001: input,hidraw0: USB HID v1.10 Keyboard [USB Multimedia Keyboard] on usb-0000:00:1a.0-1.2/input0
Sep 16 00:49:30 kernel: [    2.372910] input: USB Multimedia Keyboard as /devices/pci0000:00/0000:00:1a.0/usb1/1-1/1-1.2/1-1.2:1.1/input/input3
Sep 16 00:49:30 kernel: [    2.373064] hid-generic 0003:0461:4DCB.0002: input,hidraw1: USB HID v1.10 Device [USB Multimedia Keyboard] on usb-0000:00:1a.0-1.2/input1
Sep 16 00:49:30 kernel: [    2.413062]  sda: sda1 sda2
Sep 16 00:49:30 kernel: [    2.413532] sd 0:0:0:0: [sda] Attached SCSI disk
Sep 16 00:49:30 kernel: [    2.424182]  sdb: sdb1 sdb2
Sep 16 00:49:30 kernel: [    2.424576] sd 1:0:0:0: [sdb] Attached SCSI disk
Sep 16 00:49:30 debconf-loadtemplate: Database file doesn't exist. Trying to create it
Sep 16 00:49:30 debconf-loadtemplate: Database file doesn't exist. Trying to create it
Sep 16 00:49:30 debconf-loadtemplate: Database file doesn't exist. Trying to create it
Sep 16 00:49:30 debconf-loadtemplate: Question database /var/lib/cdebconf/passwords.dat clean; not saving
Sep 16 00:49:30 frontend: --> SET auto-install/enable true
Sep 16 00:49:30 frontend: <-- 10 auto-install/enable doesn't exist
Sep 16 00:49:30 frontend: --> REGISTER debian-installer/dummy auto-install/enable
Sep 16 00:49:30 frontend: <-- 0
Sep 16 00:49:30 frontend: --> SET auto-install/enable true
Sep 16 00:49:30 frontend: <-- 0 value set
Sep 16 00:49:30 frontend: --> SUBST auto-install/enable ID auto-install/enable
Sep 16 00:49:30 frontend: Adding [ID] -> [auto-install/enable]
Sep 16 00:49:30 frontend: <-- 0
Sep 16 00:49:30 frontend: --> METAGET auto-install/enable type
Sep 16 00:49:30 frontend: <-- 0 string
Sep 16 00:49:30 frontend: --> FSET auto-install/enable seen true
Sep 16 00:49:30 frontend: <-- 0 true
Sep 16 00:49:30 frontend: --> SET console-setup/ask_detect false
Sep 16 00:49:30 frontend: <-- 0 value set
Sep 16 00:49:30 frontend: --> METAGET console-setup/ask_detect type
Sep 16 00:49:30 frontend: <-- 0 boolean
Sep 16 00:49:30 frontend: --> FSET console-setup/ask_detect seen true
Sep 16 00:49:30 frontend: <-- 0 true
Sep 16 00:49:30 frontend: --> SET console-setup/charmap UTF-8
Sep 16 00:49:30 frontend: <-- 10 console-setup/charmap doesn't exist
Sep 16 00:49:30 frontend: --> REGISTER debian-installer/dummy console-setup/charmap
Sep 16 00:49:30 frontend: <-- 0
Sep 16 00:49:30 frontend: --> SET console-setup/charmap UTF-8
Sep 16 00:49:30 frontend: <-- 0 value set
Sep 16 00:49:30 frontend: --> SUBST console-setup/charmap ID console-setup/charmap
Sep 16 00:49:30 frontend: Adding [ID] -> [console-setup/charmap]
Sep 16 00:49:30 frontend: <-- 0
Sep 16 00:49:30 frontend: --> METAGET console-setup/charmap type
Sep 16 00:49:30 frontend: <-- 0 string
Sep 16 00:49:30 frontend: --> FSET console-setup/charmap seen true
Sep 16 00:49:30 frontend: <-- 0 true
Sep 16 00:49:30 frontend: --> SET console-setup/layoutcode us
Sep 16 00:49:30 frontend: <-- 10 console-setup/layoutcode doesn't exist
Sep 16 00:49:30 frontend: --> REGISTER debian-installer/dummy console-setup/layoutcode
Sep 16 00:49:30 frontend: <-- 0
Sep 16 00:49:30 frontend: --> SET console-setup/layoutcode us
Sep 16 00:49:30 frontend: <-- 0 value set
Sep 16 00:49:30 frontend: --> SUBST console-setup/layoutcode ID console-setup/layoutcode
Sep 16 00:49:30 frontend: Adding [ID] -> [console-setup/layoutcode]
Sep 16 00:49:30 frontend: <-- 0
Sep 16 00:49:30 frontend: --> METAGET console-setup/layoutcode type
Sep 16 00:49:30 frontend: <-- 0 string
Sep 16 00:49:30 frontend: --> FSET console-setup/layoutcode seen true
Sep 16 00:49:30 frontend: <-- 0 true
Sep 16 00:49:30 frontend: --> SET netcfg/get_domain localdomain
Sep 16 00:49:30 frontend: <-- 10 netcfg/get_domain doesn't exist
Sep 16 00:49:30 frontend: --> REGISTER debian-installer/dummy netcfg/get_domain
Sep 16 00:49:30 frontend: <-- 0
Sep 16 00:49:30 frontend: --> SET netcfg/get_domain localdomain
Sep 16 00:49:30 frontend: <-- 0 value set
Sep 16 00:49:30 frontend: --> SUBST netcfg/get_domain ID netcfg/get_domain
Sep 16 00:49:30 frontend: Adding [ID] -> [netcfg/get_domain]
Sep 16 00:49:30 frontend: <-- 0
Sep 16 00:49:30 frontend: --> METAGET netcfg/get_domain type
Sep 16 00:49:30 frontend: <-- 0 string
Sep 16 00:49:30 frontend: --> FSET netcfg/get_domain seen true
Sep 16 00:49:30 frontend: <-- 0 true
Sep 16 00:49:30 frontend: --> SET netcfg/get_hostname localhost
Sep 16 00:49:30 frontend: <-- 10 netcfg/get_hostname doesn't exist
Sep 16 00:49:30 frontend: --> REGISTER debian-installer/dummy netcfg/get_hostname
Sep 16 00:49:30 frontend: <-- 0
Sep 16 00:49:30 frontend: --> SET netcfg/get_hostname localhost
Sep 16 00:49:30 frontend: <-- 0 value set
Sep 16 00:49:30 frontend: --> SUBST netcfg/get_hostname ID netcfg/get_hostname
Sep 16 00:49:30 frontend: Adding [ID] -> [netcfg/get_hostname]
Sep 16 00:49:30 frontend: <-- 0
Sep 16 00:49:30 frontend: --> METAGET netcfg/get_hostname type
Sep 16 00:49:30 frontend: <-- 0 string
Sep 16 00:49:30 frontend: --> FSET netcfg/get_hostname seen true
Sep 16 00:49:30 frontend: <-- 0 true
Sep 16 00:49:30 frontend: --> SET netcfg/choose_interface eth0
Sep 16 00:49:30 frontend: <-- 10 netcfg/choose_interface doesn't exist
Sep 16 00:49:30 frontend: --> REGISTER debian-installer/dummy netcfg/choose_interface
Sep 16 00:49:30 frontend: <-- 0
Sep 16 00:49:30 frontend: --> SET netcfg/choose_interface eth0
Sep 16 00:49:30 frontend: <-- 0 value set
Sep 16 00:49:30 frontend: --> SUBST netcfg/choose_interface ID netcfg/choose_interface
Sep 16 00:49:30 frontend: Adding [ID] -> [netcfg/choose_interface]
Sep 16 00:49:30 frontend: <-- 0
Sep 16 00:49:30 frontend: --> METAGET netcfg/choose_interface type
Sep 16 00:49:30 frontend: <-- 0 string
Sep 16 00:49:30 frontend: --> FSET netcfg/choose_interface seen true
Sep 16 00:49:30 frontend: <-- 0 true
Sep 16 00:49:30 frontend: --> SET debian-installer/locale en_US.UTF-8
Sep 16 00:49:30 frontend: <-- 0 value set
Sep 16 00:49:30 frontend: --> METAGET debian-installer/locale type
Sep 16 00:49:30 frontend: <-- 0 select
Sep 16 00:49:30 frontend: --> FSET debian-installer/locale seen true
Sep 16 00:49:30 frontend: <-- 0 true
Sep 16 00:49:30 frontend: --> SET pkgsel/language-pack-patterns pkgsel/install-language-support=false
Sep 16 00:49:30 frontend: <-- 10 pkgsel/language-pack-patterns doesn't exist
Sep 16 00:49:30 frontend: --> REGISTER debian-installer/dummy pkgsel/language-pack-patterns
Sep 16 00:49:30 frontend: <-- 0
Sep 16 00:49:30 frontend: --> SET pkgsel/language-pack-patterns pkgsel/install-language-support=false
Sep 16 00:49:30 frontend: <-- 0 value set
Sep 16 00:49:30 frontend: --> SUBST pkgsel/language-pack-patterns ID pkgsel/language-pack-patterns
Sep 16 00:49:30 frontend: Adding [ID] -> [pkgsel/language-pack-patterns]
Sep 16 00:49:30 frontend: <-- 0
Sep 16 00:49:30 frontend: --> METAGET pkgsel/language-pack-patterns type
Sep 16 00:49:30 frontend: <-- 0 string
Sep 16 00:49:30 frontend: --> FSET pkgsel/language-pack-patterns seen true
Sep 16 00:49:30 frontend: <-- 0 true
Sep 16 00:49:30 frontend: --> SET preseed/url http://gist.github.com/wnoguchi/7e6fa3b7efb3115eb1df/raw/preseed.cfg
Sep 16 00:49:30 frontend: <-- 10 preseed/url doesn't exist
Sep 16 00:49:30 frontend: --> REGISTER debian-installer/dummy preseed/url
Sep 16 00:49:30 frontend: <-- 0
Sep 16 00:49:30 frontend: --> SET preseed/url http://gist.github.com/wnoguchi/7e6fa3b7efb3115eb1df/raw/preseed.cfg
Sep 16 00:49:30 frontend: <-- 0 value set
Sep 16 00:49:30 frontend: --> SUBST preseed/url ID preseed/url
Sep 16 00:49:30 frontend: Adding [ID] -> [preseed/url]
Sep 16 00:49:30 frontend: <-- 0
Sep 16 00:49:30 frontend: --> METAGET preseed/url type
Sep 16 00:49:30 frontend: <-- 0 string
Sep 16 00:49:30 frontend: --> FSET preseed/url seen true
Sep 16 00:49:30 frontend: <-- 0 true
Sep 16 00:49:30 frontend: Question database /var/lib/cdebconf/passwords.dat clean; not saving
Sep 16 00:49:30 frontend: Template database /var/lib/cdebconf/templates.dat clean; not saving
Sep 16 00:49:30 frontend: Adding [ID] -> [auto-install/enable]
Sep 16 00:49:30 frontend: Adding [ID] -> [console-setup/charmap]
Sep 16 00:49:30 frontend: Adding [ID] -> [console-setup/layoutcode]
Sep 16 00:49:30 frontend: Adding [ID] -> [netcfg/choose_interface]
Sep 16 00:49:30 frontend: Adding [ID] -> [netcfg/get_domain]
Sep 16 00:49:30 frontend: Adding [ID] -> [netcfg/get_hostname]
Sep 16 00:49:30 frontend: Adding [ID] -> [pkgsel/language-pack-patterns]
Sep 16 00:49:30 frontend: Adding [ID] -> [preseed/url]
Sep 16 00:49:30 frontend: --> GET preseed/early_command
Sep 16 00:49:30 frontend: <-- 0 
Sep 16 00:49:30 frontend: Question database /var/lib/cdebconf/questions.dat clean; not saving
Sep 16 00:49:30 frontend: Question database /var/lib/cdebconf/passwords.dat clean; not saving
Sep 16 00:49:30 frontend: Template database /var/lib/cdebconf/templates.dat clean; not saving
Sep 16 00:49:30 frontend: Adding [ID] -> [auto-install/enable]
Sep 16 00:49:30 frontend: Adding [ID] -> [console-setup/charmap]
Sep 16 00:49:30 frontend: Adding [ID] -> [console-setup/layoutcode]
Sep 16 00:49:30 frontend: Adding [ID] -> [netcfg/choose_interface]
Sep 16 00:49:30 frontend: Adding [ID] -> [netcfg/get_domain]
Sep 16 00:49:30 frontend: Adding [ID] -> [netcfg/get_hostname]
Sep 16 00:49:30 frontend: Adding [ID] -> [pkgsel/language-pack-patterns]
Sep 16 00:49:30 frontend: Adding [ID] -> [preseed/url]
Sep 16 00:49:30 frontend: --> GET debian-installer/framebuffer
Sep 16 00:49:30 frontend: <-- 0 true
Sep 16 00:49:30 frontend: Question database /var/lib/cdebconf/questions.dat clean; not saving
Sep 16 00:49:30 frontend: Question database /var/lib/cdebconf/passwords.dat clean; not saving
Sep 16 00:49:30 frontend: Template database /var/lib/cdebconf/templates.dat clean; not saving
Sep 16 00:49:30 kernel: [    2.813726] vga16fb: initializing
Sep 16 00:49:30 kernel: [    2.813729] vga16fb: mapped to 0xc00a0000
Sep 16 00:49:31 kernel: [    3.197013] Console: switching to colour frame buffer device 80x30
Sep 16 00:49:31 kernel: [    3.209874] fb0: VGA16 VGA frame buffer device
Sep 16 00:49:31 frontend: Adding [ID] -> [auto-install/enable]
Sep 16 00:49:31 frontend: Adding [ID] -> [console-setup/charmap]
Sep 16 00:49:31 frontend: Adding [ID] -> [console-setup/layoutcode]
Sep 16 00:49:31 frontend: Adding [ID] -> [netcfg/choose_interface]
Sep 16 00:49:31 frontend: Adding [ID] -> [netcfg/get_domain]
Sep 16 00:49:31 frontend: Adding [ID] -> [netcfg/get_hostname]
Sep 16 00:49:31 frontend: Adding [ID] -> [pkgsel/language-pack-patterns]
Sep 16 00:49:31 frontend: Adding [ID] -> [preseed/url]
Sep 16 00:49:31 frontend: --> GET auto-install/enable
Sep 16 00:49:31 frontend: <-- 0 true
Sep 16 00:49:31 frontend: --> GET preseed/url
Sep 16 00:49:31 frontend: <-- 0 http://gist.github.com/wnoguchi/7e6fa3b7efb3115eb1df/raw/preseed.cfg
Sep 16 00:49:31 frontend: Question database /var/lib/cdebconf/questions.dat clean; not saving
Sep 16 00:49:31 frontend: Question database /var/lib/cdebconf/passwords.dat clean; not saving
Sep 16 00:49:31 frontend: Template database /var/lib/cdebconf/templates.dat clean; not saving
Sep 16 00:49:31 frontend: Adding [ID] -> [auto-install/enable]
Sep 16 00:49:31 frontend: Adding [ID] -> [console-setup/charmap]
Sep 16 00:49:31 frontend: Adding [ID] -> [console-setup/layoutcode]
Sep 16 00:49:31 frontend: Adding [ID] -> [netcfg/choose_interface]
Sep 16 00:49:31 frontend: Adding [ID] -> [netcfg/get_domain]
Sep 16 00:49:31 frontend: Adding [ID] -> [netcfg/get_hostname]
Sep 16 00:49:31 frontend: Adding [ID] -> [pkgsel/language-pack-patterns]
Sep 16 00:49:31 frontend: Adding [ID] -> [preseed/url]
Sep 16 00:49:31 frontend: --> GET oem-config/enable
Sep 16 00:49:31 frontend: <-- 0 false
Sep 16 00:49:31 frontend: Question database /var/lib/cdebconf/questions.dat clean; not saving
Sep 16 00:49:31 frontend: Question database /var/lib/cdebconf/passwords.dat clean; not saving
Sep 16 00:49:31 frontend: Template database /var/lib/cdebconf/templates.dat clean; not saving
Sep 16 00:49:31 frontend: Adding [ID] -> [auto-install/enable]
Sep 16 00:49:31 frontend: Adding [ID] -> [console-setup/charmap]
Sep 16 00:49:31 frontend: Adding [ID] -> [console-setup/layoutcode]
Sep 16 00:49:31 frontend: Adding [ID] -> [netcfg/choose_interface]
Sep 16 00:49:31 frontend: Adding [ID] -> [netcfg/get_domain]
Sep 16 00:49:31 frontend: Adding [ID] -> [netcfg/get_hostname]
Sep 16 00:49:31 frontend: Adding [ID] -> [pkgsel/language-pack-patterns]
Sep 16 00:49:31 frontend: Adding [ID] -> [preseed/url]
Sep 16 00:49:31 frontend: --> GET rescue/enable
Sep 16 00:49:31 frontend: <-- 0 false
Sep 16 00:49:31 frontend: Question database /var/lib/cdebconf/questions.dat clean; not saving
Sep 16 00:49:31 frontend: Question database /var/lib/cdebconf/passwords.dat clean; not saving
Sep 16 00:49:31 frontend: Template database /var/lib/cdebconf/templates.dat clean; not saving
Sep 16 00:49:31 init: starting pid 363, tty '': '/sbin/reopen-console /sbin/debian-installer'
Sep 16 00:49:31 init: starting pid 366, tty '/dev/tty4': '/usr/bin/tail -f /var/log/syslog'
Sep 16 00:49:31 frontend: Adding [ID] -> [auto-install/enable]
Sep 16 00:49:31 frontend: Adding [ID] -> [console-setup/charmap]
Sep 16 00:49:31 frontend: Adding [ID] -> [console-setup/layoutcode]
Sep 16 00:49:31 frontend: Adding [ID] -> [netcfg/choose_interface]
Sep 16 00:49:31 frontend: Adding [ID] -> [netcfg/get_domain]
Sep 16 00:49:31 frontend: Adding [ID] -> [netcfg/get_hostname]
Sep 16 00:49:31 frontend: Adding [ID] -> [pkgsel/language-pack-patterns]
Sep 16 00:49:31 frontend: Adding [ID] -> [preseed/url]
Sep 16 00:49:31 frontend: --> GET debian-installer/framebuffer
Sep 16 00:49:31 frontend: <-- 0 true
Sep 16 00:49:31 frontend: Question database /var/lib/cdebconf/questions.dat clean; not saving
Sep 16 00:49:31 frontend: Question database /var/lib/cdebconf/passwords.dat clean; not saving
Sep 16 00:49:31 frontend: Template database /var/lib/cdebconf/templates.dat clean; not saving
Sep 16 00:49:31 frontend: Adding [ID] -> [auto-install/enable]
Sep 16 00:49:31 frontend: Adding [ID] -> [console-setup/charmap]
Sep 16 00:49:31 frontend: Adding [ID] -> [console-setup/layoutcode]
Sep 16 00:49:31 frontend: Adding [ID] -> [netcfg/choose_interface]
Sep 16 00:49:31 frontend: Adding [ID] -> [netcfg/get_domain]
Sep 16 00:49:31 frontend: Adding [ID] -> [netcfg/get_hostname]
Sep 16 00:49:31 frontend: Adding [ID] -> [pkgsel/language-pack-patterns]
Sep 16 00:49:31 frontend: Adding [ID] -> [preseed/url]
Sep 16 00:49:31 frontend: Question database /var/lib/cdebconf/questions.dat clean; not saving
Sep 16 00:49:31 frontend: Question database /var/lib/cdebconf/passwords.dat clean; not saving
Sep 16 00:49:31 frontend: Template database /var/lib/cdebconf/templates.dat clean; not saving
Sep 16 00:49:31 frontend: Adding [ID] -> [auto-install/enable]
Sep 16 00:49:31 frontend: Adding [ID] -> [console-setup/charmap]
Sep 16 00:49:31 frontend: Adding [ID] -> [console-setup/layoutcode]
Sep 16 00:49:31 frontend: Adding [ID] -> [netcfg/choose_interface]
Sep 16 00:49:31 frontend: Adding [ID] -> [netcfg/get_domain]
Sep 16 00:49:31 frontend: Adding [ID] -> [netcfg/get_hostname]
Sep 16 00:49:31 frontend: Adding [ID] -> [pkgsel/language-pack-patterns]
Sep 16 00:49:31 frontend: Adding [ID] -> [preseed/url]
Sep 16 00:49:31 frontend: --> GET debian-installer/theme
Sep 16 00:49:31 frontend: <-- 0 
Sep 16 00:49:31 frontend: Question database /var/lib/cdebconf/questions.dat clean; not saving
Sep 16 00:49:31 frontend: Question database /var/lib/cdebconf/passwords.dat clean; not saving
Sep 16 00:49:31 frontend: Template database /var/lib/cdebconf/templates.dat clean; not saving
Sep 16 00:49:31 kernel: [    3.433537] scsi 6:0:0:0: CD-ROM            Logitec  LDV-P8U2L        2.0C PQ: 0 ANSI: 0
Sep 16 00:49:31 kernel: [    3.445664] sr1: scsi3-mmc drive: 62x/62x cd/rw xa/form2 cdda pop-up
Sep 16 00:49:31 kernel: [    3.445833] sr 6:0:0:0: Attached scsi CD-ROM sr1
Sep 16 00:49:31 kernel: [    3.445956] sr 6:0:0:0: Attached scsi generic sg3 type 5
Sep 16 00:49:31 debconf: Adding [ID] -> [auto-install/enable]
Sep 16 00:49:31 debconf: Adding [ID] -> [console-setup/charmap]
Sep 16 00:49:31 debconf: Adding [ID] -> [console-setup/layoutcode]
Sep 16 00:49:31 debconf: Adding [ID] -> [netcfg/choose_interface]
Sep 16 00:49:31 debconf: Adding [ID] -> [netcfg/get_domain]
Sep 16 00:49:31 debconf: Adding [ID] -> [netcfg/get_hostname]
Sep 16 00:49:31 debconf: Adding [ID] -> [pkgsel/language-pack-patterns]
Sep 16 00:49:31 debconf: Adding [ID] -> [preseed/url]
Sep 16 00:49:31 debconf: --> GET debconf/language
Sep 16 00:49:31 debconf: <-- 0 en
Sep 16 00:49:31 debconf: --> SET debconf/language en
Sep 16 00:49:31 debconf: Setting debconf/language to en
Sep 16 00:49:31 debconf: <-- 0 value set
Sep 16 00:49:31 debconf: --> GET debconf/priority
Sep 16 00:49:31 debconf: <-- 0 high
Sep 16 00:49:31 debconf: --> GET oem-config/enable
Sep 16 00:49:31 debconf: <-- 0 false
Sep 16 00:49:31 debconf: --> GET rescue/enable
Sep 16 00:49:31 debconf: <-- 0 false
Sep 16 00:49:31 main-menu[395]: DEBUG: resolver (libc6-udeb): package doesn't exist (ignored)
Sep 16 00:49:31 debconf: --> METAGET debian-installer/cdrom-detect/title Description
Sep 16 00:49:31 debconf: <-- 0 Detect and mount CD-ROM
Sep 16 00:49:31 debconf: --> GET preseed/file
Sep 16 00:49:31 debconf: <-- 0 
Sep 16 00:49:31 debconf: --> METAGET debian-installer/load-cdrom/title Description
Sep 16 00:49:31 debconf: <-- 0 Load installer components from CD
Sep 16 00:49:31 debconf: --> METAGET debian-installer/cdebconf-priority/title Description
Sep 16 00:49:31 debconf: <-- 0 Change debconf priority
Sep 16 00:49:31 debconf: --> METAGET debian-installer/cdrom-checker/title Description
Sep 16 00:49:31 debconf: <-- 0 Check the CD-ROM(s) integrity
Sep 16 00:49:31 debconf: --> METAGET debian-installer/save-logs/title Description
Sep 16 00:49:31 debconf: <-- 0 Save debug logs
Sep 16 00:49:31 debconf: --> METAGET debian-installer/di-utils-shell/title Description
Sep 16 00:49:31 debconf: <-- 0 Execute a shell
Sep 16 00:49:31 debconf: --> METAGET debian-installer/di-utils-reboot/title Description
Sep 16 00:49:31 debconf: <-- 0 Abort the installation
Sep 16 00:49:31 debconf: --> SETTITLE debian-installer/main-menu-title
Sep 16 00:49:31 debconf: <-- 0 OK
Sep 16 00:49:31 debconf: --> CAPB
Sep 16 00:49:31 debconf: <-- 0 multiselect backup progresscancel align escape plugin-detect-keyboard plugin-terminal
Sep 16 00:49:31 debconf: --> SUBST debian-installer/main-menu MENU Detect and mount CD-ROM, Load installer components from CD, Change debconf priority, Check the CD-ROM(s) integrity, Save debug logs, Execute a shell, Abort the installation
Sep 16 00:49:31 debconf: Adding [MENU] -> [Detect and mount CD-ROM, Load installer components from CD, Change debconf priority, Check the CD-ROM(s) integrity, Save debug logs, Execute a shell, Abort the installation]
Sep 16 00:49:31 debconf: <-- 0
Sep 16 00:49:31 debconf: --> METAGET debian-installer/cdrom-detect/title Description
Sep 16 00:49:31 debconf: <-- 0 Detect and mount CD-ROM
Sep 16 00:49:31 debconf: --> SET debian-installer/main-menu Detect and mount CD-ROM
Sep 16 00:49:31 debconf: <-- 0 value set
Sep 16 00:49:31 debconf: --> INPUT medium debian-installer/main-menu
Sep 16 00:49:31 debconf: <-- 30 question skipped
Sep 16 00:49:31 debconf: --> GO
Sep 16 00:49:31 debconf: <-- 0 ok
Sep 16 00:49:31 debconf: --> GET debian-installer/main-menu
Sep 16 00:49:31 debconf: <-- 0 Detect and mount CD-ROM
Sep 16 00:49:31 debconf: --> METAGET debian-installer/localechooser/title Description
Sep 16 00:49:31 debconf: <-- 0 Choose language
Sep 16 00:49:31 debconf: --> METAGET debian-installer/console-setup-udeb/title Description
Sep 16 00:49:31 debconf: <-- 0 Configure the keyboard
Sep 16 00:49:31 debconf: --> METAGET debian-installer/cdrom-detect/title Description
Sep 16 00:49:31 debconf: <-- 0 Detect and mount CD-ROM
Sep 16 00:49:31 main-menu[395]: INFO: Menu item 'cdrom-detect' selected
Sep 16 00:49:31 debconf: --> SETTITLE debian-installer/cdrom-detect/title
Sep 16 00:49:31 debconf: <-- 0 OK
Sep 16 00:49:31 debconf: --> GET hw-detect/load-ide
Sep 16 00:49:31 debconf: <-- 0 false
Sep 16 00:49:31 debconf: --> PROGRESS START 0 1000 cdrom-detect/detect_progress_title
Sep 16 00:49:31 debconf: <-- 0 OK
Sep 16 00:49:31 debconf: --> PROGRESS INFO hw-detect/detect_progress_step
Sep 16 00:49:31 debconf: <-- 0 OK
Sep 16 00:49:31 net/hw-detect.hotplug: Detected hotpluggable network interface lo
Sep 16 00:49:33 debconf: --> PROGRESS STEP 25
Sep 16 00:49:33 debconf: <-- 0 OK
Sep 16 00:49:33 debconf: --> PROGRESS STEP 25
Sep 16 00:49:33 debconf: <-- 0 OK
Sep 16 00:49:33 debconf: --> PROGRESS STEP 900
Sep 16 00:49:33 debconf: <-- 0 OK
Sep 16 00:49:33 apt-install: Queueing package udev for later installation
Sep 16 00:49:33 apt-install: Queueing package pciutils for later installation
Sep 16 00:49:33 apt-install: Queueing package usbutils for later installation
Sep 16 00:49:33 apt-install: Queueing package eject for later installation
Sep 16 00:49:33 apt-install: Queueing package libc6-i686 for later installation
Sep 16 00:49:33 debconf: --> PROGRESS SET 1000
Sep 16 00:49:33 debconf: <-- 0 OK
Sep 16 00:49:33 debconf: --> PROGRESS STOP
Sep 16 00:49:33 debconf: <-- 0 OK
Sep 16 00:49:34 check-missing-firmware: /dev/.udev/firmware-missing does not exist, skipping
Sep 16 00:49:34 check-missing-firmware: /run/udev/firmware-missing does not exist, skipping
Sep 16 00:49:34 check-missing-firmware: no missing firmware in /dev/.udev/firmware-missing /run/udev/firmware-missing
Sep 16 00:49:34 cdrom-detect: Searching for Ubuntu installation media...
Sep 16 00:49:35 cdrom-detect: Devices: '/dev/sr0 /dev/sr1'
Sep 16 00:49:35 cdrom-detect: CD-ROM mount failed: device=/dev/sr0 fstype=iso9660
Sep 16 00:49:35 kernel: [    7.202980] ISO 9660 Extensions: Microsoft Joliet Level 3
Sep 16 00:49:35 cdrom-detect: CD-ROM mount succeeded: device=/dev/sr1 fstype=iso9660
Sep 16 00:49:35 kernel: [    7.262462] ISO 9660 Extensions: RRIP_1991A
Sep 16 00:49:35 cdrom-detect: Detected CD 'Ubuntu-Server 13.04 "Raring Ringtail" - Release i386 (20130423.1)'
Sep 16 00:49:35 debconf: --> SET cdrom-detect/cdrom_device /dev/sr1
Sep 16 00:49:35 debconf: <-- 0 value set
Sep 16 00:49:35 debconf: --> SET cdrom-detect/cdrom_fs iso9660
Sep 16 00:49:35 debconf: <-- 0 value set
Sep 16 00:49:35 debconf: --> GET cdrom-detect/cdrom_device
Sep 16 00:49:35 debconf: <-- 0 /dev/sr1
Sep 16 00:49:35 debconf: --> INPUT low cdrom-detect/cdrom_hdparm
Sep 16 00:49:35 debconf: <-- 30 question skipped
Sep 16 00:49:35 debconf: --> GO
Sep 16 00:49:35 debconf: <-- 0 ok
Sep 16 00:49:35 debconf: --> GET cdrom-detect/cdrom_hdparm
Sep 16 00:49:35 debconf: <-- 0 
Sep 16 00:49:35 debconf: --> PROGRESS START 0 49 cdrom-detect/scanning_progress_title
Sep 16 00:49:35 debconf: <-- 0 OK
Sep 16 00:49:35 debconf: --> SUBST cdrom-detect/scanning_progress_step DIR /cdrom/pool/main/a
Sep 16 00:49:35 debconf: Adding [DIR] -> [/cdrom/pool/main/a]
Sep 16 00:49:35 debconf: <-- 0
Sep 16 00:49:35 debconf: --> PROGRESS INFO cdrom-detect/scanning_progress_step
Sep 16 00:49:35 debconf: <-- 0 OK
Sep 16 00:49:37 debconf: --> PROGRESS STEP 1
Sep 16 00:49:37 debconf: <-- 0 OK
Sep 16 00:49:37 debconf: --> SUBST cdrom-detect/scanning_progress_step DIR /cdrom/pool/main/b
Sep 16 00:49:37 debconf: Adding [DIR] -> [/cdrom/pool/main/b]
Sep 16 00:49:37 debconf: <-- 0
Sep 16 00:49:37 debconf: --> PROGRESS INFO cdrom-detect/scanning_progress_step
Sep 16 00:49:37 debconf: <-- 0 OK
Sep 16 00:49:38 debconf: --> PROGRESS STEP 1
Sep 16 00:49:38 debconf: <-- 0 OK
Sep 16 00:49:38 debconf: --> SUBST cdrom-detect/scanning_progress_step DIR /cdrom/pool/main/c
Sep 16 00:49:38 debconf: Adding [DIR] -> [/cdrom/pool/main/c]
Sep 16 00:49:38 debconf: <-- 0
Sep 16 00:49:38 debconf: --> PROGRESS INFO cdrom-detect/scanning_progress_step
Sep 16 00:49:38 debconf: <-- 0 OK
Sep 16 00:49:39 debconf: --> PROGRESS STEP 1
Sep 16 00:49:39 debconf: <-- 0 OK
Sep 16 00:49:39 debconf: --> SUBST cdrom-detect/scanning_progress_step DIR /cdrom/pool/main/d
Sep 16 00:49:39 debconf: Adding [DIR] -> [/cdrom/pool/main/d]
Sep 16 00:49:39 debconf: <-- 0
Sep 16 00:49:39 debconf: --> PROGRESS INFO cdrom-detect/scanning_progress_step
Sep 16 00:49:39 debconf: <-- 0 OK
Sep 16 00:49:40 debconf: --> PROGRESS STEP 1
Sep 16 00:49:40 debconf: <-- 0 OK
Sep 16 00:49:40 debconf: --> SUBST cdrom-detect/scanning_progress_step DIR /cdrom/pool/main/e
Sep 16 00:49:40 debconf: Adding [DIR] -> [/cdrom/pool/main/e]
Sep 16 00:49:40 debconf: <-- 0
Sep 16 00:49:40 debconf: --> PROGRESS INFO cdrom-detect/scanning_progress_step
Sep 16 00:49:40 debconf: <-- 0 OK
Sep 16 00:49:41 debconf: --> PROGRESS STEP 1
Sep 16 00:49:41 debconf: <-- 0 OK
Sep 16 00:49:41 debconf: --> SUBST cdrom-detect/scanning_progress_step DIR /cdrom/pool/main/f
Sep 16 00:49:41 debconf: Adding [DIR] -> [/cdrom/pool/main/f]
Sep 16 00:49:41 debconf: <-- 0
Sep 16 00:49:41 debconf: --> PROGRESS INFO cdrom-detect/scanning_progress_step
Sep 16 00:49:41 debconf: <-- 0 OK
Sep 16 00:49:41 debconf: --> PROGRESS STEP 1
Sep 16 00:49:41 debconf: <-- 0 OK
Sep 16 00:49:41 debconf: --> SUBST cdrom-detect/scanning_progress_step DIR /cdrom/pool/main/g
Sep 16 00:49:41 debconf: Adding [DIR] -> [/cdrom/pool/main/g]
Sep 16 00:49:41 debconf: <-- 0
Sep 16 00:49:41 debconf: --> PROGRESS INFO cdrom-detect/scanning_progress_step
Sep 16 00:49:41 debconf: <-- 0 OK
Sep 16 00:49:42 debconf: --> PROGRESS STEP 1
Sep 16 00:49:42 debconf: <-- 0 OK
Sep 16 00:49:42 debconf: --> SUBST cdrom-detect/scanning_progress_step DIR /cdrom/pool/main/h
Sep 16 00:49:42 debconf: Adding [DIR] -> [/cdrom/pool/main/h]
Sep 16 00:49:42 debconf: <-- 0
Sep 16 00:49:42 debconf: --> PROGRESS INFO cdrom-detect/scanning_progress_step
Sep 16 00:49:42 debconf: <-- 0 OK
Sep 16 00:49:42 debconf: --> PROGRESS STEP 1
Sep 16 00:49:42 debconf: <-- 0 OK
Sep 16 00:49:42 debconf: --> SUBST cdrom-detect/scanning_progress_step DIR /cdrom/pool/main/i
Sep 16 00:49:42 debconf: Adding [DIR] -> [/cdrom/pool/main/i]
Sep 16 00:49:42 debconf: <-- 0
Sep 16 00:49:42 debconf: --> PROGRESS INFO cdrom-detect/scanning_progress_step
Sep 16 00:49:42 debconf: <-- 0 OK
Sep 16 00:49:43 debconf: --> PROGRESS STEP 1
Sep 16 00:49:43 debconf: <-- 0 OK
Sep 16 00:49:43 debconf: --> SUBST cdrom-detect/scanning_progress_step DIR /cdrom/pool/main/j
Sep 16 00:49:43 debconf: Adding [DIR] -> [/cdrom/pool/main/j]
Sep 16 00:49:43 debconf: <-- 0
Sep 16 00:49:43 debconf: --> PROGRESS INFO cdrom-detect/scanning_progress_step
Sep 16 00:49:43 debconf: <-- 0 OK
Sep 16 00:49:43 debconf: --> PROGRESS STEP 1
Sep 16 00:49:43 debconf: <-- 0 OK
Sep 16 00:49:43 debconf: --> SUBST cdrom-detect/scanning_progress_step DIR /cdrom/pool/main/k
Sep 16 00:49:43 debconf: Adding [DIR] -> [/cdrom/pool/main/k]
Sep 16 00:49:43 debconf: <-- 0
Sep 16 00:49:43 debconf: --> PROGRESS INFO cdrom-detect/scanning_progress_step
Sep 16 00:49:43 debconf: <-- 0 OK
Sep 16 00:49:43 debconf: --> PROGRESS STEP 1
Sep 16 00:49:43 debconf: <-- 0 OK
Sep 16 00:49:43 debconf: --> SUBST cdrom-detect/scanning_progress_step DIR /cdrom/pool/main/l
Sep 16 00:49:43 debconf: Adding [DIR] -> [/cdrom/pool/main/l]
Sep 16 00:49:43 debconf: <-- 0
Sep 16 00:49:43 debconf: --> PROGRESS INFO cdrom-detect/scanning_progress_step
Sep 16 00:49:43 debconf: <-- 0 OK
Sep 16 00:49:44 debconf: --> PROGRESS STEP 1
Sep 16 00:49:44 debconf: <-- 0 OK
Sep 16 00:49:44 debconf: --> SUBST cdrom-detect/scanning_progress_step DIR /cdrom/pool/main/liba
Sep 16 00:49:44 debconf: Adding [DIR] -> [/cdrom/pool/main/liba]
Sep 16 00:49:44 debconf: <-- 0
Sep 16 00:49:44 debconf: --> PROGRESS INFO cdrom-detect/scanning_progress_step
Sep 16 00:49:44 debconf: <-- 0 OK
Sep 16 00:49:44 debconf: --> PROGRESS STEP 1
Sep 16 00:49:44 debconf: <-- 0 OK
Sep 16 00:49:44 debconf: --> SUBST cdrom-detect/scanning_progress_step DIR /cdrom/pool/main/libb
Sep 16 00:49:44 debconf: Adding [DIR] -> [/cdrom/pool/main/libb]
Sep 16 00:49:44 debconf: <-- 0
Sep 16 00:49:44 debconf: --> PROGRESS INFO cdrom-detect/scanning_progress_step
Sep 16 00:49:44 debconf: <-- 0 OK
Sep 16 00:49:44 debconf: --> PROGRESS STEP 1
Sep 16 00:49:44 debconf: <-- 0 OK
Sep 16 00:49:44 debconf: --> SUBST cdrom-detect/scanning_progress_step DIR /cdrom/pool/main/libc
Sep 16 00:49:44 debconf: Adding [DIR] -> [/cdrom/pool/main/libc]
Sep 16 00:49:44 debconf: <-- 0
Sep 16 00:49:44 debconf: --> PROGRESS INFO cdrom-detect/scanning_progress_step
Sep 16 00:49:44 debconf: <-- 0 OK
Sep 16 00:49:45 debconf: --> PROGRESS STEP 1
Sep 16 00:49:45 debconf: <-- 0 OK
Sep 16 00:49:45 debconf: --> SUBST cdrom-detect/scanning_progress_step DIR /cdrom/pool/main/libd
Sep 16 00:49:45 debconf: Adding [DIR] -> [/cdrom/pool/main/libd]
Sep 16 00:49:45 debconf: <-- 0
Sep 16 00:49:45 debconf: --> PROGRESS INFO cdrom-detect/scanning_progress_step
Sep 16 00:49:45 debconf: <-- 0 OK
Sep 16 00:49:45 debconf: --> PROGRESS STEP 1
Sep 16 00:49:45 debconf: <-- 0 OK
Sep 16 00:49:45 debconf: --> SUBST cdrom-detect/scanning_progress_step DIR /cdrom/pool/main/libe
Sep 16 00:49:45 debconf: Adding [DIR] -> [/cdrom/pool/main/libe]
Sep 16 00:49:45 debconf: <-- 0
Sep 16 00:49:45 debconf: --> PROGRESS INFO cdrom-detect/scanning_progress_step
Sep 16 00:49:45 debconf: <-- 0 OK
Sep 16 00:49:45 debconf: --> PROGRESS STEP 1
Sep 16 00:49:45 debconf: <-- 0 OK
Sep 16 00:49:45 debconf: --> SUBST cdrom-detect/scanning_progress_step DIR /cdrom/pool/main/libf
Sep 16 00:49:45 debconf: Adding [DIR] -> [/cdrom/pool/main/libf]
Sep 16 00:49:45 debconf: <-- 0
Sep 16 00:49:45 debconf: --> PROGRESS INFO cdrom-detect/scanning_progress_step
Sep 16 00:49:45 debconf: <-- 0 OK
Sep 16 00:49:45 debconf: --> PROGRESS STEP 1
Sep 16 00:49:45 debconf: <-- 0 OK
Sep 16 00:49:45 debconf: --> SUBST cdrom-detect/scanning_progress_step DIR /cdrom/pool/main/libg
Sep 16 00:49:45 debconf: Adding [DIR] -> [/cdrom/pool/main/libg]
Sep 16 00:49:45 debconf: <-- 0
Sep 16 00:49:45 debconf: --> PROGRESS INFO cdrom-detect/scanning_progress_step
Sep 16 00:49:45 debconf: <-- 0 OK
Sep 16 00:49:45 debconf: --> PROGRESS STEP 1
Sep 16 00:49:45 debconf: <-- 0 OK
Sep 16 00:49:45 debconf: --> SUBST cdrom-detect/scanning_progress_step DIR /cdrom/pool/main/libh
Sep 16 00:49:45 debconf: Adding [DIR] -> [/cdrom/pool/main/libh]
Sep 16 00:49:45 debconf: <-- 0
Sep 16 00:49:45 debconf: --> PROGRESS INFO cdrom-detect/scanning_progress_step
Sep 16 00:49:45 debconf: <-- 0 OK
Sep 16 00:49:46 debconf: --> PROGRESS STEP 1
Sep 16 00:49:46 debconf: <-- 0 OK
Sep 16 00:49:46 debconf: --> SUBST cdrom-detect/scanning_progress_step DIR /cdrom/pool/main/libi
Sep 16 00:49:46 debconf: Adding [DIR] -> [/cdrom/pool/main/libi]
Sep 16 00:49:46 debconf: <-- 0
Sep 16 00:49:46 debconf: --> PROGRESS INFO cdrom-detect/scanning_progress_step
Sep 16 00:49:46 debconf: <-- 0 OK
Sep 16 00:49:46 debconf: --> PROGRESS STEP 1
Sep 16 00:49:46 debconf: <-- 0 OK
Sep 16 00:49:46 debconf: --> SUBST cdrom-detect/scanning_progress_step DIR /cdrom/pool/main/libj
Sep 16 00:49:46 debconf: Adding [DIR] -> [/cdrom/pool/main/libj]
Sep 16 00:49:46 debconf: <-- 0
Sep 16 00:49:46 debconf: --> PROGRESS INFO cdrom-detect/scanning_progress_step
Sep 16 00:49:46 debconf: <-- 0 OK
Sep 16 00:49:46 debconf: --> PROGRESS STEP 1
Sep 16 00:49:46 debconf: <-- 0 OK
Sep 16 00:49:46 debconf: --> SUBST cdrom-detect/scanning_progress_step DIR /cdrom/pool/main/libl
Sep 16 00:49:46 debconf: Adding [DIR] -> [/cdrom/pool/main/libl]
Sep 16 00:49:46 debconf: <-- 0
Sep 16 00:49:46 debconf: --> PROGRESS INFO cdrom-detect/scanning_progress_step
Sep 16 00:49:46 debconf: <-- 0 OK
Sep 16 00:49:46 debconf: --> PROGRESS STEP 1
Sep 16 00:49:46 debconf: <-- 0 OK
Sep 16 00:49:46 debconf: --> SUBST cdrom-detect/scanning_progress_step DIR /cdrom/pool/main/libm
Sep 16 00:49:46 debconf: Adding [DIR] -> [/cdrom/pool/main/libm]
Sep 16 00:49:46 debconf: <-- 0
Sep 16 00:49:46 debconf: --> PROGRESS INFO cdrom-detect/scanning_progress_step
Sep 16 00:49:46 debconf: <-- 0 OK
Sep 16 00:49:46 debconf: --> PROGRESS STEP 1
Sep 16 00:49:46 debconf: <-- 0 OK
Sep 16 00:49:46 debconf: --> SUBST cdrom-detect/scanning_progress_step DIR /cdrom/pool/main/libn
Sep 16 00:49:46 debconf: Adding [DIR] -> [/cdrom/pool/main/libn]
Sep 16 00:49:46 debconf: <-- 0
Sep 16 00:49:46 debconf: --> PROGRESS INFO cdrom-detect/scanning_progress_step
Sep 16 00:49:46 debconf: <-- 0 OK
Sep 16 00:49:47 debconf: --> PROGRESS STEP 1
Sep 16 00:49:47 debconf: <-- 0 OK
Sep 16 00:49:47 debconf: --> SUBST cdrom-detect/scanning_progress_step DIR /cdrom/pool/main/libo
Sep 16 00:49:47 debconf: Adding [DIR] -> [/cdrom/pool/main/libo]
Sep 16 00:49:47 debconf: <-- 0
Sep 16 00:49:47 debconf: --> PROGRESS INFO cdrom-detect/scanning_progress_step
Sep 16 00:49:47 debconf: <-- 0 OK
Sep 16 00:49:47 debconf: --> PROGRESS STEP 1
Sep 16 00:49:47 debconf: <-- 0 OK
Sep 16 00:49:47 debconf: --> SUBST cdrom-detect/scanning_progress_step DIR /cdrom/pool/main/libp
Sep 16 00:49:47 debconf: Adding [DIR] -> [/cdrom/pool/main/libp]
Sep 16 00:49:47 debconf: <-- 0
Sep 16 00:49:47 debconf: --> PROGRESS INFO cdrom-detect/scanning_progress_step
Sep 16 00:49:47 debconf: <-- 0 OK
Sep 16 00:49:47 debconf: --> PROGRESS STEP 1
Sep 16 00:49:47 debconf: <-- 0 OK
Sep 16 00:49:47 debconf: --> SUBST cdrom-detect/scanning_progress_step DIR /cdrom/pool/main/libr
Sep 16 00:49:47 debconf: Adding [DIR] -> [/cdrom/pool/main/libr]
Sep 16 00:49:47 debconf: <-- 0
Sep 16 00:49:47 debconf: --> PROGRESS INFO cdrom-detect/scanning_progress_step
Sep 16 00:49:47 debconf: <-- 0 OK
Sep 16 00:49:47 debconf: --> PROGRESS STEP 1
Sep 16 00:49:47 debconf: <-- 0 OK
Sep 16 00:49:47 debconf: --> SUBST cdrom-detect/scanning_progress_step DIR /cdrom/pool/main/libs
Sep 16 00:49:47 debconf: Adding [DIR] -> [/cdrom/pool/main/libs]
Sep 16 00:49:47 debconf: <-- 0
Sep 16 00:49:47 debconf: --> PROGRESS INFO cdrom-detect/scanning_progress_step
Sep 16 00:49:47 debconf: <-- 0 OK
Sep 16 00:49:47 debconf: --> PROGRESS STEP 1
Sep 16 00:49:47 debconf: <-- 0 OK
Sep 16 00:49:47 debconf: --> SUBST cdrom-detect/scanning_progress_step DIR /cdrom/pool/main/libt
Sep 16 00:49:47 debconf: Adding [DIR] -> [/cdrom/pool/main/libt]
Sep 16 00:49:47 debconf: <-- 0
Sep 16 00:49:47 debconf: --> PROGRESS INFO cdrom-detect/scanning_progress_step
Sep 16 00:49:47 debconf: <-- 0 OK
Sep 16 00:49:48 debconf: --> PROGRESS STEP 1
Sep 16 00:49:48 debconf: <-- 0 OK
Sep 16 00:49:48 debconf: --> SUBST cdrom-detect/scanning_progress_step DIR /cdrom/pool/main/libu
Sep 16 00:49:48 debconf: Adding [DIR] -> [/cdrom/pool/main/libu]
Sep 16 00:49:48 debconf: <-- 0
Sep 16 00:49:48 debconf: --> PROGRESS INFO cdrom-detect/scanning_progress_step
Sep 16 00:49:48 debconf: <-- 0 OK
Sep 16 00:49:48 debconf: --> PROGRESS STEP 1
Sep 16 00:49:48 debconf: <-- 0 OK
Sep 16 00:49:48 debconf: --> SUBST cdrom-detect/scanning_progress_step DIR /cdrom/pool/main/libv
Sep 16 00:49:48 debconf: Adding [DIR] -> [/cdrom/pool/main/libv]
Sep 16 00:49:48 debconf: <-- 0
Sep 16 00:49:48 debconf: --> PROGRESS INFO cdrom-detect/scanning_progress_step
Sep 16 00:49:48 debconf: <-- 0 OK
Sep 16 00:49:48 debconf: --> PROGRESS STEP 1
Sep 16 00:49:48 debconf: <-- 0 OK
Sep 16 00:49:48 debconf: --> SUBST cdrom-detect/scanning_progress_step DIR /cdrom/pool/main/libw
Sep 16 00:49:48 debconf: Adding [DIR] -> [/cdrom/pool/main/libw]
Sep 16 00:49:48 debconf: <-- 0
Sep 16 00:49:48 debconf: --> PROGRESS INFO cdrom-detect/scanning_progress_step
Sep 16 00:49:48 debconf: <-- 0 OK
Sep 16 00:49:48 debconf: --> PROGRESS STEP 1
Sep 16 00:49:48 debconf: <-- 0 OK
Sep 16 00:49:48 debconf: --> SUBST cdrom-detect/scanning_progress_step DIR /cdrom/pool/main/libx
Sep 16 00:49:48 debconf: Adding [DIR] -> [/cdrom/pool/main/libx]
Sep 16 00:49:48 debconf: <-- 0
Sep 16 00:49:48 debconf: --> PROGRESS INFO cdrom-detect/scanning_progress_step
Sep 16 00:49:48 debconf: <-- 0 OK
Sep 16 00:49:48 debconf: --> PROGRESS STEP 1
Sep 16 00:49:48 debconf: <-- 0 OK
Sep 16 00:49:48 debconf: --> SUBST cdrom-detect/scanning_progress_step DIR /cdrom/pool/main/liby
Sep 16 00:49:48 debconf: Adding [DIR] -> [/cdrom/pool/main/liby]
Sep 16 00:49:48 debconf: <-- 0
Sep 16 00:49:48 debconf: --> PROGRESS INFO cdrom-detect/scanning_progress_step
Sep 16 00:49:48 debconf: <-- 0 OK
Sep 16 00:49:48 debconf: --> PROGRESS STEP 1
