Sep  9 14:24:14 syslogd started: BusyBox v1.18.5
Sep  9 14:24:14 kernel: klogd started: BusyBox v1.18.5 (Ubuntu 1:1.18.5-1ubuntu4)
Sep  9 14:24:14 kernel: [    0.000000] Initializing cgroup subsys cpuset
Sep  9 14:24:14 kernel: [    0.000000] Initializing cgroup subsys cpu
Sep  9 14:24:14 kernel: [    0.000000] Linux version 3.2.0-23-generic (buildd@crested) (gcc version 4.6.3 (Ubuntu/Linaro 4.6.3-1ubuntu4) ) #36-Ubuntu SMP Tue Apr 10 20:39:51 UTC 2012 (Ubuntu 3.2.0-23.36-generic 3.2.14)
Sep  9 14:24:14 kernel: [    0.000000] Command line: DEBCONF_DEBUG=5 auto=true locale=en_US.UTF-8 console-setup/charmap=UTF-8 console-setup/layoutcode=us console-setup/ask_detect=false pkgsel/language-pack-patterns=pkgsel/install-language-support=fals
Sep  9 14:24:14 kernel: [    0.000000] KERNEL supported cpus:
Sep  9 14:24:14 kernel: [    0.000000]   Intel GenuineIntel
Sep  9 14:24:14 kernel: [    0.000000]   AMD AuthenticAMD
Sep  9 14:24:14 kernel: [    0.000000]   Centaur CentaurHauls
Sep  9 14:24:14 kernel: [    0.000000] BIOS-provided physical RAM map:
Sep  9 14:24:14 kernel: [    0.000000]  BIOS-e820: 0000000000000000 - 000000000009c800 (usable)
Sep  9 14:24:14 kernel: [    0.000000]  BIOS-e820: 000000000009c800 - 00000000000a0000 (reserved)
Sep  9 14:24:14 kernel: [    0.000000]  BIOS-e820: 00000000000e0000 - 0000000000100000 (reserved)
Sep  9 14:24:14 kernel: [    0.000000]  BIOS-e820: 0000000000100000 - 00000000dd65b000 (usable)
Sep  9 14:24:14 kernel: [    0.000000]  BIOS-e820: 00000000dd65b000 - 00000000dd70d000 (reserved)
Sep  9 14:24:14 kernel: [    0.000000]  BIOS-e820: 00000000dd70d000 - 00000000dd825000 (ACPI NVS)
Sep  9 14:24:14 kernel: [    0.000000]  BIOS-e820: 00000000dd825000 - 00000000dede5000 (reserved)
Sep  9 14:24:14 kernel: [    0.000000]  BIOS-e820: 00000000dede5000 - 00000000dede6000 (usable)
Sep  9 14:24:14 kernel: [    0.000000]  BIOS-e820: 00000000dede6000 - 00000000dee29000 (ACPI NVS)
Sep  9 14:24:14 kernel: [    0.000000]  BIOS-e820: 00000000dee29000 - 00000000df800000 (usable)
Sep  9 14:24:14 kernel: [    0.000000]  BIOS-e820: 00000000f0000000 - 00000000f8000000 (reserved)
Sep  9 14:24:14 kernel: [    0.000000]  BIOS-e820: 00000000fec00000 - 00000000fec01000 (reserved)
Sep  9 14:24:14 kernel: [    0.000000]  BIOS-e820: 00000000fed00000 - 00000000fed04000 (reserved)
Sep  9 14:24:14 kernel: [    0.000000]  BIOS-e820: 00000000fed1c000 - 00000000fed20000 (reserved)
Sep  9 14:24:14 kernel: [    0.000000]  BIOS-e820: 00000000fee00000 - 00000000fee01000 (reserved)
Sep  9 14:24:14 kernel: [    0.000000]  BIOS-e820: 00000000ff000000 - 0000000100000000 (reserved)
Sep  9 14:24:14 kernel: [    0.000000]  BIOS-e820: 0000000100000000 - 00000004a0000000 (usable)
Sep  9 14:24:14 kernel: [    0.000000] NX (Execute Disable) protection: active
Sep  9 14:24:14 kernel: [    0.000000] DMI 2.7 present.
Sep  9 14:24:14 kernel: [    0.000000] DMI: FUJITSU PRIMERGY RX100 S7p/D3034-B1, BIOS V4.6.5.3 R1.20.0 for D3034-B1x 10/29/2012
Sep  9 14:24:14 kernel: [    0.000000] e820 update range: 0000000000000000 - 0000000000010000 (usable) ==> (reserved)
Sep  9 14:24:14 kernel: [    0.000000] e820 remove range: 00000000000a0000 - 0000000000100000 (usable)
Sep  9 14:24:14 kernel: [    0.000000] No AGP bridge found
Sep  9 14:24:14 kernel: [    0.000000] last_pfn = 0x4a0000 max_arch_pfn = 0x400000000
Sep  9 14:24:14 kernel: [    0.000000] MTRR default type: uncachable
Sep  9 14:24:14 kernel: [    0.000000] MTRR fixed ranges enabled:
Sep  9 14:24:14 kernel: [    0.000000]   00000-9FFFF write-back
Sep  9 14:24:14 kernel: [    0.000000]   A0000-BFFFF uncachable
Sep  9 14:24:14 kernel: [    0.000000]   C0000-CBFFF write-protect
Sep  9 14:24:14 kernel: [    0.000000]   CC000-E7FFF uncachable
Sep  9 14:24:14 kernel: [    0.000000]   E8000-FFFFF write-protect
Sep  9 14:24:14 kernel: [    0.000000] MTRR variable ranges enabled:
Sep  9 14:24:14 kernel: [    0.000000]   0 base 000000000 mask C00000000 write-back
Sep  9 14:24:14 kernel: [    0.000000]   1 base 400000000 mask F80000000 write-back
Sep  9 14:24:14 kernel: [    0.000000]   2 base 480000000 mask FE0000000 write-back
Sep  9 14:24:14 kernel: [    0.000000]   3 base 0E0000000 mask FE0000000 uncachable
Sep  9 14:24:14 kernel: [    0.000000]   4 disabled
Sep  9 14:24:14 kernel: [    0.000000]   5 disabled
Sep  9 14:24:14 kernel: [    0.000000]   6 disabled
Sep  9 14:24:14 kernel: [    0.000000]   7 disabled
Sep  9 14:24:14 kernel: [    0.000000]   8 disabled
Sep  9 14:24:14 kernel: [    0.000000]   9 disabled
Sep  9 14:24:14 kernel: [    0.000000] x86 PAT enabled: cpu 0, old 0x7040600070406, new 0x7010600070106
Sep  9 14:24:14 kernel: [    0.000000] original variable MTRRs
Sep  9 14:24:14 kernel: [    0.000000] reg 0, base: 0GB, range: 16GB, type WB
Sep  9 14:24:14 kernel: [    0.000000] reg 1, base: 16GB, range: 2GB, type WB
Sep  9 14:24:14 kernel: [    0.000000] reg 2, base: 18GB, range: 512MB, type WB
Sep  9 14:24:14 kernel: [    0.000000] reg 3, base: 3584MB, range: 512MB, type UC
Sep  9 14:24:14 kernel: [    0.000000] total RAM covered: 18432M
Sep  9 14:24:14 kernel: [    0.000000] Found optimal setting for mtrr clean up
Sep  9 14:24:14 kernel: [    0.000000]  gran_size: 64K   chunk_size: 64K 	num_reg: 7  	lose cover RAM: 0G
Sep  9 14:24:14 kernel: [    0.000000] New variable MTRRs
Sep  9 14:24:14 kernel: [    0.000000] reg 0, base: 0GB, range: 2GB, type WB
Sep  9 14:24:14 kernel: [    0.000000] reg 1, base: 2GB, range: 1GB, type WB
Sep  9 14:24:14 kernel: [    0.000000] reg 2, base: 3GB, range: 512MB, type WB
Sep  9 14:24:14 kernel: [    0.000000] reg 3, base: 4GB, range: 4GB, type WB
Sep  9 14:24:14 kernel: [    0.000000] reg 4, base: 8GB, range: 8GB, type WB
Sep  9 14:24:14 kernel: [    0.000000] reg 5, base: 16GB, range: 2GB, type WB
Sep  9 14:24:14 kernel: [    0.000000] reg 6, base: 18GB, range: 512MB, type WB
Sep  9 14:24:14 kernel: [    0.000000] e820 update range: 00000000e0000000 - 0000000100000000 (usable) ==> (reserved)
Sep  9 14:24:14 kernel: [    0.000000] last_pfn = 0xdf800 max_arch_pfn = 0x400000000
Sep  9 14:24:14 kernel: [    0.000000] found SMP MP-table at [ffff8800000fdcf0] fdcf0
Sep  9 14:24:14 kernel: [    0.000000] initial memory mapped : 0 - 20000000
Sep  9 14:24:14 kernel: [    0.000000] Base memory trampoline at [ffff880000097000] 97000 size 20480
Sep  9 14:24:14 kernel: [    0.000000] init_memory_mapping: 0000000000000000-00000000df800000
Sep  9 14:24:14 kernel: [    0.000000]  0000000000 - 00df800000 page 2M
Sep  9 14:24:14 kernel: [    0.000000] kernel direct mapping tables up to df800000 @ 1fffb000-20000000
Sep  9 14:24:14 kernel: [    0.000000] init_memory_mapping: 0000000100000000-00000004a0000000
Sep  9 14:24:14 kernel: [    0.000000]  0100000000 - 04a0000000 page 2M
Sep  9 14:24:14 kernel: [    0.000000] kernel direct mapping tables up to 4a0000000 @ df7ec000-df800000
Sep  9 14:24:14 kernel: [    0.000000] RAMDISK: 7ef5b000 - 7ffff000
Sep  9 14:24:14 kernel: [    0.000000] ACPI: RSDP 00000000000f0490 00024 (v02 ALASKA)
Sep  9 14:24:14 kernel: [    0.000000] ACPI: XSDT 00000000dd814088 00094 (v01 ALASKA    A M I 01072009 AMI  00010013)
Sep  9 14:24:14 kernel: [    0.000000] ACPI: FACP 00000000dd81fb80 0010C (v05 ALASKA    A M I 01072009 AMI  00010013)
Sep  9 14:24:14 kernel: [    0.000000] ACPI Warning: FADT (revision 5) is longer than ACPI 2.0 version, truncating length 268 to 244 (20110623/tbfadt-288)
Sep  9 14:24:14 kernel: [    0.000000] ACPI: DSDT 00000000dd8141b8 0B9C3 (v02 ALASKA    A M I 00000009 INTL 20091112)
Sep  9 14:24:14 kernel: [    0.000000] ACPI: FACS 00000000dd823080 00040
Sep  9 14:24:14 kernel: [    0.000000] ACPI: APIC 00000000dd81fc90 00072 (v03 ALASKA    A M I 01072009 AMI  00010013)
Sep  9 14:24:14 kernel: [    0.000000] ACPI: FPDT 00000000dd81fd08 00044 (v01 ALASKA    A M I 01072009 AMI  00010013)
Sep  9 14:24:14 kernel: [    0.000000] ACPI: MCFG 00000000dd81fd50 0003C (v01 ALASKA    A M I 01072009 MSFT 00000097)
Sep  9 14:24:14 kernel: [    0.000000] ACPI: HPET 00000000dd81fd90 00038 (v01 ALASKA    A M I 01072009 AMI. 00000005)
Sep  9 14:24:14 kernel: [    0.000000] ACPI: SSDT 00000000dd81fdc8 0036D (v01 SataRe SataTabl 00001000 INTL 20091112)
Sep  9 14:24:14 kernel: [    0.000000] ACPI: SPMI 00000000dd820138 00040 (v05 A M I   OEMSPMI 00000000 AMI. 00000000)
Sep  9 14:24:14 kernel: [    0.000000] ACPI: SSDT 00000000dd820178 009A4 (v01  PmRef  Cpu0Ist 00003000 INTL 20051117)
Sep  9 14:24:14 kernel: [    0.000000] ACPI: SSDT 00000000dd820b20 00A88 (v01  PmRef    CpuPm 00003000 INTL 20051117)
Sep  9 14:24:14 kernel: [    0.000000] ACPI: DMAR 00000000dd8215a8 00078 (v01 INTEL      SNB  00000001 INTL 00000001)
Sep  9 14:24:14 kernel: [    0.000000] ACPI: EINJ 00000000dd821620 00130 (v01    AMI AMI EINJ 00000000      00000000)
Sep  9 14:24:14 kernel: [    0.000000] ACPI: ERST 00000000dd821750 00210 (v01  AMIER AMI ERST 00000000      00000000)
Sep  9 14:24:14 kernel: [    0.000000] ACPI: HEST 00000000dd821960 000A8 (v01    AMI AMI HEST 00000000      00000000)
Sep  9 14:24:14 kernel: [    0.000000] ACPI: BERT 00000000dd821a08 00030 (v01    AMI AMI BERT 00000000      00000000)
Sep  9 14:24:14 kernel: [    0.000000] ACPI: Local APIC address 0xfee00000
Sep  9 14:24:14 kernel: [    0.000000] No NUMA configuration found
Sep  9 14:24:14 kernel: [    0.000000] Faking a node at 0000000000000000-00000004a0000000
Sep  9 14:24:14 kernel: [    0.000000] Initmem setup node 0 0000000000000000-00000004a0000000
Sep  9 14:24:14 kernel: [    0.000000]   NODE_DATA [000000049fffb000 - 000000049fffffff]
Sep  9 14:24:14 kernel: [    0.000000]  [ffffea0000000000-ffffea00127fffff] PMD -> [ffff88048d600000-ffff88049f5fffff] on node 0
Sep  9 14:24:14 kernel: [    0.000000] Zone PFN ranges:
Sep  9 14:24:14 kernel: [    0.000000]   DMA      0x00000010 -> 0x00001000
Sep  9 14:24:14 kernel: [    0.000000]   DMA32    0x00001000 -> 0x00100000
Sep  9 14:24:14 kernel: [    0.000000]   Normal   0x00100000 -> 0x004a0000
Sep  9 14:24:14 kernel: [    0.000000] Movable zone start PFN for each node
Sep  9 14:24:14 kernel: [    0.000000] early_node_map[5] active PFN ranges
Sep  9 14:24:14 kernel: [    0.000000]     0: 0x00000010 -> 0x0000009c
Sep  9 14:24:14 kernel: [    0.000000]     0: 0x00000100 -> 0x000dd65b
Sep  9 14:24:14 kernel: [    0.000000]     0: 0x000dede5 -> 0x000dede6
Sep  9 14:24:14 kernel: [    0.000000]     0: 0x000dee29 -> 0x000df800
Sep  9 14:24:14 kernel: [    0.000000]     0: 0x00100000 -> 0x004a0000
Sep  9 14:24:14 kernel: [    0.000000] On node 0 totalpages: 4710335
Sep  9 14:24:14 kernel: [    0.000000]   DMA zone: 64 pages used for memmap
Sep  9 14:24:14 kernel: [    0.000000]   DMA zone: 5 pages reserved
Sep  9 14:24:14 kernel: [    0.000000]   DMA zone: 3911 pages, LIFO batch:0
Sep  9 14:24:14 kernel: [    0.000000]   DMA32 zone: 16320 pages used for memmap
Sep  9 14:24:14 kernel: [    0.000000]   DMA32 zone: 888947 pages, LIFO batch:31
Sep  9 14:24:14 kernel: [    0.000000]   Normal zone: 59392 pages used for memmap
Sep  9 14:24:14 kernel: [    0.000000]   Normal zone: 3741696 pages, LIFO batch:31
Sep  9 14:24:14 kernel: [    0.000000] ACPI: PM-Timer IO Port: 0x408
Sep  9 14:24:14 kernel: [    0.000000] ACPI: Local APIC address 0xfee00000
Sep  9 14:24:14 kernel: [    0.000000] ACPI: LAPIC (acpi_id[0x01] lapic_id[0x00] enabled)
Sep  9 14:24:14 kernel: [    0.000000] ACPI: LAPIC (acpi_id[0x02] lapic_id[0x02] enabled)
Sep  9 14:24:14 kernel: [    0.000000] ACPI: LAPIC (acpi_id[0x03] lapic_id[0x04] enabled)
Sep  9 14:24:14 kernel: [    0.000000] ACPI: LAPIC (acpi_id[0x04] lapic_id[0x06] enabled)
Sep  9 14:24:14 kernel: [    0.000000] ACPI: LAPIC_NMI (acpi_id[0xff] high edge lint[0x1])
Sep  9 14:24:14 kernel: [    0.000000] ACPI: IOAPIC (id[0x02] address[0xfec00000] gsi_base[0])
Sep  9 14:24:14 kernel: [    0.000000] IOAPIC[0]: apic_id 2, version 32, address 0xfec00000, GSI 0-23
Sep  9 14:24:14 kernel: [    0.000000] ACPI: INT_SRC_OVR (bus 0 bus_irq 0 global_irq 2 dfl dfl)
Sep  9 14:24:14 kernel: [    0.000000] ACPI: INT_SRC_OVR (bus 0 bus_irq 9 global_irq 9 high level)
Sep  9 14:24:14 kernel: [    0.000000] ACPI: IRQ0 used by override.
Sep  9 14:24:14 kernel: [    0.000000] ACPI: IRQ2 used by override.
Sep  9 14:24:14 kernel: [    0.000000] ACPI: IRQ9 used by override.
Sep  9 14:24:14 kernel: [    0.000000] Using ACPI (MADT) for SMP configuration information
Sep  9 14:24:14 kernel: [    0.000000] ACPI: HPET id: 0x8086a701 base: 0xfed00000
Sep  9 14:24:14 kernel: [    0.000000] SMP: Allowing 4 CPUs, 0 hotplug CPUs
Sep  9 14:24:14 kernel: [    0.000000] nr_irqs_gsi: 40
Sep  9 14:24:14 kernel: [    0.000000] PM: Registered nosave memory: 000000000009c000 - 000000000009d000
Sep  9 14:24:14 kernel: [    0.000000] PM: Registered nosave memory: 000000000009d000 - 00000000000a0000
Sep  9 14:24:14 kernel: [    0.000000] PM: Registered nosave memory: 00000000000a0000 - 00000000000e0000
Sep  9 14:24:14 kernel: [    0.000000] PM: Registered nosave memory: 00000000000e0000 - 0000000000100000
Sep  9 14:24:14 kernel: [    0.000000] PM: Registered nosave memory: 00000000dd65b000 - 00000000dd70d000
Sep  9 14:24:14 kernel: [    0.000000] PM: Registered nosave memory: 00000000dd70d000 - 00000000dd825000
Sep  9 14:24:14 kernel: [    0.000000] PM: Registered nosave memory: 00000000dd825000 - 00000000dede5000
Sep  9 14:24:14 kernel: [    0.000000] PM: Registered nosave memory: 00000000dede6000 - 00000000dee29000
Sep  9 14:24:14 kernel: [    0.000000] PM: Registered nosave memory: 00000000df800000 - 00000000f0000000
Sep  9 14:24:14 kernel: [    0.000000] PM: Registered nosave memory: 00000000f0000000 - 00000000f8000000
Sep  9 14:24:14 kernel: [    0.000000] PM: Registered nosave memory: 00000000f8000000 - 00000000fec00000
Sep  9 14:24:14 kernel: [    0.000000] PM: Registered nosave memory: 00000000fec00000 - 00000000fec01000
Sep  9 14:24:14 kernel: [    0.000000] PM: Registered nosave memory: 00000000fec01000 - 00000000fed00000
Sep  9 14:24:14 kernel: [    0.000000] PM: Registered nosave memory: 00000000fed00000 - 00000000fed04000
Sep  9 14:24:14 kernel: [    0.000000] PM: Registered nosave memory: 00000000fed04000 - 00000000fed1c000
Sep  9 14:24:14 kernel: [    0.000000] PM: Registered nosave memory: 00000000fed1c000 - 00000000fed20000
Sep  9 14:24:14 kernel: [    0.000000] PM: Registered nosave memory: 00000000fed20000 - 00000000fee00000
Sep  9 14:24:14 kernel: [    0.000000] PM: Registered nosave memory: 00000000fee00000 - 00000000fee01000
Sep  9 14:24:14 kernel: [    0.000000] PM: Registered nosave memory: 00000000fee01000 - 00000000ff000000
Sep  9 14:24:14 kernel: [    0.000000] PM: Registered nosave memory: 00000000ff000000 - 0000000100000000
Sep  9 14:24:14 kernel: [    0.000000] Allocating PCI resources starting at df800000 (gap: df800000:10800000)
Sep  9 14:24:14 kernel: [    0.000000] Booting paravirtualized kernel on bare hardware
Sep  9 14:24:14 kernel: [    0.000000] setup_percpu: NR_CPUS:256 nr_cpumask_bits:256 nr_cpu_ids:4 nr_node_ids:1
Sep  9 14:24:14 kernel: [    0.000000] PERCPU: Embedded 28 pages/cpu @ffff88049fc00000 s83072 r8192 d23424 u524288
Sep  9 14:24:14 kernel: [    0.000000] pcpu-alloc: s83072 r8192 d23424 u524288 alloc=1*2097152
Sep  9 14:24:14 kernel: [    0.000000] pcpu-alloc: [0] 0 1 2 3 
Sep  9 14:24:14 kernel: [    0.000000] Built 1 zonelists in Zone order, mobility grouping on.  Total pages: 4634554
Sep  9 14:24:14 kernel: [    0.000000] Policy zone: Normal
Sep  9 14:24:14 kernel: [    0.000000] Kernel command line: DEBCONF_DEBUG=5 auto=true locale=en_US.UTF-8 console-setup/charmap=UTF-8 console-setup/layoutcode=us console-setup/ask_detect=false pkgsel/language-pack-patterns=pkgsel/install-language-suppo
Sep  9 14:24:14 kernel: [    0.000000] PID hash table entries: 4096 (order: 3, 32768 bytes)
Sep  9 14:24:14 kernel: [    0.000000] xsave/xrstor: enabled xstate_bv 0x7, cntxt size 0x340
Sep  9 14:24:14 kernel: [    0.000000] Checking aperture...
Sep  9 14:24:14 kernel: [    0.000000] No AGP bridge found
Sep  9 14:24:14 kernel: [    0.000000] Calgary: detecting Calgary via BIOS EBDA area
Sep  9 14:24:14 kernel: [    0.000000] Calgary: Unable to locate Rio Grande table in EBDA - bailing!
Sep  9 14:24:14 kernel: [    0.000000] Memory: 18446992k/19398656k available (6566k kernel code, 557316k absent, 394348k reserved, 6637k data, 920k init)
Sep  9 14:24:14 kernel: [    0.000000] SLUB: Genslabs=15, HWalign=64, Order=0-3, MinObjects=0, CPUs=4, Nodes=1
Sep  9 14:24:14 kernel: [    0.000000] Hierarchical RCU implementation.
Sep  9 14:24:14 kernel: [    0.000000] 	RCU dyntick-idle grace-period acceleration is enabled.
Sep  9 14:24:14 kernel: [    0.000000] NR_IRQS:16640 nr_irqs:712 16
Sep  9 14:24:14 kernel: [    0.000000] Extended CMOS year: 2000
Sep  9 14:24:14 kernel: [    0.000000] Console: colour VGA+ 80x25
Sep  9 14:24:14 kernel: [    0.000000] console [tty0] enabled
Sep  9 14:24:14 kernel: [    0.000000] allocated 150994944 bytes of page_cgroup
Sep  9 14:24:14 kernel: [    0.000000] please try 'cgroup_disable=memory' option if you don't want memory cgroups
Sep  9 14:24:14 kernel: [    0.000000] hpet clockevent registered
Sep  9 14:24:14 kernel: [    0.000000] Fast TSC calibration using PIT
Sep  9 14:24:14 kernel: [    0.004000] Detected 3092.880 MHz processor.
Sep  9 14:24:14 kernel: [    0.000002] Calibrating delay loop (skipped), value calculated using timer frequency.. 6185.76 BogoMIPS (lpj=12371520)
Sep  9 14:24:14 kernel: [    0.000005] pid_max: default: 32768 minimum: 301
Sep  9 14:24:14 kernel: [    0.000021] Security Framework initialized
Sep  9 14:24:14 kernel: [    0.000030] AppArmor: AppArmor initialized
Sep  9 14:24:14 kernel: [    0.000031] Yama: becoming mindful.
Sep  9 14:24:14 kernel: [    0.002050] Dentry cache hash table entries: 4194304 (order: 13, 33554432 bytes)
Sep  9 14:24:14 kernel: [    0.008612] Inode-cache hash table entries: 2097152 (order: 12, 16777216 bytes)
Sep  9 14:24:14 kernel: [    0.011412] Mount-cache hash table entries: 256
Sep  9 14:24:14 kernel: [    0.011491] Initializing cgroup subsys cpuacct
Sep  9 14:24:14 kernel: [    0.011494] Initializing cgroup subsys memory
Sep  9 14:24:14 kernel: [    0.011500] Initializing cgroup subsys devices
Sep  9 14:24:14 kernel: [    0.011501] Initializing cgroup subsys freezer
Sep  9 14:24:14 kernel: [    0.011502] Initializing cgroup subsys blkio
Sep  9 14:24:14 kernel: [    0.011506] Initializing cgroup subsys perf_event
Sep  9 14:24:14 kernel: [    0.011527] CPU: Physical Processor ID: 0
Sep  9 14:24:14 kernel: [    0.011528] CPU: Processor Core ID: 0
Sep  9 14:24:14 kernel: [    0.011532] ENERGY_PERF_BIAS: Set to 'normal', was 'performance'
Sep  9 14:24:14 kernel: [    0.011532] ENERGY_PERF_BIAS: View and update with x86_energy_perf_policy(8)
Sep  9 14:24:14 kernel: [    0.011819] mce: CPU supports 9 MCE banks
Sep  9 14:24:14 kernel: [    0.011830] CPU0: Thermal monitoring enabled (TM1)
Sep  9 14:24:14 kernel: [    0.011835] using mwait in idle threads.
Sep  9 14:24:14 kernel: [    0.013473] ACPI: Core revision 20110623
Sep  9 14:24:14 kernel: [    0.017897] ftrace: allocating 27049 entries in 107 pages
Sep  9 14:24:14 kernel: [    0.024775] DMAR: Host address width 36
Sep  9 14:24:14 kernel: [    0.024777] DMAR: DRHD base: 0x000000fed90000 flags: 0x1
Sep  9 14:24:14 kernel: [    0.024782] IOMMU 0: reg_base_addr fed90000 ver 1:0 cap c9008020660262 ecap f010da
Sep  9 14:24:14 kernel: [    0.024784] DMAR: RMRR base: 0x000000dd6a4000 end: 0x000000dd6b0fff
Sep  9 14:24:14 kernel: [    0.024854] IOAPIC id 2 under DRHD base  0xfed90000 IOMMU 0
Sep  9 14:24:14 kernel: [    0.024855] HPET id 0 under DRHD base 0xfed90000
Sep  9 14:24:14 kernel: [    0.024916] Enabled IRQ remapping in x2apic mode
Sep  9 14:24:14 kernel: [    0.024917] Enabling x2apic
Sep  9 14:24:14 kernel: [    0.024918] Enabled x2apic
Sep  9 14:24:14 kernel: [    0.024923] Switched APIC routing to cluster x2apic.
Sep  9 14:24:14 kernel: [    0.025362] ..TIMER: vector=0x30 apic1=0 pin1=2 apic2=-1 pin2=-1
Sep  9 14:24:14 kernel: [    0.065036] CPU0: Intel(R) Xeon(R) CPU E3-1220 V2 @ 3.10GHz stepping 09
Sep  9 14:24:14 kernel: [    0.172974] Performance Events: PEBS fmt1+, generic architected perfmon, Intel PMU driver.
Sep  9 14:24:14 kernel: [    0.172979] ... version:                3
Sep  9 14:24:14 kernel: [    0.172980] ... bit width:              48
Sep  9 14:24:14 kernel: [    0.172980] ... generic registers:      8
Sep  9 14:24:14 kernel: [    0.172981] ... value mask:             0000ffffffffffff
Sep  9 14:24:14 kernel: [    0.172982] ... max period:             000000007fffffff
Sep  9 14:24:14 kernel: [    0.172983] ... fixed-purpose events:   3
Sep  9 14:24:14 kernel: [    0.172984] ... event mask:             00000007000000ff
Sep  9 14:24:14 kernel: [    0.173077] NMI watchdog enabled, takes one hw-pmu counter.
Sep  9 14:24:14 kernel: [    0.173135] Booting Node   0, Processors  #1
Sep  9 14:24:14 kernel: [    0.173136] smpboot cpu 1: start_ip = 97000
Sep  9 14:24:14 kernel: [    0.281346] NMI watchdog enabled, takes one hw-pmu counter.
Sep  9 14:24:14 kernel: [    0.281414]  #2
Sep  9 14:24:14 kernel: [    0.281415] smpboot cpu 2: start_ip = 97000
Sep  9 14:24:14 kernel: [    0.389322] NMI watchdog enabled, takes one hw-pmu counter.
Sep  9 14:24:14 kernel: [    0.389385]  #3 Ok.
Sep  9 14:24:14 kernel: [    0.389386] smpboot cpu 3: start_ip = 97000
Sep  9 14:24:14 kernel: [    0.497290] NMI watchdog enabled, takes one hw-pmu counter.
Sep  9 14:24:14 kernel: [    0.497315] Brought up 4 CPUs
Sep  9 14:24:14 kernel: [    0.497317] Total of 4 processors activated (24742.73 BogoMIPS).
Sep  9 14:24:14 kernel: [    0.500811] devtmpfs: initialized
Sep  9 14:24:14 kernel: [    0.501678] EVM: security.selinux
Sep  9 14:24:14 kernel: [    0.501679] EVM: security.SMACK64
Sep  9 14:24:14 kernel: [    0.501679] EVM: security.capability
Sep  9 14:24:14 kernel: [    0.501696] PM: Registering ACPI NVS region at dd70d000 (1146880 bytes)
Sep  9 14:24:14 kernel: [    0.501709] PM: Registering ACPI NVS region at dede6000 (274432 bytes)
Sep  9 14:24:14 kernel: [    0.502259] print_constraints: dummy: 
Sep  9 14:24:14 kernel: [    0.502286] RTC time: 14:24:12, date: 09/09/13
Sep  9 14:24:14 kernel: [    0.502308] NET: Registered protocol family 16
Sep  9 14:24:14 kernel: [    0.502375] Trying to unpack rootfs image as initramfs...
Sep  9 14:24:14 kernel: [    0.502381] ACPI FADT declares the system doesn't support PCIe ASPM, so disable it
Sep  9 14:24:14 kernel: [    0.502383] ACPI: bus type pci registered
Sep  9 14:24:14 kernel: [    0.502423] PCI: MMCONFIG for domain 0000 [bus 00-7f] at [mem 0xf0000000-0xf7ffffff] (base 0xf0000000)
Sep  9 14:24:14 kernel: [    0.502425] PCI: MMCONFIG at [mem 0xf0000000-0xf7ffffff] reserved in E820
Sep  9 14:24:14 kernel: [    0.519347] PCI: Using configuration type 1 for base access
Sep  9 14:24:14 kernel: [    0.520035] bio: create slab <bio-0> at 0
Sep  9 14:24:14 kernel: [    0.520085] ACPI: Added _OSI(Module Device)
Sep  9 14:24:14 kernel: [    0.520087] ACPI: Added _OSI(Processor Device)
Sep  9 14:24:14 kernel: [    0.520088] ACPI: Added _OSI(3.0 _SCP Extensions)
Sep  9 14:24:14 kernel: [    0.520089] ACPI: Added _OSI(Processor Aggregator Device)
Sep  9 14:24:14 kernel: [    0.521224] ACPI: EC: Look up EC in DSDT
Sep  9 14:24:14 kernel: [    0.521408] \_SB_:_OSC invalid UUID
Sep  9 14:24:14 kernel: [    0.521409] _OSC request data:1 17 
Sep  9 14:24:14 kernel: [    0.522434] ACPI: Executed 1 blocks of module-level executable AML code
Sep  9 14:24:14 kernel: [    0.547217] ACPI: SSDT 00000000dd69e018 0083B (v01  PmRef  Cpu0Cst 00003001 INTL 20051117)
Sep  9 14:24:14 kernel: [    0.547500] ACPI: Dynamic OEM Table Load:
Sep  9 14:24:14 kernel: [    0.547503] ACPI: SSDT           (null) 0083B (v01  PmRef  Cpu0Cst 00003001 INTL 20051117)
Sep  9 14:24:14 kernel: [    0.565033] ACPI: SSDT 00000000dd69fa98 00303 (v01  PmRef    ApIst 00003000 INTL 20051117)
Sep  9 14:24:14 kernel: [    0.565333] ACPI: Dynamic OEM Table Load:
Sep  9 14:24:14 kernel: [    0.565335] ACPI: SSDT           (null) 00303 (v01  PmRef    ApIst 00003000 INTL 20051117)
Sep  9 14:24:14 kernel: [    0.592927] ACPI: SSDT 00000000dd6bcc18 00119 (v01  PmRef    ApCst 00003000 INTL 20051117)
Sep  9 14:24:14 kernel: [    0.593207] ACPI: Dynamic OEM Table Load:
Sep  9 14:24:14 kernel: [    0.593209] ACPI: SSDT           (null) 00119 (v01  PmRef    ApCst 00003000 INTL 20051117)
Sep  9 14:24:14 kernel: [    0.613228] ACPI: Interpreter enabled
Sep  9 14:24:14 kernel: [    0.613231] ACPI: (supports S0 S4 S5)
Sep  9 14:24:14 kernel: [    0.613245] ACPI: Using IOAPIC for interrupt routing
Sep  9 14:24:14 kernel: [    0.616463] ACPI: Power Resource [FN00] (off)
Sep  9 14:24:14 kernel: [    0.616513] ACPI: Power Resource [FN01] (off)
Sep  9 14:24:14 kernel: [    0.616562] ACPI: Power Resource [FN02] (off)
Sep  9 14:24:14 kernel: [    0.616610] ACPI: Power Resource [FN03] (off)
Sep  9 14:24:14 kernel: [    0.616657] ACPI: Power Resource [FN04] (off)
Sep  9 14:24:14 kernel: [    0.616975] ACPI: No dock devices found.
Sep  9 14:24:14 kernel: [    0.616998] HEST: Table parsing has been initialized.
Sep  9 14:24:14 kernel: [    0.617000] PCI: Using host bridge windows from ACPI; if necessary, use "pci=nocrs" and report a bug
Sep  9 14:24:14 kernel: [    0.617211] ACPI: PCI Root Bridge [PCI0] (domain 0000 [bus 00-7e])
Sep  9 14:24:14 kernel: [    0.617498] pci_root PNP0A08:00: host bridge window [io  0x0000-0x0cf7]
Sep  9 14:24:14 kernel: [    0.617500] pci_root PNP0A08:00: host bridge window [io  0x0d00-0xffff]
Sep  9 14:24:14 kernel: [    0.617501] pci_root PNP0A08:00: host bridge window [mem 0x000a0000-0x000bffff]
Sep  9 14:24:14 kernel: [    0.617503] pci_root PNP0A08:00: host bridge window [mem 0x000cc000-0x000cffff]
Sep  9 14:24:14 kernel: [    0.617504] pci_root PNP0A08:00: host bridge window [mem 0x000d0000-0x000d3fff]
Sep  9 14:24:14 kernel: [    0.617506] pci_root PNP0A08:00: host bridge window [mem 0x000d4000-0x000d7fff]
Sep  9 14:24:14 kernel: [    0.617507] pci_root PNP0A08:00: host bridge window [mem 0x000d8000-0x000dbfff]
Sep  9 14:24:14 kernel: [    0.617508] pci_root PNP0A08:00: host bridge window [mem 0x000dc000-0x000dffff]
Sep  9 14:24:14 kernel: [    0.617510] pci_root PNP0A08:00: host bridge window [mem 0x000e0000-0x000e3fff]
Sep  9 14:24:14 kernel: [    0.617511] pci_root PNP0A08:00: host bridge window [mem 0x000e4000-0x000e7fff]
Sep  9 14:24:14 kernel: [    0.617513] pci_root PNP0A08:00: host bridge window [mem 0xe0000000-0xfeafffff]
Sep  9 14:24:14 kernel: [    0.617522] pci 0000:00:00.0: [8086:0158] type 0 class 0x000600
Sep  9 14:24:14 kernel: [    0.617579] pci 0000:00:19.0: [8086:1502] type 0 class 0x000200
Sep  9 14:24:14 kernel: [    0.617596] pci 0000:00:19.0: reg 10: [mem 0xefa00000-0xefa1ffff]
Sep  9 14:24:14 kernel: [    0.617605] pci 0000:00:19.0: reg 14: [mem 0xefa25000-0xefa25fff]
Sep  9 14:24:14 kernel: [    0.617613] pci 0000:00:19.0: reg 18: [io  0xf040-0xf05f]
Sep  9 14:24:14 kernel: [    0.617673] pci 0000:00:19.0: PME# supported from D0 D3hot D3cold
Sep  9 14:24:14 kernel: [    0.617677] pci 0000:00:19.0: PME# disabled
Sep  9 14:24:14 kernel: [    0.617700] pci 0000:00:1a.0: [8086:1c2d] type 0 class 0x000c03
Sep  9 14:24:14 kernel: [    0.617719] pci 0000:00:1a.0: reg 10: [mem 0xefa24000-0xefa243ff]
Sep  9 14:24:14 kernel: [    0.617804] pci 0000:00:1a.0: PME# supported from D0 D3hot D3cold
Sep  9 14:24:14 kernel: [    0.617808] pci 0000:00:1a.0: PME# disabled
Sep  9 14:24:14 kernel: [    0.617828] pci 0000:00:1c.0: [8086:1c10] type 1 class 0x000604
Sep  9 14:24:14 kernel: [    0.617904] pci 0000:00:1c.0: PME# supported from D0 D3hot D3cold
Sep  9 14:24:14 kernel: [    0.617908] pci 0000:00:1c.0: PME# disabled
Sep  9 14:24:14 kernel: [    0.617935] pci 0000:00:1c.6: [8086:1c1c] type 1 class 0x000604
Sep  9 14:24:14 kernel: [    0.618008] pci 0000:00:1c.6: PME# supported from D0 D3hot D3cold
Sep  9 14:24:14 kernel: [    0.618012] pci 0000:00:1c.6: PME# disabled
Sep  9 14:24:14 kernel: [    0.618033] pci 0000:00:1c.7: [8086:1c1e] type 1 class 0x000604
Sep  9 14:24:14 kernel: [    0.618107] pci 0000:00:1c.7: PME# supported from D0 D3hot D3cold
Sep  9 14:24:14 kernel: [    0.618110] pci 0000:00:1c.7: PME# disabled
Sep  9 14:24:14 kernel: [    0.618135] pci 0000:00:1d.0: [8086:1c26] type 0 class 0x000c03
Sep  9 14:24:14 kernel: [    0.618155] pci 0000:00:1d.0: reg 10: [mem 0xefa23000-0xefa233ff]
Sep  9 14:24:14 kernel: [    0.618240] pci 0000:00:1d.0: PME# supported from D0 D3hot D3cold
Sep  9 14:24:14 kernel: [    0.618244] pci 0000:00:1d.0: PME# disabled
Sep  9 14:24:14 kernel: [    0.618261] pci 0000:00:1e.0: [8086:244e] type 1 class 0x000604
Sep  9 14:24:14 kernel: [    0.618320] pci 0000:00:1f.0: [8086:1c52] type 0 class 0x000601
Sep  9 14:24:14 kernel: [    0.618437] pci 0000:00:1f.2: [8086:1c02] type 0 class 0x000106
Sep  9 14:24:14 kernel: [    0.618454] pci 0000:00:1f.2: reg 10: [io  0xf090-0xf097]
Sep  9 14:24:14 kernel: [    0.618462] pci 0000:00:1f.2: reg 14: [io  0xf080-0xf083]
Sep  9 14:24:14 kernel: [    0.618469] pci 0000:00:1f.2: reg 18: [io  0xf070-0xf077]
Sep  9 14:24:14 kernel: [    0.618477] pci 0000:00:1f.2: reg 1c: [io  0xf060-0xf063]
Sep  9 14:24:14 kernel: [    0.618485] pci 0000:00:1f.2: reg 20: [io  0xf020-0xf03f]
Sep  9 14:24:14 kernel: [    0.618492] pci 0000:00:1f.2: reg 24: [mem 0xefa22000-0xefa227ff]
Sep  9 14:24:14 kernel: [    0.618535] pci 0000:00:1f.2: PME# supported from D3hot
Sep  9 14:24:14 kernel: [    0.618538] pci 0000:00:1f.2: PME# disabled
Sep  9 14:24:14 kernel: [    0.618553] pci 0000:00:1f.3: [8086:1c22] type 0 class 0x000c05
Sep  9 14:24:14 kernel: [    0.618567] pci 0000:00:1f.3: reg 10: [mem 0xefa21000-0xefa210ff 64bit]
Sep  9 14:24:14 kernel: [    0.618587] pci 0000:00:1f.3: reg 20: [io  0xf000-0xf01f]
Sep  9 14:24:14 kernel: [    0.618654] pci 0000:00:1c.0: PCI bridge to [bus 01-01]
Sep  9 14:24:14 kernel: [    0.618742] pci 0000:02:00.0: [8086:10d3] type 0 class 0x000200
Sep  9 14:24:14 kernel: [    0.618775] pci 0000:02:00.0: reg 10: [mem 0xef900000-0xef91ffff]
Sep  9 14:24:14 kernel: [    0.618821] pci 0000:02:00.0: reg 18: [io  0xe000-0xe01f]
Sep  9 14:24:14 kernel: [    0.618844] pci 0000:02:00.0: reg 1c: [mem 0xef920000-0xef923fff]
Sep  9 14:24:14 kernel: [    0.619041] pci 0000:02:00.0: PME# supported from D0 D3hot D3cold
Sep  9 14:24:14 kernel: [    0.619049] pci 0000:02:00.0: PME# disabled
Sep  9 14:24:14 kernel: [    0.624870] pci 0000:00:1c.6: PCI bridge to [bus 02-02]
Sep  9 14:24:14 kernel: [    0.624875] pci 0000:00:1c.6:   bridge window [io  0xe000-0xefff]
Sep  9 14:24:14 kernel: [    0.624878] pci 0000:00:1c.6:   bridge window [mem 0xef900000-0xef9fffff]
Sep  9 14:24:14 kernel: [    0.624953] pci 0000:03:00.0: [102b:0522] type 0 class 0x000300
Sep  9 14:24:14 kernel: [    0.624981] pci 0000:03:00.0: reg 10: [mem 0xee000000-0xeeffffff]
Sep  9 14:24:14 kernel: [    0.625001] pci 0000:03:00.0: reg 14: [mem 0xef800000-0xef803fff]
Sep  9 14:24:14 kernel: [    0.625020] pci 0000:03:00.0: reg 18: [mem 0xef000000-0xef7fffff]
Sep  9 14:24:14 kernel: [    0.632864] pci 0000:00:1c.7: PCI bridge to [bus 03-03]
Sep  9 14:24:14 kernel: [    0.632871] pci 0000:00:1c.7:   bridge window [mem 0xee000000-0xef8fffff]
Sep  9 14:24:14 kernel: [    0.632931] pci 0000:00:1e.0: PCI bridge to [bus 04-04] (subtractive decode)
Sep  9 14:24:14 kernel: [    0.632940] pci 0000:00:1e.0:   bridge window [io  0x0000-0x0cf7] (subtractive decode)
Sep  9 14:24:14 kernel: [    0.632942] pci 0000:00:1e.0:   bridge window [io  0x0d00-0xffff] (subtractive decode)
Sep  9 14:24:14 kernel: [    0.632943] pci 0000:00:1e.0:   bridge window [mem 0x000a0000-0x000bffff] (subtractive decode)
Sep  9 14:24:14 kernel: [    0.632945] pci 0000:00:1e.0:   bridge window [mem 0x000cc000-0x000cffff] (subtractive decode)
Sep  9 14:24:14 kernel: [    0.632946] pci 0000:00:1e.0:   bridge window [mem 0x000d0000-0x000d3fff] (subtractive decode)
Sep  9 14:24:14 kernel: [    0.632948] pci 0000:00:1e.0:   bridge window [mem 0x000d4000-0x000d7fff] (subtractive decode)
Sep  9 14:24:14 kernel: [    0.632949] pci 0000:00:1e.0:   bridge window [mem 0x000d8000-0x000dbfff] (subtractive decode)
Sep  9 14:24:14 kernel: [    0.632951] pci 0000:00:1e.0:   bridge window [mem 0x000dc000-0x000dffff] (subtractive decode)
Sep  9 14:24:14 kernel: [    0.632952] pci 0000:00:1e.0:   bridge window [mem 0x000e0000-0x000e3fff] (subtractive decode)
Sep  9 14:24:14 kernel: [    0.632954] pci 0000:00:1e.0:   bridge window [mem 0x000e4000-0x000e7fff] (subtractive decode)
Sep  9 14:24:14 kernel: [    0.632955] pci 0000:00:1e.0:   bridge window [mem 0xe0000000-0xfeafffff] (subtractive decode)
Sep  9 14:24:14 kernel: [    0.632976] ACPI: PCI Interrupt Routing Table [\_SB_.PCI0._PRT]
Sep  9 14:24:14 kernel: [    0.633053] ACPI: PCI Interrupt Routing Table [\_SB_.PCI0.RP01._PRT]
Sep  9 14:24:14 kernel: [    0.633076] ACPI: PCI Interrupt Routing Table [\_SB_.PCI0.RP07._PRT]
Sep  9 14:24:14 kernel: [    0.633097] ACPI: PCI Interrupt Routing Table [\_SB_.PCI0.RP08._PRT]
Sep  9 14:24:14 kernel: [    0.633180]  pci0000:00: Requesting ACPI _OSC control (0x1d)
Sep  9 14:24:14 kernel: [    0.633309]  pci0000:00: ACPI _OSC control (0x18) granted
Sep  9 14:24:14 kernel: [    0.635352] ACPI: PCI Interrupt Link [LNKA] (IRQs 3 4 5 6 10 *11 12 14 15)
Sep  9 14:24:14 kernel: [    0.635384] ACPI: PCI Interrupt Link [LNKB] (IRQs 3 4 5 6 10 11 12 14 15) *0, disabled.
Sep  9 14:24:14 kernel: [    0.635415] ACPI: PCI Interrupt Link [LNKC] (IRQs *3 4 5 6 10 11 12 14 15)
Sep  9 14:24:14 kernel: [    0.635446] ACPI: PCI Interrupt Link [LNKD] (IRQs 3 4 5 6 *10 11 12 14 15)
Sep  9 14:24:14 kernel: [    0.635477] ACPI: PCI Interrupt Link [LNKE] (IRQs 3 4 *5 6 10 11 12 14 15)
Sep  9 14:24:14 kernel: [    0.635507] ACPI: PCI Interrupt Link [LNKF] (IRQs 3 4 5 6 10 11 12 14 15) *0, disabled.
Sep  9 14:24:14 kernel: [    0.635537] ACPI: PCI Interrupt Link [LNKG] (IRQs 3 4 5 6 10 11 12 14 15) *0, disabled.
Sep  9 14:24:14 kernel: [    0.635567] ACPI: PCI Interrupt Link [LNKH] (IRQs 3 4 5 6 10 *11 12 14 15)
Sep  9 14:24:14 kernel: [    0.635642] vgaarb: device added: PCI:0000:03:00.0,decodes=io+mem,owns=io+mem,locks=none
Sep  9 14:24:14 kernel: [    0.635643] vgaarb: loaded
Sep  9 14:24:14 kernel: [    0.635644] vgaarb: bridge control possible 0000:03:00.0
Sep  9 14:24:14 kernel: [    0.635707] i2c-core: driver [aat2870] using legacy suspend method
Sep  9 14:24:14 kernel: [    0.635708] i2c-core: driver [aat2870] using legacy resume method
Sep  9 14:24:14 kernel: [    0.635746] SCSI subsystem initialized
Sep  9 14:24:14 kernel: [    0.635781] libata version 3.00 loaded.
Sep  9 14:24:14 kernel: [    0.635807] usbcore: registered new interface driver usbfs
Sep  9 14:24:14 kernel: [    0.635815] usbcore: registered new interface driver hub
Sep  9 14:24:14 kernel: [    0.635828] usbcore: registered new device driver usb
Sep  9 14:24:14 kernel: [    0.635878] PCI: Using ACPI for IRQ routing
Sep  9 14:24:14 kernel: [    0.638886] PCI: pci_cache_line_size set to 64 bytes
Sep  9 14:24:14 kernel: [    0.638943] reserve RAM buffer: 000000000009c800 - 000000000009ffff 
Sep  9 14:24:14 kernel: [    0.638944] reserve RAM buffer: 00000000dd65b000 - 00000000dfffffff 
Sep  9 14:24:14 kernel: [    0.638946] reserve RAM buffer: 00000000dede6000 - 00000000dfffffff 
Sep  9 14:24:14 kernel: [    0.638947] reserve RAM buffer: 00000000df800000 - 00000000dfffffff 
Sep  9 14:24:14 kernel: [    0.639008] NetLabel: Initializing
Sep  9 14:24:14 kernel: [    0.639009] NetLabel:  domain hash size = 128
Sep  9 14:24:14 kernel: [    0.639010] NetLabel:  protocols = UNLABELED CIPSOv4
Sep  9 14:24:14 kernel: [    0.639016] NetLabel:  unlabeled traffic allowed by default
Sep  9 14:24:14 kernel: [    0.639049] hpet0: at MMIO 0xfed00000, IRQs 2, 8, 0, 0, 0, 0, 0, 0
Sep  9 14:24:14 kernel: [    0.639053] hpet0: 8 comparators, 64-bit 14.318180 MHz counter
Sep  9 14:24:14 kernel: [    0.641066] Switching to clocksource hpet
Sep  9 14:24:14 kernel: [    0.645167] AppArmor: AppArmor Filesystem Enabled
Sep  9 14:24:14 kernel: [    0.645179] pnp: PnP ACPI init
Sep  9 14:24:14 kernel: [    0.645186] ACPI: bus type pnp registered
Sep  9 14:24:14 kernel: [    0.645362] pnp 00:00: [bus 00-7e]
Sep  9 14:24:14 kernel: [    0.645363] pnp 00:00: [io  0x0000-0x0cf7 window]
Sep  9 14:24:14 kernel: [    0.645365] pnp 00:00: [io  0x0cf8-0x0cff]
Sep  9 14:24:14 kernel: [    0.645366] pnp 00:00: [io  0x0d00-0xffff window]
Sep  9 14:24:14 kernel: [    0.645367] pnp 00:00: [mem 0x000a0000-0x000bffff window]
Sep  9 14:24:14 kernel: [    0.645369] pnp 00:00: [mem 0x000c0000-0x000c3fff window]
Sep  9 14:24:14 kernel: [    0.645370] pnp 00:00: [mem 0x000c4000-0x000c7fff window]
Sep  9 14:24:14 kernel: [    0.645371] pnp 00:00: [mem 0x000c8000-0x000cbfff window]
Sep  9 14:24:14 kernel: [    0.645372] pnp 00:00: [mem 0x000cc000-0x000cffff window]
Sep  9 14:24:14 kernel: [    0.645374] pnp 00:00: [mem 0x000d0000-0x000d3fff window]
Sep  9 14:24:14 kernel: [    0.645375] pnp 00:00: [mem 0x000d4000-0x000d7fff window]
Sep  9 14:24:14 kernel: [    0.645376] pnp 00:00: [mem 0x000d8000-0x000dbfff window]
Sep  9 14:24:14 kernel: [    0.645377] pnp 00:00: [mem 0x000dc000-0x000dffff window]
Sep  9 14:24:14 kernel: [    0.645378] pnp 00:00: [mem 0x000e0000-0x000e3fff window]
Sep  9 14:24:14 kernel: [    0.645380] pnp 00:00: [mem 0x000e4000-0x000e7fff window]
Sep  9 14:24:14 kernel: [    0.645381] pnp 00:00: [mem 0x000e8000-0x000ebfff window]
Sep  9 14:24:14 kernel: [    0.645382] pnp 00:00: [mem 0x000ec000-0x000effff window]
Sep  9 14:24:14 kernel: [    0.645383] pnp 00:00: [mem 0x000f0000-0x000fffff window]
Sep  9 14:24:14 kernel: [    0.645385] pnp 00:00: [mem 0xe0000000-0xfeafffff window]
Sep  9 14:24:14 kernel: [    0.645386] pnp 00:00: [mem 0x00010000-0x0001ffff window]
Sep  9 14:24:14 kernel: [    0.645425] pnp 00:00: Plug and Play ACPI device, IDs PNP0a08 PNP0a03 (active)
Sep  9 14:24:14 kernel: [    0.645440] pnp 00:01: [mem 0xfed40000-0xfed44fff]
Sep  9 14:24:14 kernel: [    0.645462] system 00:01: [mem 0xfed40000-0xfed44fff] has been reserved
Sep  9 14:24:14 kernel: [    0.645465] system 00:01: Plug and Play ACPI device, IDs PNP0c01 (active)
Sep  9 14:24:14 kernel: [    0.645473] pnp 00:02: [io  0x0000-0x001f]
Sep  9 14:24:14 kernel: [    0.645474] pnp 00:02: [io  0x0081-0x0091]
Sep  9 14:24:14 kernel: [    0.645475] pnp 00:02: [io  0x0093-0x009f]
Sep  9 14:24:14 kernel: [    0.645476] pnp 00:02: [io  0x00c0-0x00df]
Sep  9 14:24:14 kernel: [    0.645478] pnp 00:02: [dma 4]
Sep  9 14:24:14 kernel: [    0.645490] pnp 00:02: Plug and Play ACPI device, IDs PNP0200 (active)
Sep  9 14:24:14 kernel: [    0.645495] pnp 00:03: [mem 0xff000000-0xffffffff]
Sep  9 14:24:14 kernel: [    0.645507] pnp 00:03: Plug and Play ACPI device, IDs INT0800 (active)
Sep  9 14:24:14 kernel: [    0.645561] pnp 00:04: [mem 0xfed00000-0xfed003ff]
Sep  9 14:24:14 kernel: [    0.645575] pnp 00:04: Plug and Play ACPI device, IDs PNP0103 (active)
Sep  9 14:24:14 kernel: [    0.645582] pnp 00:05: [io  0x002e-0x002f]
Sep  9 14:24:14 kernel: [    0.645584] pnp 00:05: [io  0x004e-0x004f]
Sep  9 14:24:14 kernel: [    0.645585] pnp 00:05: [io  0x0061]
Sep  9 14:24:14 kernel: [    0.645586] pnp 00:05: [io  0x0063]
Sep  9 14:24:14 kernel: [    0.645587] pnp 00:05: [io  0x0065]
Sep  9 14:24:14 kernel: [    0.645587] pnp 00:05: [io  0x0067]
Sep  9 14:24:14 kernel: [    0.645588] pnp 00:05: [io  0x0070]
Sep  9 14:24:14 kernel: [    0.645589] pnp 00:05: [io  0x0080]
Sep  9 14:24:14 kernel: [    0.645590] pnp 00:05: [io  0x0092]
Sep  9 14:24:14 kernel: [    0.645591] pnp 00:05: [io  0x00b2-0x00b3]
Sep  9 14:24:14 kernel: [    0.645592] pnp 00:05: [io  0x0680-0x069f]
Sep  9 14:24:14 kernel: [    0.645594] pnp 00:05: [io  0x1000-0x100f]
Sep  9 14:24:14 kernel: [    0.645595] pnp 00:05: [io  0xffff]
Sep  9 14:24:14 kernel: [    0.645596] pnp 00:05: [io  0xffff]
Sep  9 14:24:14 kernel: [    0.645597] pnp 00:05: [io  0x0400-0x0453]
Sep  9 14:24:14 kernel: [    0.645598] pnp 00:05: [io  0x0458-0x047f]
Sep  9 14:24:14 kernel: [    0.645599] pnp 00:05: [io  0x0500-0x057f]
Sep  9 14:24:14 kernel: [    0.645600] pnp 00:05: [io  0x164e-0x164f]
Sep  9 14:24:14 kernel: [    0.645621] system 00:05: [io  0x0680-0x069f] has been reserved
Sep  9 14:24:14 kernel: [    0.645622] system 00:05: [io  0x1000-0x100f] has been reserved
Sep  9 14:24:14 kernel: [    0.645624] system 00:05: [io  0xffff] has been reserved
Sep  9 14:24:14 kernel: [    0.645625] system 00:05: [io  0xffff] has been reserved
Sep  9 14:24:14 kernel: [    0.645627] system 00:05: [io  0x0400-0x0453] has been reserved
Sep  9 14:24:14 kernel: [    0.645628] system 00:05: [io  0x0458-0x047f] has been reserved
Sep  9 14:24:14 kernel: [    0.645630] system 00:05: [io  0x0500-0x057f] has been reserved
Sep  9 14:24:14 kernel: [    0.645631] system 00:05: [io  0x164e-0x164f] has been reserved
Sep  9 14:24:14 kernel: [    0.645633] system 00:05: Plug and Play ACPI device, IDs PNP0c02 (active)
Sep  9 14:24:14 kernel: [    0.645638] pnp 00:06: [io  0x0070-0x0077]
Sep  9 14:24:14 kernel: [    0.645648] pnp 00:06: [irq 8]
Sep  9 14:24:14 kernel: [    0.645661] pnp 00:06: Plug and Play ACPI device, IDs PNP0b00 (active)
Sep  9 14:24:14 kernel: [    0.645678] pnp 00:07: [io  0x0454-0x0457]
Sep  9 14:24:14 kernel: [    0.645697] system 00:07: [io  0x0454-0x0457] has been reserved
Sep  9 14:24:14 kernel: [    0.645699] system 00:07: Plug and Play ACPI device, IDs INT3f0d PNP0c02 (active)
Sep  9 14:24:14 kernel: [    0.645798] pnp 00:08: [io  0x03f8-0x03ff]
Sep  9 14:24:14 kernel: [    0.645803] pnp 00:08: [irq 4]
Sep  9 14:24:14 kernel: [    0.645804] pnp 00:08: [dma 0 disabled]
Sep  9 14:24:14 kernel: [    0.645841] pnp 00:08: Plug and Play ACPI device, IDs PNP0501 (active)
Sep  9 14:24:14 kernel: [    0.645854] pnp 00:09: [io  0x0010-0x001f]
Sep  9 14:24:14 kernel: [    0.645855] pnp 00:09: [io  0x0022-0x003f]
Sep  9 14:24:14 kernel: [    0.645857] pnp 00:09: [io  0x0044-0x005f]
Sep  9 14:24:14 kernel: [    0.645858] pnp 00:09: [io  0x0062-0x0063]
Sep  9 14:24:14 kernel: [    0.645859] pnp 00:09: [io  0x0065-0x006f]
Sep  9 14:24:14 kernel: [    0.645860] pnp 00:09: [io  0x0072-0x007f]
Sep  9 14:24:14 kernel: [    0.645861] pnp 00:09: [io  0x0080]
Sep  9 14:24:14 kernel: [    0.645862] pnp 00:09: [io  0x0084-0x0086]
Sep  9 14:24:14 kernel: [    0.645863] pnp 00:09: [io  0x0088]
Sep  9 14:24:14 kernel: [    0.645864] pnp 00:09: [io  0x008c-0x008e]
Sep  9 14:24:14 kernel: [    0.645865] pnp 00:09: [io  0x0090-0x009f]
Sep  9 14:24:14 kernel: [    0.645866] pnp 00:09: [io  0x00a2-0x00bf]
Sep  9 14:24:14 kernel: [    0.645867] pnp 00:09: [io  0x00e0-0x00ef]
Sep  9 14:24:14 kernel: [    0.645868] pnp 00:09: [io  0x04d0-0x04d1]
Sep  9 14:24:14 kernel: [    0.645888] system 00:09: [io  0x04d0-0x04d1] has been reserved
Sep  9 14:24:14 kernel: [    0.645890] system 00:09: Plug and Play ACPI device, IDs PNP0c02 (active)
Sep  9 14:24:14 kernel: [    0.645895] pnp 00:0a: [io  0x00f0-0x00ff]
Sep  9 14:24:14 kernel: [    0.645901] pnp 00:0a: [irq 13]
Sep  9 14:24:14 kernel: [    0.645914] pnp 00:0a: Plug and Play ACPI device, IDs PNP0c04 (active)
Sep  9 14:24:14 kernel: [    0.645975] pnp 00:0b: [io  0x0ca2]
Sep  9 14:24:14 kernel: [    0.645977] pnp 00:0b: [io  0x0ca3]
Sep  9 14:24:14 kernel: [    0.645991] pnp 00:0b: Plug and Play ACPI device, IDs IPI0001 (active)
Sep  9 14:24:14 kernel: [    0.646124] pnp 00:0c: [mem 0xfed1c000-0xfed1ffff]
Sep  9 14:24:14 kernel: [    0.646125] pnp 00:0c: [mem 0xfed10000-0xfed17fff]
Sep  9 14:24:14 kernel: [    0.646126] pnp 00:0c: [mem 0xfed18000-0xfed18fff]
Sep  9 14:24:14 kernel: [    0.646128] pnp 00:0c: [mem 0xfed19000-0xfed19fff]
Sep  9 14:24:14 kernel: [    0.646129] pnp 00:0c: [mem 0xf0000000-0xf3ffffff]
Sep  9 14:24:14 kernel: [    0.646130] pnp 00:0c: [mem 0xfed20000-0xfed3ffff]
Sep  9 14:24:14 kernel: [    0.646131] pnp 00:0c: [mem 0xfed90000-0xfed93fff]
Sep  9 14:24:14 kernel: [    0.646132] pnp 00:0c: [mem 0xfed45000-0xfed8ffff]
Sep  9 14:24:14 kernel: [    0.646133] pnp 00:0c: [mem 0xff000000-0xffffffff]
Sep  9 14:24:14 kernel: [    0.646134] pnp 00:0c: [mem 0xfee00000-0xfeefffff]
Sep  9 14:24:14 kernel: [    0.646136] pnp 00:0c: [mem 0xe0000000-0xe0000fff]
Sep  9 14:24:14 kernel: [    0.646157] system 00:0c: [mem 0xfed1c000-0xfed1ffff] has been reserved
Sep  9 14:24:14 kernel: [    0.646158] system 00:0c: [mem 0xfed10000-0xfed17fff] has been reserved
Sep  9 14:24:14 kernel: [    0.646160] system 00:0c: [mem 0xfed18000-0xfed18fff] has been reserved
Sep  9 14:24:14 kernel: [    0.646161] system 00:0c: [mem 0xfed19000-0xfed19fff] has been reserved
Sep  9 14:24:14 kernel: [    0.646163] system 00:0c: [mem 0xf0000000-0xf3ffffff] has been reserved
Sep  9 14:24:14 kernel: [    0.646164] system 00:0c: [mem 0xfed20000-0xfed3ffff] has been reserved
Sep  9 14:24:14 kernel: [    0.646166] system 00:0c: [mem 0xfed90000-0xfed93fff] has been reserved
Sep  9 14:24:14 kernel: [    0.646167] system 00:0c: [mem 0xfed45000-0xfed8ffff] has been reserved
Sep  9 14:24:14 kernel: [    0.646169] system 00:0c: [mem 0xff000000-0xffffffff] has been reserved
Sep  9 14:24:14 kernel: [    0.646171] system 00:0c: [mem 0xfee00000-0xfeefffff] could not be reserved
Sep  9 14:24:14 kernel: [    0.646172] system 00:0c: [mem 0xe0000000-0xe0000fff] has been reserved
Sep  9 14:24:14 kernel: [    0.646174] system 00:0c: Plug and Play ACPI device, IDs PNP0c02 (active)
Sep  9 14:24:14 kernel: [    0.646277] pnp: PnP ACPI: found 13 devices
Sep  9 14:24:14 kernel: [    0.646278] ACPI: ACPI bus type pnp unregistered
Sep  9 14:24:14 kernel: [    0.652226] PCI: max bus depth: 1 pci_try_num: 2
Sep  9 14:24:14 kernel: [    0.652257] pci 0000:00:1c.0: PCI bridge to [bus 01-01]
Sep  9 14:24:14 kernel: [    0.652268] pci 0000:00:1c.6: PCI bridge to [bus 02-02]
Sep  9 14:24:14 kernel: [    0.652271] pci 0000:00:1c.6:   bridge window [io  0xe000-0xefff]
Sep  9 14:24:14 kernel: [    0.652276] pci 0000:00:1c.6:   bridge window [mem 0xef900000-0xef9fffff]
Sep  9 14:24:14 kernel: [    0.652284] pci 0000:00:1c.7: PCI bridge to [bus 03-03]
Sep  9 14:24:14 kernel: [    0.652289] pci 0000:00:1c.7:   bridge window [mem 0xee000000-0xef8fffff]
Sep  9 14:24:14 kernel: [    0.652297] pci 0000:00:1e.0: PCI bridge to [bus 04-04]
Sep  9 14:24:14 kernel: [    0.652319] pci 0000:00:1c.0: PCI INT A -> GSI 16 (level, low) -> IRQ 16
Sep  9 14:24:14 kernel: [    0.652323] pci 0000:00:1c.0: setting latency timer to 64
Sep  9 14:24:14 kernel: [    0.652334] pci 0000:00:1c.6: PCI INT C -> GSI 18 (level, low) -> IRQ 18
Sep  9 14:24:14 kernel: [    0.652338] pci 0000:00:1c.6: setting latency timer to 64
Sep  9 14:24:14 kernel: [    0.652346] pci 0000:00:1c.7: PCI INT D -> GSI 19 (level, low) -> IRQ 19
Sep  9 14:24:14 kernel: [    0.652350] pci 0000:00:1c.7: setting latency timer to 64
Sep  9 14:24:14 kernel: [    0.652356] pci 0000:00:1e.0: setting latency timer to 64
Sep  9 14:24:14 kernel: [    0.652359] pci_bus 0000:00: resource 4 [io  0x0000-0x0cf7]
Sep  9 14:24:14 kernel: [    0.652361] pci_bus 0000:00: resource 5 [io  0x0d00-0xffff]
Sep  9 14:24:14 kernel: [    0.652362] pci_bus 0000:00: resource 6 [mem 0x000a0000-0x000bffff]
Sep  9 14:24:14 kernel: [    0.652363] pci_bus 0000:00: resource 7 [mem 0x000cc000-0x000cffff]
Sep  9 14:24:14 kernel: [    0.652365] pci_bus 0000:00: resource 8 [mem 0x000d0000-0x000d3fff]
Sep  9 14:24:14 kernel: [    0.652366] pci_bus 0000:00: resource 9 [mem 0x000d4000-0x000d7fff]
Sep  9 14:24:14 kernel: [    0.652367] pci_bus 0000:00: resource 10 [mem 0x000d8000-0x000dbfff]
Sep  9 14:24:14 kernel: [    0.652369] pci_bus 0000:00: resource 11 [mem 0x000dc000-0x000dffff]
Sep  9 14:24:14 kernel: [    0.652370] pci_bus 0000:00: resource 12 [mem 0x000e0000-0x000e3fff]
Sep  9 14:24:14 kernel: [    0.652371] pci_bus 0000:00: resource 13 [mem 0x000e4000-0x000e7fff]
Sep  9 14:24:14 kernel: [    0.652373] pci_bus 0000:00: resource 14 [mem 0xe0000000-0xfeafffff]
Sep  9 14:24:14 kernel: [    0.652374] pci_bus 0000:02: resource 0 [io  0xe000-0xefff]
Sep  9 14:24:14 kernel: [    0.652376] pci_bus 0000:02: resource 1 [mem 0xef900000-0xef9fffff]
Sep  9 14:24:14 kernel: [    0.652377] pci_bus 0000:03: resource 1 [mem 0xee000000-0xef8fffff]
Sep  9 14:24:14 kernel: [    0.652379] pci_bus 0000:04: resource 4 [io  0x0000-0x0cf7]
Sep  9 14:24:14 kernel: [    0.652380] pci_bus 0000:04: resource 5 [io  0x0d00-0xffff]
Sep  9 14:24:14 kernel: [    0.652381] pci_bus 0000:04: resource 6 [mem 0x000a0000-0x000bffff]
Sep  9 14:24:14 kernel: [    0.652383] pci_bus 0000:04: resource 7 [mem 0x000cc000-0x000cffff]
Sep  9 14:24:14 kernel: [    0.652384] pci_bus 0000:04: resource 8 [mem 0x000d0000-0x000d3fff]
Sep  9 14:24:14 kernel: [    0.652385] pci_bus 0000:04: resource 9 [mem 0x000d4000-0x000d7fff]
Sep  9 14:24:14 kernel: [    0.652387] pci_bus 0000:04: resource 10 [mem 0x000d8000-0x000dbfff]
Sep  9 14:24:14 kernel: [    0.652388] pci_bus 0000:04: resource 11 [mem 0x000dc000-0x000dffff]
Sep  9 14:24:14 kernel: [    0.652390] pci_bus 0000:04: resource 12 [mem 0x000e0000-0x000e3fff]
Sep  9 14:24:14 kernel: [    0.652391] pci_bus 0000:04: resource 13 [mem 0x000e4000-0x000e7fff]
Sep  9 14:24:14 kernel: [    0.652392] pci_bus 0000:04: resource 14 [mem 0xe0000000-0xfeafffff]
Sep  9 14:24:14 kernel: [    0.652411] NET: Registered protocol family 2
Sep  9 14:24:14 kernel: [    0.652677] IP route cache hash table entries: 524288 (order: 10, 4194304 bytes)
Sep  9 14:24:14 kernel: [    0.653619] TCP established hash table entries: 524288 (order: 11, 8388608 bytes)
Sep  9 14:24:14 kernel: [    0.655201] TCP bind hash table entries: 65536 (order: 8, 1048576 bytes)
Sep  9 14:24:14 kernel: [    0.655416] TCP: Hash tables configured (established 524288 bind 65536)
Sep  9 14:24:14 kernel: [    0.655418] TCP reno registered
Sep  9 14:24:14 kernel: [    0.655454] UDP hash table entries: 16384 (order: 7, 524288 bytes)
Sep  9 14:24:14 kernel: [    0.655592] UDP-Lite hash table entries: 16384 (order: 7, 524288 bytes)
Sep  9 14:24:14 kernel: [    0.655737] NET: Registered protocol family 1
Sep  9 14:24:14 kernel: [    0.655756] pci 0000:00:1a.0: PCI INT A -> GSI 16 (level, low) -> IRQ 16
Sep  9 14:24:14 kernel: [    0.673248] pci 0000:00:1a.0: PCI INT A disabled
Sep  9 14:24:14 kernel: [    0.673270] pci 0000:00:1d.0: PCI INT A -> GSI 23 (level, low) -> IRQ 23
Sep  9 14:24:14 kernel: [    0.693235] pci 0000:00:1d.0: PCI INT A disabled
Sep  9 14:24:14 kernel: [    0.693258] pci 0000:03:00.0: Boot video device
Sep  9 14:24:14 kernel: [    0.693262] PCI: CLS 64 bytes, default 64
Sep  9 14:24:14 kernel: [    0.693266] PCI-DMA: Using software bounce buffering for IO (SWIOTLB)
Sep  9 14:24:14 kernel: [    0.693267] Placing 64MB software IO TLB between ffff8800d965b000 - ffff8800dd65b000
Sep  9 14:24:14 kernel: [    0.693268] software IO TLB at phys 0xd965b000 - 0xdd65b000
Sep  9 14:24:14 kernel: [    0.693579] audit: initializing netlink socket (disabled)
Sep  9 14:24:14 kernel: [    0.693585] type=2000 audit(1378736652.540:1): initialized
Sep  9 14:24:14 kernel: [    0.708499] Freeing initrd memory: 17040k freed
Sep  9 14:24:14 kernel: [    0.731580] HugeTLB registered 2 MB page size, pre-allocated 0 pages
Sep  9 14:24:14 kernel: [    0.773345] VFS: Disk quotas dquot_6.5.2
Sep  9 14:24:14 kernel: [    0.773380] Dquot-cache hash table entries: 512 (order 0, 4096 bytes)
Sep  9 14:24:14 kernel: [    0.773692] fuse init (API version 7.17)
Sep  9 14:24:14 kernel: [    0.773745] msgmni has been set to 32768
Sep  9 14:24:14 kernel: [    0.774000] Block layer SCSI generic (bsg) driver version 0.4 loaded (major 253)
Sep  9 14:24:14 kernel: [    0.774021] io scheduler noop registered
Sep  9 14:24:14 kernel: [    0.774022] io scheduler deadline registered
Sep  9 14:24:14 kernel: [    0.774039] io scheduler cfq registered (default)
Sep  9 14:24:14 kernel: [    0.774227] pci_hotplug: PCI Hot Plug PCI Core version: 0.5
Sep  9 14:24:14 kernel: [    0.774240] pciehp: PCI Express Hot Plug Controller Driver version: 0.4
Sep  9 14:24:14 kernel: [    0.774272] intel_idle: MWAIT substates: 0x1120
Sep  9 14:24:14 kernel: [    0.774273] intel_idle: does not run on family 6 model 58
Sep  9 14:24:14 kernel: [    0.774306] ACPI: Deprecated procfs I/F for AC is loaded, please retry with CONFIG_ACPI_PROCFS_POWER cleared
Sep  9 14:24:14 kernel: [    0.774329] ACPI: AC Adapter [PSD] (on-line)
Sep  9 14:24:14 kernel: [    0.774386] input: Power Button as /devices/LNXSYSTM:00/device:00/PNP0C0C:00/input/input0
Sep  9 14:24:14 kernel: [    0.774390] ACPI: Power Button [PWRB]
Sep  9 14:24:14 kernel: [    0.774413] input: Power Button as /devices/LNXSYSTM:00/LNXPWRBN:00/input/input1
Sep  9 14:24:14 kernel: [    0.774415] ACPI: Power Button [PWRF]
Sep  9 14:24:14 kernel: [    0.774461] ACPI: Fan [FAN0] (off)
Sep  9 14:24:14 kernel: [    0.774480] ACPI: Fan [FAN1] (off)
Sep  9 14:24:14 kernel: [    0.774498] ACPI: Fan [FAN2] (off)
Sep  9 14:24:14 kernel: [    0.774515] ACPI: Fan [FAN3] (off)
Sep  9 14:24:14 kernel: [    0.774532] ACPI: Fan [FAN4] (off)
Sep  9 14:24:14 kernel: [    0.841445] Monitor-Mwait will be used to enter C-1 state
Sep  9 14:24:14 kernel: [    0.841469] Monitor-Mwait will be used to enter C-2 state
Sep  9 14:24:14 kernel: [    0.841491] Monitor-Mwait will be used to enter C-3 state
Sep  9 14:24:14 kernel: [    0.841505] ACPI: acpi_idle registered with cpuidle
Sep  9 14:24:14 kernel: [    0.861378] thermal LNXTHERM:00: registered as thermal_zone0
Sep  9 14:24:14 kernel: [    0.861380] ACPI: Thermal Zone [TZ00] (28 C)
Sep  9 14:24:14 kernel: [    0.861489] thermal LNXTHERM:01: registered as thermal_zone1
Sep  9 14:24:14 kernel: [    0.861490] ACPI: Thermal Zone [TZ01] (30 C)
Sep  9 14:24:14 kernel: [    0.861551] ERST: Error Record Serialization Table (ERST) support is initialized.
Sep  9 14:24:14 kernel: [    0.861595] GHES: APEI firmware first mode is enabled by WHEA _OSC.
Sep  9 14:24:14 kernel: [    0.861641] Serial: 8250/16550 driver, 32 ports, IRQ sharing enabled
Sep  9 14:24:14 kernel: [    0.882328] serial8250: ttyS0 at I/O 0x3f8 (irq = 4) is a 16550A
Sep  9 14:24:14 kernel: [    1.037926] 00:08: ttyS0 at I/O 0x3f8 (irq = 4) is a 16550A
Sep  9 14:24:14 kernel: [    1.073339] Linux agpgart interface v0.103
Sep  9 14:24:14 kernel: [    1.074191] brd: module loaded
Sep  9 14:24:14 kernel: [    1.074607] loop: module loaded
Sep  9 14:24:14 kernel: [    1.074676] ahci 0000:00:1f.2: version 3.0
Sep  9 14:24:14 kernel: [    1.074686] ahci 0000:00:1f.2: PCI INT B -> GSI 19 (level, low) -> IRQ 19
Sep  9 14:24:14 kernel: [    1.074727] ahci 0000:00:1f.2: irq 41 for MSI/MSI-X
Sep  9 14:24:14 kernel: [    1.089175] ahci 0000:00:1f.2: AHCI 0001.0300 32 slots 6 ports 3 Gbps 0x3f impl SATA mode
Sep  9 14:24:14 kernel: [    1.089180] ahci 0000:00:1f.2: flags: 64bit ncq pm led clo pio slum part ems apst 
Sep  9 14:24:14 kernel: [    1.089195] ahci 0000:00:1f.2: setting latency timer to 64
Sep  9 14:24:14 kernel: [    1.129430] scsi0 : ahci
Sep  9 14:24:14 kernel: [    1.129482] scsi1 : ahci
Sep  9 14:24:14 kernel: [    1.129523] scsi2 : ahci
Sep  9 14:24:14 kernel: [    1.129563] scsi3 : ahci
Sep  9 14:24:14 kernel: [    1.129603] scsi4 : ahci
Sep  9 14:24:14 kernel: [    1.129642] scsi5 : ahci
Sep  9 14:24:14 kernel: [    1.129802] ata1: SATA max UDMA/133 abar m2048@0xefa22000 port 0xefa22100 irq 41
Sep  9 14:24:14 kernel: [    1.129805] ata2: SATA max UDMA/133 abar m2048@0xefa22000 port 0xefa22180 irq 41
Sep  9 14:24:14 kernel: [    1.129808] ata3: SATA max UDMA/133 abar m2048@0xefa22000 port 0xefa22200 irq 41
Sep  9 14:24:14 kernel: [    1.129811] ata4: SATA max UDMA/133 abar m2048@0xefa22000 port 0xefa22280 irq 41
Sep  9 14:24:14 kernel: [    1.129814] ata5: SATA max UDMA/133 abar m2048@0xefa22000 port 0xefa22300 irq 41
Sep  9 14:24:14 kernel: [    1.129816] ata6: SATA max UDMA/133 abar m2048@0xefa22000 port 0xefa22380 irq 41
Sep  9 14:24:14 kernel: [    1.130011] Fixed MDIO Bus: probed
Sep  9 14:24:14 kernel: [    1.130022] tun: Universal TUN/TAP device driver, 1.6
Sep  9 14:24:14 kernel: [    1.130023] tun: (C) 1999-2004 Max Krasnyansky <maxk@qualcomm.com>
Sep  9 14:24:14 kernel: [    1.130054] PPP generic driver version 2.4.2
Sep  9 14:24:14 kernel: [    1.130116] ehci_hcd: USB 2.0 'Enhanced' Host Controller (EHCI) Driver
Sep  9 14:24:14 kernel: [    1.130128] ehci_hcd 0000:00:1a.0: PCI INT A -> GSI 16 (level, low) -> IRQ 16
Sep  9 14:24:14 kernel: [    1.130139] ehci_hcd 0000:00:1a.0: setting latency timer to 64
Sep  9 14:24:14 kernel: [    1.130142] ehci_hcd 0000:00:1a.0: EHCI Host Controller
Sep  9 14:24:14 kernel: [    1.130169] ehci_hcd 0000:00:1a.0: new USB bus registered, assigned bus number 1
Sep  9 14:24:14 kernel: [    1.130192] ehci_hcd 0000:00:1a.0: debug port 2
Sep  9 14:24:14 kernel: [    1.134090] ehci_hcd 0000:00:1a.0: cache line size of 64 is not supported
Sep  9 14:24:14 kernel: [    1.134102] ehci_hcd 0000:00:1a.0: irq 16, io mem 0xefa24000
Sep  9 14:24:14 kernel: [    1.149138] ehci_hcd 0000:00:1a.0: USB 2.0 started, EHCI 1.00
Sep  9 14:24:14 kernel: [    1.149238] hub 1-0:1.0: USB hub found
Sep  9 14:24:14 kernel: [    1.149240] hub 1-0:1.0: 2 ports detected
Sep  9 14:24:14 kernel: [    1.149278] ehci_hcd 0000:00:1d.0: PCI INT A -> GSI 23 (level, low) -> IRQ 23
Sep  9 14:24:14 kernel: [    1.149288] ehci_hcd 0000:00:1d.0: setting latency timer to 64
Sep  9 14:24:14 kernel: [    1.149291] ehci_hcd 0000:00:1d.0: EHCI Host Controller
Sep  9 14:24:14 kernel: [    1.149321] ehci_hcd 0000:00:1d.0: new USB bus registered, assigned bus number 2
Sep  9 14:24:14 kernel: [    1.149339] ehci_hcd 0000:00:1d.0: debug port 2
Sep  9 14:24:14 kernel: [    1.153221] ehci_hcd 0000:00:1d.0: cache line size of 64 is not supported
Sep  9 14:24:14 kernel: [    1.153230] ehci_hcd 0000:00:1d.0: irq 23, io mem 0xefa23000
Sep  9 14:24:14 kernel: [    1.169129] ehci_hcd 0000:00:1d.0: USB 2.0 started, EHCI 1.00
Sep  9 14:24:14 kernel: [    1.169218] hub 2-0:1.0: USB hub found
Sep  9 14:24:14 kernel: [    1.169221] hub 2-0:1.0: 2 ports detected
Sep  9 14:24:14 kernel: [    1.169253] ohci_hcd: USB 1.1 'Open' Host Controller (OHCI) Driver
Sep  9 14:24:14 kernel: [    1.169259] uhci_hcd: USB Universal Host Controller Interface driver
Sep  9 14:24:14 kernel: [    1.169284] usbcore: registered new interface driver libusual
Sep  9 14:24:14 kernel: [    1.169307] i8042: PNP: No PS/2 controller found. Probing ports directly.
Sep  9 14:24:14 kernel: [    1.170179] i8042: No controller found
Sep  9 14:24:14 kernel: [    1.170221] mousedev: PS/2 mouse device common for all mice
Sep  9 14:24:14 kernel: [    1.170320] rtc_cmos 00:06: RTC can wake from S4
Sep  9 14:24:14 kernel: [    1.170408] rtc_cmos 00:06: rtc core: registered rtc_cmos as rtc0
Sep  9 14:24:14 kernel: [    1.170433] rtc0: alarms up to one month, y3k, 242 bytes nvram, hpet irqs
Sep  9 14:24:14 kernel: [    1.170475] device-mapper: uevent: version 1.0.3
Sep  9 14:24:14 kernel: [    1.170517] device-mapper: ioctl: 4.22.0-ioctl (2011-10-19) initialised: dm-devel@redhat.com
Sep  9 14:24:14 kernel: [    1.170575] cpuidle: using governor ladder
Sep  9 14:24:14 kernel: [    1.170660] cpuidle: using governor menu
Sep  9 14:24:14 kernel: [    1.170661] EFI Variables Facility v0.08 2004-May-17
Sep  9 14:24:14 kernel: [    1.170765] TCP cubic registered
Sep  9 14:24:14 kernel: [    1.170822] NET: Registered protocol family 10
Sep  9 14:24:14 kernel: [    1.171068] NET: Registered protocol family 17
Sep  9 14:24:14 kernel: [    1.171076] Registering the dns_resolver key type
Sep  9 14:24:14 kernel: [    1.171232] PM: Hibernation image not present or could not be loaded.
Sep  9 14:24:14 kernel: [    1.171243] registered taskstats version 1
Sep  9 14:24:14 kernel: [    1.203468]   Magic number: 13:552:434
Sep  9 14:24:14 kernel: [    1.203578] rtc_cmos 00:06: setting system clock to 2013-09-09 14:24:13 UTC (1378736653)
Sep  9 14:24:14 kernel: [    1.204218] BIOS EDD facility v0.16 2004-Jun-25, 0 devices found
Sep  9 14:24:14 kernel: [    1.204219] EDD information not available.
Sep  9 14:24:14 kernel: [    1.449110] ata6: SATA link down (SStatus 0 SControl 300)
Sep  9 14:24:14 kernel: [    1.449144] ata3: SATA link down (SStatus 0 SControl 300)
Sep  9 14:24:14 kernel: [    1.449165] ata5: SATA link up 1.5 Gbps (SStatus 113 SControl 300)
Sep  9 14:24:14 kernel: [    1.449184] ata2: SATA link up 3.0 Gbps (SStatus 123 SControl 300)
Sep  9 14:24:14 kernel: [    1.449220] ata4: SATA link down (SStatus 0 SControl 300)
Sep  9 14:24:14 kernel: [    1.449829] ata2.00: ACPI cmd ef/10:06:00:00:00:00 (SET FEATURES) succeeded
Sep  9 14:24:14 kernel: [    1.449835] ata2.00: ACPI cmd f5/00:00:00:00:00:00 (SECURITY FREEZE LOCK) filtered out
Sep  9 14:24:14 kernel: [    1.449839] ata2.00: ACPI cmd b1/c1:00:00:00:00:00 (DEVICE CONFIGURATION OVERLAY) filtered out
Sep  9 14:24:14 kernel: [    1.451122] ata2.00: ATA-9: WDC WD20EZRX-00DC0B0, 80.00A80, max UDMA/133
Sep  9 14:24:14 kernel: [    1.451127] ata2.00: 3907029168 sectors, multi 16: LBA48 NCQ (depth 31/32), AA
Sep  9 14:24:14 kernel: [    1.451799] ata2.00: ACPI cmd ef/10:06:00:00:00:00 (SET FEATURES) succeeded
Sep  9 14:24:14 kernel: [    1.451805] ata2.00: ACPI cmd f5/00:00:00:00:00:00 (SECURITY FREEZE LOCK) filtered out
Sep  9 14:24:14 kernel: [    1.451809] ata2.00: ACPI cmd b1/c1:00:00:00:00:00 (DEVICE CONFIGURATION OVERLAY) filtered out
Sep  9 14:24:14 kernel: [    1.452359] ata2.00: configured for UDMA/133
Sep  9 14:24:14 kernel: [    1.457099] ata1: SATA link up 3.0 Gbps (SStatus 123 SControl 300)
Sep  9 14:24:14 kernel: [    1.457200] ata5.00: ACPI cmd ef/10:06:00:00:00:00 (SET FEATURES) succeeded
Sep  9 14:24:14 kernel: [    1.457206] ata5.00: ACPI cmd f5/00:00:00:00:00:00 (SECURITY FREEZE LOCK) filtered out
Sep  9 14:24:14 kernel: [    1.457210] ata5.00: ACPI cmd b1/c1:00:00:00:00:00 (DEVICE CONFIGURATION OVERLAY) filtered out
Sep  9 14:24:14 kernel: [    1.457725] ata1.00: ACPI cmd ef/10:06:00:00:00:00 (SET FEATURES) succeeded
Sep  9 14:24:14 kernel: [    1.457730] ata1.00: ACPI cmd f5/00:00:00:00:00:00 (SECURITY FREEZE LOCK) filtered out
Sep  9 14:24:14 kernel: [    1.457734] ata1.00: ACPI cmd b1/c1:00:00:00:00:00 (DEVICE CONFIGURATION OVERLAY) filtered out
Sep  9 14:24:14 kernel: [    1.458267] ata1.00: ATA-9: WDC WD20EZRX-00DC0B0, 80.00A80, max UDMA/133
Sep  9 14:24:14 kernel: [    1.458272] ata1.00: 3907029168 sectors, multi 16: LBA48 NCQ (depth 31/32), AA
Sep  9 14:24:14 kernel: [    1.458928] ata1.00: ACPI cmd ef/10:06:00:00:00:00 (SET FEATURES) succeeded
Sep  9 14:24:14 kernel: [    1.458933] ata1.00: ACPI cmd f5/00:00:00:00:00:00 (SECURITY FREEZE LOCK) filtered out
Sep  9 14:24:14 kernel: [    1.458938] ata1.00: ACPI cmd b1/c1:00:00:00:00:00 (DEVICE CONFIGURATION OVERLAY) filtered out
Sep  9 14:24:14 kernel: [    1.459429] ata1.00: configured for UDMA/133
Sep  9 14:24:14 kernel: [    1.459628] scsi 0:0:0:0: Direct-Access     ATA      WDC WD20EZRX-00D 80.0 PQ: 0 ANSI: 5
Sep  9 14:24:14 kernel: [    1.459797] sd 0:0:0:0: Attached scsi generic sg0 type 0
Sep  9 14:24:14 kernel: [    1.459817] sd 0:0:0:0: [sda] 3907029168 512-byte logical blocks: (2.00 TB/1.81 TiB)
Sep  9 14:24:14 kernel: [    1.459819] sd 0:0:0:0: [sda] 4096-byte physical blocks
Sep  9 14:24:14 kernel: [    1.460036] sd 0:0:0:0: [sda] Write Protect is off
Sep  9 14:24:14 kernel: [    1.460047] sd 0:0:0:0: [sda] Mode Sense: 00 3a 00 00
Sep  9 14:24:14 kernel: [    1.460059] scsi 1:0:0:0: Direct-Access     ATA      WDC WD20EZRX-00D 80.0 PQ: 0 ANSI: 5
Sep  9 14:24:14 kernel: [    1.460130] sd 0:0:0:0: [sda] Write cache: enabled, read cache: enabled, doesn't support DPO or FUA
Sep  9 14:24:14 kernel: [    1.460202] sd 1:0:0:0: Attached scsi generic sg1 type 0
Sep  9 14:24:14 kernel: [    1.460214] sd 1:0:0:0: [sdb] 3907029168 512-byte logical blocks: (2.00 TB/1.81 TiB)
Sep  9 14:24:14 kernel: [    1.460216] sd 1:0:0:0: [sdb] 4096-byte physical blocks
Sep  9 14:24:14 kernel: [    1.460381] sd 1:0:0:0: [sdb] Write Protect is off
Sep  9 14:24:14 kernel: [    1.460382] sd 1:0:0:0: [sdb] Mode Sense: 00 3a 00 00
Sep  9 14:24:14 kernel: [    1.460492] sd 1:0:0:0: [sdb] Write cache: enabled, read cache: enabled, doesn't support DPO or FUA
Sep  9 14:24:14 kernel: [    1.461073] usb 1-1: new high-speed USB device number 2 using ehci_hcd
Sep  9 14:24:14 kernel: [    1.463069] ata5.00: ATAPI: TSSTcorp DVD-ROMSN-108AB, FB01, max UDMA/100
Sep  9 14:24:14 kernel: [    1.470168] ata5.00: ACPI cmd ef/10:06:00:00:00:00 (SET FEATURES) succeeded
Sep  9 14:24:14 kernel: [    1.470174] ata5.00: ACPI cmd f5/00:00:00:00:00:00 (SECURITY FREEZE LOCK) filtered out
Sep  9 14:24:14 kernel: [    1.470178] ata5.00: ACPI cmd b1/c1:00:00:00:00:00 (DEVICE CONFIGURATION OVERLAY) filtered out
Sep  9 14:24:14 kernel: [    1.476072] ata5.00: configured for UDMA/100
Sep  9 14:24:14 kernel: [    1.481120] scsi 4:0:0:0: CD-ROM            TSSTcorp DVD-ROM SN-108AB FB01 PQ: 0 ANSI: 5
Sep  9 14:24:14 kernel: [    1.495569] sr0: scsi3-mmc drive: 24x/24x cd/rw xa/form2 cdda tray
Sep  9 14:24:14 kernel: [    1.495573] cdrom: Uniform CD-ROM driver Revision: 3.20
Sep  9 14:24:14 kernel: [    1.495719] sr 4:0:0:0: Attached scsi CD-ROM sr0
Sep  9 14:24:14 kernel: [    1.495811] sr 4:0:0:0: Attached scsi generic sg2 type 5
Sep  9 14:24:14 kernel: [    1.593760] hub 1-1:1.0: USB hub found
Sep  9 14:24:14 kernel: [    1.593837] hub 1-1:1.0: 6 ports detected
Sep  9 14:24:14 kernel: [    1.693037] Refined TSC clocksource calibration: 3092.973 MHz.
Sep  9 14:24:14 kernel: [    1.693043] Switching to clocksource tsc
Sep  9 14:24:14 kernel: [    1.705019] usb 2-1: new high-speed USB device number 2 using ehci_hcd
Sep  9 14:24:14 kernel: [    1.837701] hub 2-1:1.0: USB hub found
Sep  9 14:24:14 kernel: [    1.837771] hub 2-1:1.0: 6 ports detected
Sep  9 14:24:14 kernel: [    1.909145] usb 1-1.1: new low-speed USB device number 3 using ehci_hcd
Sep  9 14:24:14 kernel: [    2.052119]  sdb: unknown partition table
Sep  9 14:24:14 kernel: [    2.052589] sd 1:0:0:0: [sdb] Attached SCSI disk
Sep  9 14:24:14 kernel: [    2.070111]  sda: sda1 sda2 < sda5 >
Sep  9 14:24:14 kernel: [    2.070864] sd 0:0:0:0: [sda] Attached SCSI disk
Sep  9 14:24:14 kernel: [    2.071813] Freeing unused kernel memory: 920k freed
Sep  9 14:24:14 kernel: [    2.071891] Write protecting the kernel read-only data: 12288k
Sep  9 14:24:14 kernel: [    2.075003] Freeing unused kernel memory: 1608k freed
Sep  9 14:24:14 kernel: [    2.077089] usb 1-1.2: new low-speed USB device number 4 using ehci_hcd
Sep  9 14:24:14 kernel: [    2.077346] Freeing unused kernel memory: 1196k freed
Sep  9 14:24:14 kernel: 0>[    2.081140] udevd[102]: starting version 175
Sep  9 14:24:14 kernel: [    2.092078] e1000e: Intel(R) PRO/1000 Network Driver - 1.5.1-k
Sep  9 14:24:14 kernel: [    2.092080] e1000e: Copyright(c) 1999 - 2011 Intel Corporation.
Sep  9 14:24:14 kernel: [    2.092108] e1000e 0000:00:19.0: PCI INT A -> GSI 20 (level, low) -> IRQ 20
Sep  9 14:24:14 kernel: [    2.092117] e1000e 0000:00:19.0: setting latency timer to 64
Sep  9 14:24:14 kernel: [    2.092202] e1000e 0000:00:19.0: irq 42 for MSI/MSI-X
Sep  9 14:24:14 kernel: [    2.100269] input: USB Optical Mouse as /devices/pci0000:00/0000:00:1a.0/usb1/1-1/1-1.1/1-1.1:1.0/input/input2
Sep  9 14:24:14 kernel: [    2.100331] generic-usb 0003:0461:4D0F.0001: input,hidraw0: USB HID v1.11 Mouse [USB Optical Mouse] on usb-0000:00:1a.0-1.1/input0
Sep  9 14:24:14 kernel: [    2.100343] usbcore: registered new interface driver usbhid
Sep  9 14:24:14 kernel: [    2.100344] usbhid: USB HID core driver
Sep  9 14:24:14 kernel: [    2.181432] input: USB Multimedia Keyboard as /devices/pci0000:00/0000:00:1a.0/usb1/1-1/1-1.2/1-1.2:1.0/input/input3
Sep  9 14:24:14 kernel: [    2.181586] generic-usb 0003:0461:4DCB.0002: input,hidraw1: USB HID v1.10 Keyboard [USB Multimedia Keyboard] on usb-0000:00:1a.0-1.2/input0
Sep  9 14:24:14 kernel: [    2.186601] input: USB Multimedia Keyboard as /devices/pci0000:00/0000:00:1a.0/usb1/1-1/1-1.2/1-1.2:1.1/input/input4
Sep  9 14:24:14 kernel: [    2.186748] generic-usb 0003:0461:4DCB.0003: input,hidraw2: USB HID v1.10 Device [USB Multimedia Keyboard] on usb-0000:00:1a.0-1.2/input1
Sep  9 14:24:14 kernel: [    2.402450] e1000e 0000:00:19.0: eth0: (PCI Express:2.5GT/s:Width x1) 00:22:4d:69:07:7e
Sep  9 14:24:14 kernel: [    2.402452] e1000e 0000:00:19.0: eth0: Intel(R) PRO/1000 Network Connection
Sep  9 14:24:14 kernel: [    2.402487] e1000e 0000:00:19.0: eth0: MAC: 10, PHY: 11, PBA No: 313130-031
Sep  9 14:24:14 kernel: [    2.402496] e1000e 0000:02:00.0: Disabling ASPM L0s 
Sep  9 14:24:14 kernel: [    2.402511] e1000e 0000:02:00.0: PCI INT A -> GSI 18 (level, low) -> IRQ 18
Sep  9 14:24:14 kernel: [    2.402534] e1000e 0000:02:00.0: setting latency timer to 64
Sep  9 14:24:14 kernel: [    2.402808] e1000e 0000:02:00.0: irq 43 for MSI/MSI-X
Sep  9 14:24:14 kernel: [    2.402811] e1000e 0000:02:00.0: irq 44 for MSI/MSI-X
Sep  9 14:24:14 kernel: [    2.402814] e1000e 0000:02:00.0: irq 45 for MSI/MSI-X
Sep  9 14:24:14 kernel: [    2.516441] e1000e 0000:02:00.0: eth1: (PCI Express:2.5GT/s:Width x1) 00:22:4d:69:07:7d
Sep  9 14:24:14 kernel: [    2.516443] e1000e 0000:02:00.0: eth1: Intel(R) PRO/1000 Network Connection
Sep  9 14:24:14 kernel: [    2.516528] e1000e 0000:02:00.0: eth1: MAC: 3, PHY: 8, PBA No: 313130-033
Sep  9 14:24:14 debconf-loadtemplate: Database file doesn't exist. Trying to create it
Sep  9 14:24:14 debconf-loadtemplate: Database file doesn't exist. Trying to create it
Sep  9 14:24:14 debconf-loadtemplate: Database file doesn't exist. Trying to create it
Sep  9 14:24:15 debconf-loadtemplate: Question database /var/lib/cdebconf/passwords.dat clean; not saving
Sep  9 14:24:15 frontend: --> SET auto-install/enable true
Sep  9 14:24:15 frontend: <-- 0 value set
Sep  9 14:24:15 frontend: --> METAGET auto-install/enable type
Sep  9 14:24:15 frontend: <-- 0 boolean
Sep  9 14:24:15 frontend: --> FSET auto-install/enable seen true
Sep  9 14:24:15 frontend: <-- 0 true
Sep  9 14:24:15 frontend: --> SET console-setup/ask_detect false
Sep  9 14:24:15 frontend: <-- 0 value set
Sep  9 14:24:15 frontend: --> METAGET console-setup/ask_detect type
Sep  9 14:24:15 frontend: <-- 0 boolean
Sep  9 14:24:15 frontend: --> FSET console-setup/ask_detect seen true
Sep  9 14:24:15 frontend: <-- 0 true
Sep  9 14:24:15 frontend: --> SET console-setup/charmap UTF-8
Sep  9 14:24:15 frontend: <-- 10 console-setup/charmap doesn't exist
Sep  9 14:24:15 frontend: --> REGISTER debian-installer/dummy console-setup/charmap
Sep  9 14:24:15 frontend: <-- 0
Sep  9 14:24:15 frontend: --> SET console-setup/charmap UTF-8
Sep  9 14:24:15 frontend: <-- 0 value set
Sep  9 14:24:15 frontend: --> SUBST console-setup/charmap ID console-setup/charmap
Sep  9 14:24:15 frontend: Adding [ID] -> [console-setup/charmap]
Sep  9 14:24:15 frontend: <-- 0
Sep  9 14:24:15 frontend: --> METAGET console-setup/charmap type
Sep  9 14:24:15 frontend: <-- 0 string
Sep  9 14:24:15 frontend: --> FSET console-setup/charmap seen true
Sep  9 14:24:15 frontend: <-- 0 true
Sep  9 14:24:15 frontend: --> SET console-setup/layoutcode us
Sep  9 14:24:15 frontend: <-- 10 console-setup/layoutcode doesn't exist
Sep  9 14:24:15 frontend: --> REGISTER debian-installer/dummy console-setup/layoutcode
Sep  9 14:24:15 frontend: <-- 0
Sep  9 14:24:15 frontend: --> SET console-setup/layoutcode us
Sep  9 14:24:15 frontend: <-- 0 value set
Sep  9 14:24:15 frontend: --> SUBST console-setup/layoutcode ID console-setup/layoutcode
Sep  9 14:24:15 frontend: Adding [ID] -> [console-setup/layoutcode]
Sep  9 14:24:15 frontend: <-- 0
Sep  9 14:24:15 frontend: --> METAGET console-setup/layoutcode type
Sep  9 14:24:15 frontend: <-- 0 string
Sep  9 14:24:15 frontend: --> FSET console-setup/layoutcode seen true
Sep  9 14:24:15 frontend: <-- 0 true
Sep  9 14:24:15 frontend: --> SET netcfg/get_domain localdomain
Sep  9 14:24:15 frontend: <-- 0 value set
Sep  9 14:24:15 frontend: --> METAGET netcfg/get_domain type
Sep  9 14:24:15 frontend: <-- 0 string
Sep  9 14:24:15 frontend: --> FSET netcfg/get_domain seen true
Sep  9 14:24:15 frontend: <-- 0 true
Sep  9 14:24:15 frontend: --> SET netcfg/get_hostname localhost
Sep  9 14:24:15 frontend: <-- 0 value set
Sep  9 14:24:15 frontend: --> METAGET netcfg/get_hostname type
Sep  9 14:24:15 frontend: <-- 0 string
Sep  9 14:24:15 frontend: --> FSET netcfg/get_hostname seen true
Sep  9 14:24:15 frontend: <-- 0 true
Sep  9 14:24:15 frontend: --> SET netcfg/choose_interface eth0
Sep  9 14:24:15 frontend: <-- 0 value set
Sep  9 14:24:15 frontend: --> METAGET netcfg/choose_interface type
Sep  9 14:24:15 frontend: <-- 0 select
Sep  9 14:24:15 frontend: --> FSET netcfg/choose_interface seen true
Sep  9 14:24:15 frontend: <-- 0 true
Sep  9 14:24:15 frontend: --> SET debian-installer/locale en_US.UTF-8
Sep  9 14:24:15 frontend: <-- 0 value set
Sep  9 14:24:15 frontend: --> METAGET debian-installer/locale type
Sep  9 14:24:15 frontend: <-- 0 select
Sep  9 14:24:15 frontend: --> FSET debian-installer/locale seen true
Sep  9 14:24:15 frontend: <-- 0 true
Sep  9 14:24:15 frontend: --> SET pkgsel/language-pack-patterns pkgsel/install-language-support=false
Sep  9 14:24:15 frontend: <-- 10 pkgsel/language-pack-patterns doesn't exist
Sep  9 14:24:15 frontend: --> REGISTER debian-installer/dummy pkgsel/language-pack-patterns
Sep  9 14:24:15 frontend: <-- 0
Sep  9 14:24:15 frontend: --> SET pkgsel/language-pack-patterns pkgsel/install-language-support=false
Sep  9 14:24:15 frontend: <-- 0 value set
Sep  9 14:24:15 frontend: --> SUBST pkgsel/language-pack-patterns ID pkgsel/language-pack-patterns
Sep  9 14:24:15 frontend: Adding [ID] -> [pkgsel/language-pack-patterns]
Sep  9 14:24:15 frontend: <-- 0
Sep  9 14:24:15 frontend: --> METAGET pkgsel/language-pack-patterns type
Sep  9 14:24:15 frontend: <-- 0 string
Sep  9 14:24:15 frontend: --> FSET pkgsel/language-pack-patterns seen true
Sep  9 14:24:15 frontend: <-- 0 true
Sep  9 14:24:15 frontend: Question database /var/lib/cdebconf/passwords.dat clean; not saving
Sep  9 14:24:15 frontend: Template database /var/lib/cdebconf/templates.dat clean; not saving
Sep  9 14:24:15 frontend: Adding [ID] -> [console-setup/charmap]
Sep  9 14:24:15 frontend: Adding [ID] -> [console-setup/layoutcode]
Sep  9 14:24:15 frontend: Adding [ID] -> [pkgsel/language-pack-patterns]
Sep  9 14:24:15 frontend: --> GET preseed/early_command
Sep  9 14:24:15 frontend: <-- 0 
Sep  9 14:24:15 frontend: Question database /var/lib/cdebconf/questions.dat clean; not saving
Sep  9 14:24:15 frontend: Question database /var/lib/cdebconf/passwords.dat clean; not saving
Sep  9 14:24:15 frontend: Template database /var/lib/cdebconf/templates.dat clean; not saving
Sep  9 14:24:15 frontend: Adding [ID] -> [console-setup/charmap]
Sep  9 14:24:15 frontend: Adding [ID] -> [console-setup/layoutcode]
Sep  9 14:24:15 frontend: Adding [ID] -> [pkgsel/language-pack-patterns]
Sep  9 14:24:15 frontend: --> GET debian-installer/framebuffer
Sep  9 14:24:15 frontend: <-- 0 true
Sep  9 14:24:15 frontend: Question database /var/lib/cdebconf/questions.dat clean; not saving
Sep  9 14:24:15 frontend: Question database /var/lib/cdebconf/passwords.dat clean; not saving
Sep  9 14:24:15 frontend: Template database /var/lib/cdebconf/templates.dat clean; not saving
Sep  9 14:24:15 kernel: [    2.882235] vga16fb: initializing
Sep  9 14:24:15 kernel: [    2.882237] vga16fb: mapped to 0xffff8800000a0000
Sep  9 14:24:15 kernel: [    3.275030] Console: switching to colour frame buffer device 80x30
Sep  9 14:24:15 kernel: [    3.287880] fb0: VGA16 VGA frame buffer device
Sep  9 14:24:15 frontend: Adding [ID] -> [console-setup/charmap]
Sep  9 14:24:15 frontend: Adding [ID] -> [console-setup/layoutcode]
Sep  9 14:24:15 frontend: Adding [ID] -> [pkgsel/language-pack-patterns]
Sep  9 14:24:15 frontend: --> GET auto-install/enable
Sep  9 14:24:15 frontend: <-- 0 true
Sep  9 14:24:15 frontend: --> GET preseed/url
Sep  9 14:24:15 frontend: <-- 0 
Sep  9 14:24:15 frontend: --> GET preseed/file
Sep  9 14:24:15 frontend: <-- 10 preseed/file doesn't exist
Sep  9 14:24:15 frontend: Question database /var/lib/cdebconf/questions.dat clean; not saving
Sep  9 14:24:15 frontend: Question database /var/lib/cdebconf/passwords.dat clean; not saving
Sep  9 14:24:15 frontend: Template database /var/lib/cdebconf/templates.dat clean; not saving
Sep  9 14:24:15 frontend: Adding [ID] -> [console-setup/charmap]
Sep  9 14:24:15 frontend: Adding [ID] -> [console-setup/layoutcode]
Sep  9 14:24:15 frontend: Adding [ID] -> [pkgsel/language-pack-patterns]
Sep  9 14:24:15 frontend: --> GET oem-config/enable
Sep  9 14:24:15 frontend: <-- 0 false
Sep  9 14:24:15 frontend: Question database /var/lib/cdebconf/questions.dat clean; not saving
Sep  9 14:24:15 frontend: Question database /var/lib/cdebconf/passwords.dat clean; not saving
Sep  9 14:24:15 frontend: Template database /var/lib/cdebconf/templates.dat clean; not saving
Sep  9 14:24:15 frontend: Adding [ID] -> [console-setup/charmap]
Sep  9 14:24:15 frontend: Adding [ID] -> [console-setup/layoutcode]
Sep  9 14:24:15 frontend: Adding [ID] -> [pkgsel/language-pack-patterns]
Sep  9 14:24:15 frontend: --> GET rescue/enable
Sep  9 14:24:15 frontend: <-- 0 false
Sep  9 14:24:15 frontend: Question database /var/lib/cdebconf/questions.dat clean; not saving
Sep  9 14:24:15 frontend: Question database /var/lib/cdebconf/passwords.dat clean; not saving
Sep  9 14:24:15 frontend: Template database /var/lib/cdebconf/templates.dat clean; not saving
Sep  9 14:24:15 init: starting pid 365, tty '': '/sbin/reopen-console /sbin/debian-installer'
Sep  9 14:24:15 init: starting pid 368, tty '/dev/tty4': '/usr/bin/tail -f /var/log/syslog'
Sep  9 14:24:15 frontend: Adding [ID] -> [console-setup/charmap]
Sep  9 14:24:15 frontend: Adding [ID] -> [console-setup/layoutcode]
Sep  9 14:24:15 frontend: Adding [ID] -> [pkgsel/language-pack-patterns]
Sep  9 14:24:15 frontend: --> GET debian-installer/framebuffer
Sep  9 14:24:15 frontend: <-- 0 true
Sep  9 14:24:15 frontend: Question database /var/lib/cdebconf/questions.dat clean; not saving
Sep  9 14:24:15 frontend: Question database /var/lib/cdebconf/passwords.dat clean; not saving
Sep  9 14:24:15 frontend: Template database /var/lib/cdebconf/templates.dat clean; not saving
Sep  9 14:24:15 frontend: Adding [ID] -> [console-setup/charmap]
Sep  9 14:24:15 frontend: Adding [ID] -> [console-setup/layoutcode]
Sep  9 14:24:15 frontend: Adding [ID] -> [pkgsel/language-pack-patterns]
Sep  9 14:24:15 frontend: Question database /var/lib/cdebconf/questions.dat clean; not saving
Sep  9 14:24:15 frontend: Question database /var/lib/cdebconf/passwords.dat clean; not saving
Sep  9 14:24:15 frontend: Template database /var/lib/cdebconf/templates.dat clean; not saving
Sep  9 14:24:15 frontend: Adding [ID] -> [console-setup/charmap]
Sep  9 14:24:15 frontend: Adding [ID] -> [console-setup/layoutcode]
Sep  9 14:24:15 frontend: Adding [ID] -> [pkgsel/language-pack-patterns]
Sep  9 14:24:15 frontend: --> GET debian-installer/theme
Sep  9 14:24:15 frontend: <-- 0 
Sep  9 14:24:15 frontend: Question database /var/lib/cdebconf/questions.dat clean; not saving
Sep  9 14:24:15 frontend: Question database /var/lib/cdebconf/passwords.dat clean; not saving
Sep  9 14:24:15 frontend: Template database /var/lib/cdebconf/templates.dat clean; not saving
Sep  9 14:24:16 debconf: Adding [ID] -> [console-setup/charmap]
Sep  9 14:24:16 debconf: Adding [ID] -> [console-setup/layoutcode]
Sep  9 14:24:16 debconf: Adding [ID] -> [pkgsel/language-pack-patterns]
Sep  9 14:24:16 debconf: --> GET debconf/language
Sep  9 14:24:16 debconf: <-- 0 en
Sep  9 14:24:16 debconf: --> SET debconf/language en
Sep  9 14:24:16 debconf: Setting debconf/language to en
Sep  9 14:24:16 debconf: <-- 0 value set
Sep  9 14:24:16 debconf: --> GET debconf/priority
Sep  9 14:24:16 debconf: <-- 0 high
Sep  9 14:24:16 debconf: --> GET oem-config/enable
Sep  9 14:24:16 debconf: <-- 0 false
Sep  9 14:24:16 debconf: --> GET rescue/enable
Sep  9 14:24:16 debconf: <-- 0 false
Sep  9 14:24:16 main-menu[395]: DEBUG: resolver (libc6-udeb): package doesn't exist (ignored)
Sep  9 14:24:16 main-menu[395]: DEBUG: resolver (libnewt0.52): package doesn't exist (ignored)
Sep  9 14:24:16 debconf: --> METAGET debian-installer/localechooser/title Description
Sep  9 14:24:16 debconf: <-- 0 Choose language
Sep  9 14:24:16 debconf: --> METAGET debian-installer/console-setup-udeb/title Description
Sep  9 14:24:16 debconf: <-- 0 Configure the keyboard
Sep  9 14:24:16 debconf: --> METAGET debian-installer/ethdetect/title Description
Sep  9 14:24:16 debconf: <-- 0 Detect network hardware
Sep  9 14:24:16 debconf: --> METAGET debian-installer/netcfg/title Description
Sep  9 14:24:16 debconf: <-- 0 Configure the network
Sep  9 14:24:16 debconf: --> GET preseed/url
Sep  9 14:24:16 debconf: <-- 0 
Sep  9 14:24:16 debconf: --> METAGET debian-installer/network-preseed/title Description
Sep  9 14:24:16 debconf: <-- 0 Download debconf preconfiguration file
Sep  9 14:24:16 debconf: --> METAGET debian-installer/choose-mirror/title Description
Sep  9 14:24:16 debconf: <-- 0 Choose a mirror of the Ubuntu archive
Sep  9 14:24:16 debconf: --> METAGET debian-installer/download-installer/title Description
Sep  9 14:24:16 debconf: <-- 0 Download installer components
Sep  9 14:24:16 debconf: --> METAGET debian-installer/cdebconf-priority/title Description
Sep  9 14:24:16 debconf: <-- 0 Change debconf priority
Sep  9 14:24:16 debconf: --> METAGET debian-installer/save-logs/title Description
Sep  9 14:24:16 debconf: <-- 0 Save debug logs
Sep  9 14:24:16 debconf: --> METAGET debian-installer/di-utils-shell/title Description
Sep  9 14:24:16 debconf: <-- 0 Execute a shell
Sep  9 14:24:16 debconf: --> METAGET debian-installer/di-utils-reboot/title Description
Sep  9 14:24:16 debconf: <-- 0 Abort the installation
Sep  9 14:24:16 debconf: --> SETTITLE debian-installer/main-menu-title
Sep  9 14:24:16 debconf: <-- 0 OK
Sep  9 14:24:16 debconf: --> CAPB
Sep  9 14:24:16 debconf: <-- 0 multiselect backup progresscancel align plugin-terminal plugin-detect-keyboard
Sep  9 14:24:16 debconf: --> SUBST debian-installer/main-menu MENU Choose language, Configure the keyboard, Detect network hardware, Configure the network, Download debconf preconfiguration file, Choose a mirror of the Ubuntu archive, Download install
Sep  9 14:24:16 debconf: Adding [MENU] -> [Choose language, Configure the keyboard, Detect network hardware, Configure the network, Download debconf preconfiguration file, Choose a mirror of the Ubuntu archive, Download installer components, Change de
Sep  9 14:24:16 debconf: <-- 0
Sep  9 14:24:16 debconf: --> METAGET debian-installer/localechooser/title Description
Sep  9 14:24:16 debconf: <-- 0 Choose language
Sep  9 14:24:16 debconf: --> SET debian-installer/main-menu Choose language
Sep  9 14:24:16 debconf: <-- 0 value set
Sep  9 14:24:16 debconf: --> INPUT medium debian-installer/main-menu
Sep  9 14:24:16 debconf: <-- 30 question skipped
Sep  9 14:24:16 debconf: --> GO
Sep  9 14:24:16 debconf: <-- 0 ok
Sep  9 14:24:16 debconf: --> GET debian-installer/main-menu
Sep  9 14:24:16 debconf: <-- 0 Choose language
Sep  9 14:24:16 debconf: --> METAGET debian-installer/localechooser/title Description
Sep  9 14:24:16 debconf: <-- 0 Choose language
Sep  9 14:24:16 main-menu[395]: INFO: Menu item 'localechooser' selected
Sep  9 14:24:16 debconf: --> SETTITLE debian-installer/localechooser/title
Sep  9 14:24:16 debconf: <-- 0 OK
Sep  9 14:24:16 debconf: --> CAPB backup
Sep  9 14:24:16 debconf: <-- 0 multiselect backup progresscancel align plugin-terminal plugin-detect-keyboard
Sep  9 14:24:16 debconf: --> REGISTER debian-installer/language debconf/language
Sep  9 14:24:16 debconf: <-- 0
Sep  9 14:24:16 debconf: --> SUBST localechooser/languagelist CODES C, sq, ar, ast, eu, be, bs, bg, ca, zh_CN, zh_TW, hr, cs, da, nl, en, eo, et, fi, fr, gl, de, el, he, hu, is, id, ga, it, ja, kk, ko, ku, lv, lt, mk, se_NO, nb_NO, nn_NO, fa, pl, pt, 
Sep  9 14:24:16 debconf: Adding [CODES] -> [C, sq, ar, ast, eu, be, bs, bg, ca, zh_CN, zh_TW, hr, cs, da, nl, en, eo, et, fi, fr, gl, de, el, he, hu, is, id, ga, it, ja, kk, ko, ku, lv, lt, mk, se_NO, nb_NO, nn_NO, fa, pl, pt, pt_BR, ro, ru, sr, sk, s
Sep  9 14:24:16 debconf: <-- 0
Sep  9 14:24:16 debconf: --> SUBST localechooser/languagelist NAMES_EN C, Albanian, Arabic, Asturian, Basque, Belarusian, Bosnian, Bulgarian, Catalan, Chinese (Simplified), Chinese (Traditional), Croatian, Czech, Danish, Dutch, English, Esperanto, Est
Sep  9 14:24:16 debconf: Adding [NAMES_EN] -> [C, Albanian, Arabic, Asturian, Basque, Belarusian, Bosnian, Bulgarian, Catalan, Chinese (Simplified), Chinese (Traditional), Croatian, Czech, Danish, Dutch, English, Esperanto, Estonian, Finnish, French, 
Sep  9 14:24:16 debconf: <-- 0
Sep  9 14:24:16 debconf: --> SUBST localechooser/languagelist NAMES_BOTH C${!TAB}-${!TAB}No localization, Albanian${!TAB}-${!TAB}Shqip, Arabic${!TAB}-${!TAB}, Asturian${!TAB}-${!TAB}Asturianu, Basque${!TAB}-${!TAB}Euskara, Belarusian${!TAB}-${
Sep  9 14:24:16 debconf: Adding [NAMES_BOTH] -> [C${!TAB}-${!TAB}No localization, Albanian${!TAB}-${!TAB}Shqip, Arabic${!TAB}-${!TAB}, Asturian${!TAB}-${!TAB}Asturianu, Basque${!TAB}-${!TAB}Euskara, Belarusian${!TAB}-${!TAB}
Sep  9 14:24:16 debconf: <-- 0
Sep  9 14:24:16 debconf: --> GET debian-installer/language
Sep  9 14:24:16 debconf: <-- 0 
Sep  9 14:24:16 debconf: --> GET debian-installer/country
Sep  9 14:24:16 debconf: <-- 0 
Sep  9 14:24:16 debconf: --> GET debian-installer/locale
Sep  9 14:24:16 debconf: <-- 0 en_US.UTF-8
Sep  9 14:24:16 debconf: --> FGET debian-installer/locale seen
Sep  9 14:24:16 debconf: <-- 0 true
Sep  9 14:24:16 localechooser: info: debian-installer/locale preseeded to 'en_US.UTF-8' (seen: true)
Sep  9 14:24:16 debconf: --> FGET debian-installer/locale seen
Sep  9 14:24:16 debconf: <-- 0 true
Sep  9 14:24:16 debconf: --> FSET debian-installer/locale seen false
Sep  9 14:24:16 debconf: <-- 0 false
Sep  9 14:24:16 debconf: --> METAGET localechooser/languagelist Choices-C
Sep  9 14:24:16 debconf: <-- 0 C, sq, ar, ast, eu, be, bs, bg, ca, zh_CN, zh_TW, hr, cs, da, nl, en, eo, et, fi, fr, gl, de, el, he, hu, is, id, ga, it, ja, kk, ko, ku, lv, lt, mk, se_NO, nb_NO, nn_NO, fa, pl, pt, pt_BR, ro, ru, sr, sk, sl, es, sv, tl
Sep  9 14:24:16 debconf: --> METAGET localechooser/languagelist Choices-C
Sep  9 14:24:16 debconf: <-- 0 C, sq, ar, ast, eu, be, bs, bg, ca, zh_CN, zh_TW, hr, cs, da, nl, en, eo, et, fi, fr, gl, de, el, he, hu, is, id, ga, it, ja, kk, ko, ku, lv, lt, mk, se_NO, nb_NO, nn_NO, fa, pl, pt, pt_BR, ro, ru, sr, sk, sl, es, sv, tl
Sep  9 14:24:16 debconf: --> SET localechooser/languagelist en
Sep  9 14:24:16 debconf: <-- 0 value set
Sep  9 14:24:16 localechooser: info: Set localechooser/languagelist = 'en'
Sep  9 14:24:16 debconf: --> FSET localechooser/languagelist seen true
Sep  9 14:24:16 debconf: <-- 0 true
Sep  9 14:24:16 debconf: --> SET debian-installer/country US
Sep  9 14:24:16 debconf: <-- 0 value set
Sep  9 14:24:16 localechooser: info: Set debian-installer/country = 'US'
Sep  9 14:24:16 debconf: --> FSET debian-installer/country seen true
Sep  9 14:24:16 debconf: <-- 0 true
Sep  9 14:24:16 debconf: --> SET debian-installer/locale en_US.UTF-8
Sep  9 14:24:16 debconf: <-- 0 value set
Sep  9 14:24:16 debconf: --> FSET debian-installer/locale seen true
Sep  9 14:24:16 debconf: <-- 0 true
Sep  9 14:24:16 debconf: --> FSET localechooser/supported-locales seen true
Sep  9 14:24:16 debconf: <-- 0 true
Sep  9 14:24:16 localechooser: info: Set debian-installer/locale = 'en_US.UTF-8'
Sep  9 14:24:16 debconf: --> FGET localechooser/languagelist seen
Sep  9 14:24:16 debconf: <-- 0 true
Sep  9 14:24:16 debconf: --> GET localechooser/languagelist
Sep  9 14:24:16 debconf: <-- 0 en
Sep  9 14:24:16 debconf: --> SETTITLE localechooser/title/language
Sep  9 14:24:16 debconf: <-- 0 OK
Sep  9 14:24:16 debconf: --> SET debconf/language en
Sep  9 14:24:16 debconf: Setting debconf/language to en
Sep  9 14:24:16 debconf: <-- 0 value set
Sep  9 14:24:16 debconf: --> GET localechooser/languagelist
Sep  9 14:24:16 debconf: <-- 0 en
Sep  9 14:24:16 debconf: --> GET debian-installer/language
Sep  9 14:24:16 debconf: <-- 0 
Sep  9 14:24:16 debconf: --> CAPB backup align
Sep  9 14:24:16 debconf: <-- 0 multiselect backup progresscancel align plugin-terminal plugin-detect-keyboard
Sep  9 14:24:16 debconf: --> INPUT critical localechooser/languagelist
Sep  9 14:24:16 debconf: <-- 30 question skipped
Sep  9 14:24:16 debconf: --> GO
Sep  9 14:24:16 debconf: <-- 0 ok
Sep  9 14:24:16 debconf: --> CAPB backup
Sep  9 14:24:16 debconf: <-- 0 multiselect backup progresscancel align plugin-terminal plugin-detect-keyboard
Sep  9 14:24:16 debconf: --> GET localechooser/languagelist
Sep  9 14:24:16 debconf: <-- 0 en
Sep  9 14:24:16 debconf: --> SET debconf/language
Sep  9 14:24:16 debconf: Setting debconf/language to 
Sep  9 14:24:16 debconf: <-- 0 value set
Sep  9 14:24:16 debconf: --> GET debconf/priority
Sep  9 14:24:16 debconf: <-- 0 high
Sep  9 14:24:16 debconf: --> GO
Sep  9 14:24:16 debconf: <-- 0 ok
Sep  9 14:24:16 debconf: --> CAPB backup
Sep  9 14:24:16 debconf: <-- 0 multiselect backup progresscancel align plugin-terminal plugin-detect-keyboard
Sep  9 14:24:16 debconf: --> FSET debian-installer/language seen false
Sep  9 14:24:16 debconf: <-- 0 false
Sep  9 14:24:16 debconf: --> METAGET localechooser/text/country/1/country description
Sep  9 14:24:16 debconf: <-- 0 Country, territory or area:
Sep  9 14:24:16 debconf: --> METAGET localechooser/text/country/2 description
Sep  9 14:24:16 debconf: <-- 0 The selected location will be used to set your time zone and also for example to help select the system locale. Normally this should be the country where you live.
Sep  9 14:24:16 debconf: --> GO
Sep  9 14:24:16 debconf: <-- 0 ok
Sep  9 14:24:16 debconf: --> CAPB backup
Sep  9 14:24:16 debconf: <-- 0 multiselect backup progresscancel align plugin-terminal plugin-detect-keyboard
Sep  9 14:24:16 debconf: --> SETTITLE localechooser/title/location
Sep  9 14:24:16 debconf: <-- 0 OK
Sep  9 14:24:16 debconf: --> GET debian-installer/country
Sep  9 14:24:16 debconf: <-- 0 US
Sep  9 14:24:16 debconf: --> GO
Sep  9 14:24:16 debconf: <-- 0 ok
Sep  9 14:24:16 debconf: --> CAPB backup
Sep  9 14:24:16 debconf: <-- 0 multiselect backup progresscancel align plugin-terminal plugin-detect-keyboard
Sep  9 14:24:16 debconf: --> METAGET localechooser/continentlist Choices-C
Sep  9 14:24:16 debconf: <-- 0 Africa, Antarctica, Asia, Atlantic Ocean, Caribbean, Central America, Europe, Indian Ocean, North America, Oceania, South America, other
Sep  9 14:24:16 debconf: --> METAGET localechooser/countrylist/Africa Choices-C
Sep  9 14:24:16 debconf: <-- 0 DZ, AO, BJ, BW, BF, BI, CM, CV, CF, TD, CG, CD, DJ, EG, GQ, ER, ET, GA, GM, GH, GN, GW, KE, LS, LR, LY, MW, ML, MR, MA, MZ, NA, NE, NG, RW, ST, SN, SL, SO, ZA, SD, SZ, TZ, TG, TN, UG, EH, ZM, ZW
Sep  9 14:24:16 debconf: --> METAGET localechooser/countrylist/Antarctica Choices-C
Sep  9 14:24:16 debconf: <-- 0 AQ
Sep  9 14:24:16 debconf: --> METAGET localechooser/countrylist/Asia Choices-C
Sep  9 14:24:16 debconf: <-- 0 AF, BH, BD, BT, BN, KH, CN, HK, IN, ID, IR, IQ, IL, JP, JO, KZ, KP, KR, KW, KG, LA, LB, MO, MY, MN, MM, NP, OM, PK, PS, PH, QA, SA, SG, LK, SY, TW, TJ, TH, TL, TR, TM, AE, UZ, VN, YE
Sep  9 14:24:16 debconf: --> METAGET localechooser/countrylist/Atlantic_Ocean Choices-C
Sep  9 14:24:16 debconf: <-- 0 BV, FK, SH, GS
Sep  9 14:24:16 debconf: --> METAGET localechooser/countrylist/Caribbean Choices-C
Sep  9 14:24:16 debconf: <-- 0 AI, AG, AW, BS, BB, BM, KY, CU, DM, DO, GD, GP, HT, JM, MQ, MS, PR, KN, LC, MF, VC, TT, TC, VG, VI
Sep  9 14:24:16 debconf: --> METAGET localechooser/countrylist/Central_America Choices-C
Sep  9 14:24:16 debconf: <-- 0 BZ, CR, SV, GT, HN, NI, PA
Sep  9 14:24:16 debconf: --> METAGET localechooser/countrylist/Europe Choices-C
Sep  9 14:24:16 debconf: <-- 0 AL, AD, AM, AT, AZ, BY, BE, BA, BG, HR, CY, CZ, DK, EE, FO, FI, FR, GE, DE, GI, GR, GL, GG, VA, HU, IS, IE, IM, IT, JE, LV, LI, LT, LU, MK, MT, MD, MC, ME, NL, NO, PL, PT, RO, RU, SM, RS, SK, SI, ES, SJ, SE, CH, UA, GB
Sep  9 14:24:16 debconf: --> METAGET localechooser/countrylist/Indian_Ocean Choices-C
Sep  9 14:24:16 debconf: <-- 0 IO, CX, CC, KM, TF, HM, MG, MV, MU, YT, RE, SC
Sep  9 14:24:16 debconf: --> METAGET localechooser/countrylist/North_America Choices-C
Sep  9 14:24:16 debconf: <-- 0 CA, MX, PM, US
Sep  9 14:24:16 debconf: --> SET localechooser/continentlist North America
Sep  9 14:24:16 debconf: <-- 0 value set
Sep  9 14:24:16 debconf: --> FGET debian-installer/country seen
Sep  9 14:24:16 debconf: <-- 0 true
Sep  9 14:24:16 debconf: --> FSET localechooser/continentlist seen true
Sep  9 14:24:16 debconf: <-- 0 true
Sep  9 14:24:16 debconf: --> METAGET localechooser/text/country/1/continent description
Sep  9 14:24:16 debconf: <-- 0 Continent or region:
Sep  9 14:24:16 debconf: --> SUBST localechooser/continentlist TXT1 Continent or region:
Sep  9 14:24:16 debconf: Adding [TXT1] -> [Continent or region:]
Sep  9 14:24:16 debconf: <-- 0
Sep  9 14:24:16 debconf: --> SUBST localechooser/continentlist TXT2 The selected location will be used to set your time zone and also for example to help select the system locale. Normally this should be the country where you live.
Sep  9 14:24:16 debconf: Adding [TXT2] -> [The selected location will be used to set your time zone and also for example to help select the system locale. Normally this should be the country where you live.]
Sep  9 14:24:16 debconf: <-- 0
Sep  9 14:24:16 debconf: --> METAGET localechooser/text/country/3/continent description
Sep  9 14:24:16 debconf: <-- 0 Select the continent or region to which your location belongs.
Sep  9 14:24:16 debconf: --> SUBST localechooser/continentlist TXT3 Select the continent or region to which your location belongs.
Sep  9 14:24:16 debconf: Adding [TXT3] -> [Select the continent or region to which your location belongs.]
Sep  9 14:24:16 debconf: <-- 0
Sep  9 14:24:16 debconf: --> INPUT critical localechooser/continentlist
Sep  9 14:24:16 debconf: <-- 30 question skipped
Sep  9 14:24:16 debconf: --> GO
Sep  9 14:24:16 debconf: <-- 0 ok
Sep  9 14:24:16 debconf: --> CAPB backup
Sep  9 14:24:16 debconf: <-- 0 multiselect backup progresscancel align plugin-terminal plugin-detect-keyboard
Sep  9 14:24:16 debconf: --> GET localechooser/continentlist
Sep  9 14:24:16 debconf: <-- 0 North America
Sep  9 14:24:16 debconf: --> FGET debian-installer/country seen
Sep  9 14:24:16 debconf: <-- 0 true
Sep  9 14:24:16 debconf: --> FSET localechooser/countrylist/North_America seen true
Sep  9 14:24:16 debconf: <-- 0 true
Sep  9 14:24:16 debconf: --> SUBST localechooser/countrylist/North_America TXT1 Country, territory or area:
Sep  9 14:24:16 debconf: Adding [TXT1] -> [Country, territory or area:]
Sep  9 14:24:16 debconf: <-- 0
Sep  9 14:24:16 debconf: --> SUBST localechooser/countrylist/North_America TXT2 The selected location will be used to set your time zone and also for example to help select the system locale. Normally this should be the country where you live.
Sep  9 14:24:16 debconf: Adding [TXT2] -> [The selected location will be used to set your time zone and also for example to help select the system locale. Normally this should be the country where you live.]
Sep  9 14:24:16 debconf: <-- 0
Sep  9 14:24:16 debconf: --> METAGET localechooser/text/country/3/country description
Sep  9 14:24:16 debconf: <-- 0 Listed are locations for: %s. Use the <Go Back> option to select a different continent or region if your location is not listed.
Sep  9 14:24:16 debconf: --> METAGET localechooser/continentlist Choices-C
Sep  9 14:24:16 debconf: <-- 0 Africa, Antarctica, Asia, Atlantic Ocean, Caribbean, Central America, Europe, Indian Ocean, North America, Oceania, South America, other
Sep  9 14:24:16 debconf: --> METAGET localechooser/continentlist Choices
Sep  9 14:24:16 debconf: <-- 0 Africa, Antarctica, Asia, Atlantic Ocean, Caribbean, Central America, Europe, Indian Ocean, North America, Oceania, South America, other
Sep  9 14:24:16 debconf: --> SUBST localechooser/countrylist/North_America TXT3 Listed are locations for: North America. Use the <Go Back> option to select a different continent or region if your location is not listed.
Sep  9 14:24:16 debconf: Adding [TXT3] -> [Listed are locations for: North America. Use the <Go Back> option to select a different continent or region if your location is not listed.]
Sep  9 14:24:16 debconf: <-- 0
Sep  9 14:24:16 debconf: --> METAGET localechooser/countrylist/North_America Choices-C
Sep  9 14:24:16 debconf: <-- 0 CA, MX, PM, US
Sep  9 14:24:16 debconf: --> SET localechooser/countrylist/North_America US
Sep  9 14:24:16 debconf: <-- 0 value set
Sep  9 14:24:16 debconf: --> INPUT critical localechooser/countrylist/North_America
Sep  9 14:24:16 debconf: <-- 30 question skipped
Sep  9 14:24:16 debconf: --> GO
Sep  9 14:24:16 debconf: <-- 0 ok
Sep  9 14:24:16 debconf: --> CAPB backup
Sep  9 14:24:16 debconf: <-- 0 multiselect backup progresscancel align plugin-terminal plugin-detect-keyboard
Sep  9 14:24:16 debconf: --> GET localechooser/countrylist/North_America
Sep  9 14:24:16 debconf: <-- 0 US
Sep  9 14:24:16 debconf: --> GO
Sep  9 14:24:16 debconf: <-- 0 ok
Sep  9 14:24:16 debconf: --> CAPB backup
Sep  9 14:24:16 debconf: <-- 0 multiselect backup progresscancel align plugin-terminal plugin-detect-keyboard
Sep  9 14:24:16 debconf: --> SET debian-installer/country US
Sep  9 14:24:16 debconf: <-- 0 value set
Sep  9 14:24:16 localechooser: info: Set debian-installer/country = 'US'
Sep  9 14:24:16 debconf: --> FSET debian-installer/country seen false
Sep  9 14:24:16 debconf: <-- 0 false
Sep  9 14:24:16 debconf: --> GET debian-installer/locale
Sep  9 14:24:16 debconf: <-- 0 en_US.UTF-8
Sep  9 14:24:16 localechooser: info: Preseeded debian-installer/locale = 'en_US.UTF-8'
Sep  9 14:24:16 debconf: --> GO
Sep  9 14:24:16 debconf: <-- 0 ok
Sep  9 14:24:16 debconf: --> CAPB backup
Sep  9 14:24:16 debconf: <-- 0 multiselect backup progresscancel align plugin-terminal plugin-detect-keyboard
Sep  9 14:24:16 debconf: --> SETTITLE localechooser/title/locale
Sep  9 14:24:16 debconf: <-- 0 OK
Sep  9 14:24:16 debconf: --> GO
Sep  9 14:24:16 debconf: <-- 0 ok
Sep  9 14:24:16 debconf: --> CAPB backup
Sep  9 14:24:16 debconf: <-- 0 multiselect backup progresscancel align plugin-terminal plugin-detect-keyboard
Sep  9 14:24:16 debconf: --> SET debian-installer/locale en_US.UTF-8
Sep  9 14:24:16 debconf: <-- 0 value set
Sep  9 14:24:16 localechooser: info: Set debian-installer/locale = 'en_US.UTF-8'
Sep  9 14:24:16 debconf: --> GET localechooser/supported-locales
Sep  9 14:24:16 debconf: <-- 0 
Sep  9 14:24:16 debconf: --> SET localechooser/supported-locales en_US.UTF-8
Sep  9 14:24:16 debconf: <-- 0 value set
Sep  9 14:24:16 debconf: --> SUBST localechooser/supported-locales LOCALE en_US.UTF-8
Sep  9 14:24:16 debconf: Adding [LOCALE] -> [en_US.UTF-8]
Sep  9 14:24:16 debconf: <-- 0
Sep  9 14:24:16 debconf: --> SUBST localechooser/supported-locales LOCALELIST aa_DJ.UTF-8, aa_DJ, aa_ER, aa_ER@saaho, aa_ET, af_ZA.UTF-8, af_ZA, am_ET, an_ES.UTF-8, an_ES, ar_AE.UTF-8, ar_AE, ar_BH.UTF-8, ar_BH, ar_DZ.UTF-8, ar_DZ, ar_EG.UTF-8, ar_EG,
Sep  9 14:24:16 debconf: Adding [LOCALELIST] -> [aa_DJ.UTF-8, aa_DJ, aa_ER, aa_ER@saaho, aa_ET, af_ZA.UTF-8, af_ZA, am_ET, an_ES.UTF-8, an_ES, ar_AE.UTF-8, ar_AE, ar_BH.UTF-8, ar_BH, ar_DZ.UTF-8, ar_DZ, ar_EG.UTF-8, ar_EG, ar_IN, ar_IQ.UTF-8, ar_IQ, a
Sep  9 14:24:16 debconf: <-- 0
Sep  9 14:24:16 debconf: --> INPUT low localechooser/supported-locales
Sep  9 14:24:16 debconf: <-- 30 question skipped
